Archive member included to satisfy reference by file (symbol)

/usr/lib/x86_64-linux-gnu/libc_nonshared.a(elf-init.oS)
                              /usr/lib/gcc/x86_64-linux-gnu/7/../../../x86_64-linux-gnu/Scrt1.o (__libc_csu_init)

As-needed library included to satisfy reference by file (symbol)

libm.so.6                     build/py/objfloat.o (fmod@@GLIBC_2.2.5)
libc.so.6                     build/main.o (__printf_chk@@GLIBC_2.3.4)

Allocating common symbols
Common symbol       size              file

mp_state_ctx        0x350             build/py/mpstate.o

Discarded input sections

 .rodata.cst4   0x0000000000000000        0x4 /usr/lib/gcc/x86_64-linux-gnu/7/../../../x86_64-linux-gnu/Scrt1.o
 .data          0x0000000000000000        0x4 /usr/lib/gcc/x86_64-linux-gnu/7/../../../x86_64-linux-gnu/Scrt1.o
 .bss           0x0000000000000000        0x0 /usr/lib/gcc/x86_64-linux-gnu/7/../../../x86_64-linux-gnu/Scrt1.o
 .note.GNU-stack
                0x0000000000000000        0x0 /usr/lib/gcc/x86_64-linux-gnu/7/../../../x86_64-linux-gnu/Scrt1.o
 .text          0x0000000000000000        0x0 /usr/lib/gcc/x86_64-linux-gnu/7/../../../x86_64-linux-gnu/crti.o
 .data          0x0000000000000000        0x0 /usr/lib/gcc/x86_64-linux-gnu/7/../../../x86_64-linux-gnu/crti.o
 .bss           0x0000000000000000        0x0 /usr/lib/gcc/x86_64-linux-gnu/7/../../../x86_64-linux-gnu/crti.o
 .note.GNU-stack
                0x0000000000000000        0x0 /usr/lib/gcc/x86_64-linux-gnu/7/../../../x86_64-linux-gnu/crti.o
 .data          0x0000000000000000        0x0 /usr/lib/gcc/x86_64-linux-gnu/7/crtbeginS.o
 .note.GNU-stack
                0x0000000000000000        0x0 /usr/lib/gcc/x86_64-linux-gnu/7/crtbeginS.o
 .text          0x0000000000000000        0x0 build/py/mpstate.o
 .data          0x0000000000000000        0x0 build/py/mpstate.o
 .bss           0x0000000000000000        0x0 build/py/mpstate.o
 .note.GNU-stack
                0x0000000000000000        0x0 build/py/mpstate.o
 .text          0x0000000000000000        0x0 build/py/nlr.o
 .data          0x0000000000000000        0x0 build/py/nlr.o
 .bss           0x0000000000000000        0x0 build/py/nlr.o
 .note.GNU-stack
                0x0000000000000000        0x0 build/py/nlr.o
 .text          0x0000000000000000        0x0 build/py/nlrx86.o
 .data          0x0000000000000000        0x0 build/py/nlrx86.o
 .bss           0x0000000000000000        0x0 build/py/nlrx86.o
 .comment       0x0000000000000000       0x2a build/py/nlrx86.o
 .note.GNU-stack
                0x0000000000000000        0x0 build/py/nlrx86.o
 .text          0x0000000000000000        0x0 build/py/nlrx64.o
 .data          0x0000000000000000        0x0 build/py/nlrx64.o
 .bss           0x0000000000000000        0x0 build/py/nlrx64.o
 .note.GNU-stack
                0x0000000000000000        0x0 build/py/nlrx64.o
 .text          0x0000000000000000        0x0 build/py/nlrthumb.o
 .data          0x0000000000000000        0x0 build/py/nlrthumb.o
 .bss           0x0000000000000000        0x0 build/py/nlrthumb.o
 .comment       0x0000000000000000       0x2a build/py/nlrthumb.o
 .note.GNU-stack
                0x0000000000000000        0x0 build/py/nlrthumb.o
 .text          0x0000000000000000        0x0 build/py/nlrpowerpc.o
 .data          0x0000000000000000        0x0 build/py/nlrpowerpc.o
 .bss           0x0000000000000000        0x0 build/py/nlrpowerpc.o
 .comment       0x0000000000000000       0x2a build/py/nlrpowerpc.o
 .note.GNU-stack
                0x0000000000000000        0x0 build/py/nlrpowerpc.o
 .text          0x0000000000000000        0x0 build/py/nlrxtensa.o
 .data          0x0000000000000000        0x0 build/py/nlrxtensa.o
 .bss           0x0000000000000000        0x0 build/py/nlrxtensa.o
 .comment       0x0000000000000000       0x2a build/py/nlrxtensa.o
 .note.GNU-stack
                0x0000000000000000        0x0 build/py/nlrxtensa.o
 .text          0x0000000000000000        0x0 build/py/nlrsetjmp.o
 .data          0x0000000000000000        0x0 build/py/nlrsetjmp.o
 .bss           0x0000000000000000        0x0 build/py/nlrsetjmp.o
 .comment       0x0000000000000000       0x2a build/py/nlrsetjmp.o
 .note.GNU-stack
                0x0000000000000000        0x0 build/py/nlrsetjmp.o
 .text          0x0000000000000000        0x0 build/py/malloc.o
 .data          0x0000000000000000        0x0 build/py/malloc.o
 .bss           0x0000000000000000        0x0 build/py/malloc.o
 .note.GNU-stack
                0x0000000000000000        0x0 build/py/malloc.o
 .text          0x0000000000000000        0x0 build/py/gc.o
 .data          0x0000000000000000        0x0 build/py/gc.o
 .bss           0x0000000000000000        0x0 build/py/gc.o
 .text.gc_lock  0x0000000000000000        0x9 build/py/gc.o
 .text.gc_unlock
                0x0000000000000000        0x9 build/py/gc.o
 .text.gc_sweep_all
                0x0000000000000000       0x17 build/py/gc.o
[...]
Memory Configuration

Name             Origin             Length             Attributes
*default*        0x0000000000000000 0xffffffffffffffff

Linker script and memory map

LOAD /usr/lib/gcc/x86_64-linux-gnu/7/../../../x86_64-linux-gnu/Scrt1.o
LOAD /usr/lib/gcc/x86_64-linux-gnu/7/../../../x86_64-linux-gnu/crti.o
LOAD /usr/lib/gcc/x86_64-linux-gnu/7/crtbeginS.o
LOAD build/py/mpstate.o
LOAD build/py/nlr.o
LOAD build/py/nlrx86.o
LOAD build/py/nlrx64.o
LOAD build/py/nlrthumb.o
LOAD build/py/nlrpowerpc.o
LOAD build/py/nlrxtensa.o
LOAD build/py/nlrsetjmp.o
LOAD build/py/malloc.o
LOAD build/py/gc.o
LOAD build/py/pystack.o
LOAD build/py/qstr.o
LOAD build/py/vstr.o
LOAD build/py/mpprint.o
LOAD build/py/unicode.o
LOAD build/py/mpz.o
LOAD build/py/reader.o
LOAD build/py/lexer.o
LOAD build/py/parse.o
LOAD build/py/scope.o
LOAD build/py/compile.o
LOAD build/py/emitcommon.o
LOAD build/py/emitbc.o
LOAD build/py/asmbase.o
LOAD build/py/asmx64.o
LOAD build/py/emitnx64.o
LOAD build/py/asmx86.o
LOAD build/py/emitnx86.o
LOAD build/py/asmthumb.o
LOAD build/py/emitnthumb.o
LOAD build/py/emitinlinethumb.o
LOAD build/py/asmarm.o
LOAD build/py/emitnarm.o
LOAD build/py/asmxtensa.o
LOAD build/py/emitnxtensa.o
LOAD build/py/emitinlinextensa.o
LOAD build/py/emitnxtensawin.o
LOAD build/py/formatfloat.o
LOAD build/py/parsenumbase.o
LOAD build/py/parsenum.o
LOAD build/py/emitglue.o
LOAD build/py/persistentcode.o
LOAD build/py/runtime.o
LOAD build/py/runtime_utils.o
LOAD build/py/scheduler.o
LOAD build/py/nativeglue.o
LOAD build/py/pairheap.o
LOAD build/py/ringbuf.o
LOAD build/py/stackctrl.o
LOAD build/py/argcheck.o
LOAD build/py/warning.o
LOAD build/py/profile.o
LOAD build/py/map.o
LOAD build/py/obj.o
LOAD build/py/objarray.o
LOAD build/py/objattrtuple.o
LOAD build/py/objbool.o
LOAD build/py/objboundmeth.o
LOAD build/py/objcell.o
LOAD build/py/objclosure.o
LOAD build/py/objcomplex.o
LOAD build/py/objdeque.o
LOAD build/py/objdict.o
LOAD build/py/objenumerate.o
LOAD build/py/objexcept.o
LOAD build/py/objfilter.o
LOAD build/py/objfloat.o
LOAD build/py/objfun.o
LOAD build/py/objgenerator.o
LOAD build/py/objgetitemiter.o
LOAD build/py/objint.o
LOAD build/py/objint_longlong.o
LOAD build/py/objint_mpz.o
LOAD build/py/objlist.o
LOAD build/py/objmap.o
LOAD build/py/objmodule.o
LOAD build/py/objobject.o
LOAD build/py/objpolyiter.o
LOAD build/py/objproperty.o
LOAD build/py/objnone.o
LOAD build/py/objnamedtuple.o
LOAD build/py/objrange.o
LOAD build/py/objreversed.o
LOAD build/py/objset.o
LOAD build/py/objsingleton.o
LOAD build/py/objslice.o
LOAD build/py/objstr.o
LOAD build/py/objstrunicode.o
LOAD build/py/objstringio.o
LOAD build/py/objtuple.o
LOAD build/py/objtype.o
LOAD build/py/objzip.o
LOAD build/py/opmethods.o
LOAD build/py/sequence.o
LOAD build/py/stream.o
LOAD build/py/binary.o
LOAD build/py/builtinimport.o
LOAD build/py/builtinevex.o
LOAD build/py/builtinhelp.o
LOAD build/py/modarray.o
LOAD build/py/modbuiltins.o
LOAD build/py/modcollections.o
LOAD build/py/modgc.o
LOAD build/py/modio.o
LOAD build/py/modmath.o
LOAD build/py/modcmath.o
LOAD build/py/modmicropython.o
LOAD build/py/modstruct.o
LOAD build/py/modsys.o
LOAD build/py/moduerrno.o
LOAD build/py/modthread.o
LOAD build/py/vm.o
LOAD build/py/bc.o
LOAD build/py/showbc.o
LOAD build/py/repl.o
LOAD build/py/smallint.o
LOAD build/py/frozenmod.o
LOAD build/main.o
LOAD build/gccollect.o
LOAD build/lib/utils/gchelper_generic.o
LOAD /usr/lib/gcc/x86_64-linux-gnu/7/../../../x86_64-linux-gnu/libm.so
START GROUP
LOAD /lib/x86_64-linux-gnu/libm.so.6
LOAD /usr/lib/x86_64-linux-gnu/libmvec_nonshared.a
LOAD /lib/x86_64-linux-gnu/libmvec.so.1
END GROUP
LOAD /usr/lib/gcc/x86_64-linux-gnu/7/libgcc.a
LOAD /usr/lib/gcc/x86_64-linux-gnu/7/libgcc_s.so
START GROUP
LOAD /usr/lib/gcc/x86_64-linux-gnu/7/libgcc_s.so.1
LOAD /usr/lib/gcc/x86_64-linux-gnu/7/libgcc.a
END GROUP
LOAD /usr/lib/gcc/x86_64-linux-gnu/7/../../../x86_64-linux-gnu/libc.so
START GROUP
LOAD /lib/x86_64-linux-gnu/libc.so.6
LOAD /usr/lib/x86_64-linux-gnu/libc_nonshared.a
LOAD /lib/x86_64-linux-gnu/ld-linux-x86-64.so.2
END GROUP
LOAD /usr/lib/gcc/x86_64-linux-gnu/7/libgcc.a
LOAD /usr/lib/gcc/x86_64-linux-gnu/7/libgcc_s.so
START GROUP
LOAD /usr/lib/gcc/x86_64-linux-gnu/7/libgcc_s.so.1
LOAD /usr/lib/gcc/x86_64-linux-gnu/7/libgcc.a
END GROUP
LOAD /usr/lib/gcc/x86_64-linux-gnu/7/crtendS.o
LOAD /usr/lib/gcc/x86_64-linux-gnu/7/../../../x86_64-linux-gnu/crtn.o
                [!provide]                        PROVIDE (__executable_start = SEGMENT_START ("text-segment", 0x0))
                0x0000000000000238                . = (SEGMENT_START ("text-segment", 0x0) + SIZEOF_HEADERS)

.interp         0x0000000000000238       0x1c
 *(.interp)
 .interp        0x0000000000000238       0x1c /usr/lib/gcc/x86_64-linux-gnu/7/../../../x86_64-linux-gnu/Scrt1.o

.note.ABI-tag   0x0000000000000254       0x20
 .note.ABI-tag  0x0000000000000254       0x20 /usr/lib/gcc/x86_64-linux-gnu/7/../../../x86_64-linux-gnu/Scrt1.o

.note.gnu.build-id
                0x0000000000000274       0x24
 *(.note.gnu.build-id)
 .note.gnu.build-id
                0x0000000000000274       0x24 /usr/lib/gcc/x86_64-linux-gnu/7/../../../x86_64-linux-gnu/Scrt1.o

.hash
 *(.hash)

.gnu.hash       0x0000000000000298       0x24
 *(.gnu.hash)
 .gnu.hash      0x0000000000000298       0x24 /usr/lib/gcc/x86_64-linux-gnu/7/../../../x86_64-linux-gnu/Scrt1.o

.dynsym         0x00000000000002c0      0x348
 *(.dynsym)
 .dynsym        0x00000000000002c0      0x348 /usr/lib/gcc/x86_64-linux-gnu/7/../../../x86_64-linux-gnu/Scrt1.o

.dynstr         0x0000000000000608      0x184
 *(.dynstr)
 .dynstr        0x0000000000000608      0x184 /usr/lib/gcc/x86_64-linux-gnu/7/../../../x86_64-linux-gnu/Scrt1.o

.gnu.version    0x000000000000078c       0x46
 *(.gnu.version)
 .gnu.version   0x000000000000078c       0x46 /usr/lib/gcc/x86_64-linux-gnu/7/../../../x86_64-linux-gnu/Scrt1.o

.gnu.version_d  0x00000000000007d8        0x0
 *(.gnu.version_d)
 .gnu.version_d
                0x00000000000007d8        0x0 /usr/lib/gcc/x86_64-linux-gnu/7/../../../x86_64-linux-gnu/Scrt1.o

.gnu.version_r  0x00000000000007d8       0x70
 *(.gnu.version_r)
 .gnu.version_r
                0x00000000000007d8       0x70 /usr/lib/gcc/x86_64-linux-gnu/7/../../../x86_64-linux-gnu/Scrt1.o

.rela.dyn       0x0000000000000848     0x7c38
 *(.rela.init)
 *(.rela.text .rela.text.* .rela.gnu.linkonce.t.*)
 .rela.text.nlr_push_tail
                0x0000000000000848        0x0 /usr/lib/gcc/x86_64-linux-gnu/7/../../../x86_64-linux-gnu/Scrt1.o
 .rela.text.nlr_pop
                0x0000000000000848        0x0 /usr/lib/gcc/x86_64-linux-gnu/7/../../../x86_64-linux-gnu/Scrt1.o
 .rela.text.nlr_jump
                0x0000000000000848        0x0 /usr/lib/gcc/x86_64-linux-gnu/7/../../../x86_64-linux-gnu/Scrt1.o
 .rela.text.gc_mark_subtree
                0x0000000000000848        0x0 /usr/lib/gcc/x86_64-linux-gnu/7/../../../x86_64-linux-gnu/Scrt1.o
 .rela.text.gc_free.part.0
                0x0000000000000848        0x0 /usr/lib/gcc/x86_64-linux-gnu/7/../../../x86_64-linux-gnu/Scrt1.o
 .rela.text.gc_init
                0x0000000000000848        0x0 /usr/lib/gcc/x86_64-linux-gnu/7/../../../x86_64-linux-gnu/Scrt1.o
 .rela.text.gc_is_locked
                0x0000000000000848        0x0 /usr/lib/gcc/x86_64-linux-gnu/7/../../../x86_64-linux-gnu/Scrt1.o
 .rela.text.gc_collect_start
                0x0000000000000848        0x0 /usr/lib/gcc/x86_64-linux-gnu/7/../../../x86_64-linux-gnu/Scrt1.o
 .rela.text.gc_collect_root
                0x0000000000000848        0x0 /usr/lib/gcc/x86_64-linux-gnu/7/../../../x86_64-linux-gnu/Scrt1.o
 .rela.text.gc_collect_end
                0x0000000000000848        0x0 /usr/lib/gcc/x86_64-linux-gnu/7/../../../x86_64-linux-gnu/Scrt1.o
 .rela.text.gc_alloc
                0x0000000000000848        0x0 /usr/lib/gcc/x86_64-linux-gnu/7/../../../x86_64-linux-gnu/Scrt1.o
 .rela.text.gc_free
                0x0000000000000848        0x0 /usr/lib/gcc/x86_64-linux-gnu/7/../../../x86_64-linux-gnu/Scrt1.o
 .rela.text.gc_realloc
                0x0000000000000848        0x0 /usr/lib/gcc/x86_64-linux-gnu/7/../../../x86_64-linux-gnu/Scrt1.o
 .rela.text.find_qstr
                0x0000000000000848        0x0 /usr/lib/gcc/x86_64-linux-gnu/7/../../../x86_64-linux-gnu/Scrt1.o
 .rela.text.qstr_init
                0x0000000000000848        0x0 /usr/lib/gcc/x86_64-linux-gnu/7/../../../x86_64-linux-gnu/Scrt1.o
 .rela.text.qstr_find_strn
                0x0000000000000848        0x0 /usr/lib/gcc/x86_64-linux-gnu/7/../../../x86_64-linux-gnu/Scrt1.o
 .rela.text.qstr_from_strn
                0x0000000000000848        0x0 /usr/lib/gcc/x86_64-linux-gnu/7/../../../x86_64-linux-gnu/Scrt1.o
 .rela.text.mp_lexer_to_next
                0x0000000000000848        0x0 /usr/lib/gcc/x86_64-linux-gnu/7/../../../x86_64-linux-gnu/Scrt1.o
 .rela.text.compile_assert_stmt
                0x0000000000000848        0x0 /usr/lib/gcc/x86_64-linux-gnu/7/../../../x86_64-linux-gnu/Scrt1.o
 .rela.text.mp_compile_to_raw_code
                0x0000000000000848        0x0 /usr/lib/gcc/x86_64-linux-gnu/7/../../../x86_64-linux-gnu/Scrt1.o
 .rela.text.mp_emit_bc_set_source_line
                0x0000000000000848        0x0 /usr/lib/gcc/x86_64-linux-gnu/7/../../../x86_64-linux-gnu/Scrt1.o
 .rela.text.mp_init
                0x0000000000000848        0x0 /usr/lib/gcc/x86_64-linux-gnu/7/../../../x86_64-linux-gnu/Scrt1.o
 .rela.text.mp_stack_ctrl_init
                0x0000000000000848        0x0 /usr/lib/gcc/x86_64-linux-gnu/7/../../../x86_64-linux-gnu/Scrt1.o
 .rela.text.mp_stack_set_limit
                0x0000000000000848        0x0 /usr/lib/gcc/x86_64-linux-gnu/7/../../../x86_64-linux-gnu/Scrt1.o
 .rela.text.mp_stack_check
                0x0000000000000848        0x0 /usr/lib/gcc/x86_64-linux-gnu/7/../../../x86_64-linux-gnu/Scrt1.o
 .rela.text.mp_obj_exception_make_new
                0x0000000000000848        0x0 /usr/lib/gcc/x86_64-linux-gnu/7/../../../x86_64-linux-gnu/Scrt1.o
 .rela.text.main_
                0x0000000000000848        0x0 /usr/lib/gcc/x86_64-linux-gnu/7/../../../x86_64-linux-gnu/Scrt1.o
 .rela.text.nlr_jump_fail
                0x0000000000000848        0x0 /usr/lib/gcc/x86_64-linux-gnu/7/../../../x86_64-linux-gnu/Scrt1.o
 .rela.text.gc_helper_collect_regs_and_stack
                0x0000000000000848        0x0 /usr/lib/gcc/x86_64-linux-gnu/7/../../../x86_64-linux-gnu/Scrt1.o
 .rela.text     0x0000000000000848        0x0 /usr/lib/gcc/x86_64-linux-gnu/7/../../../x86_64-linux-gnu/Scrt1.o
 *(.rela.fini)
 *(.rela.rodata .rela.rodata.* .rela.gnu.linkonce.r.*)
 *(.rela.data .rela.data.* .rela.gnu.linkonce.d.*)
 .rela.data.rel.ro
                0x0000000000000848        0x0 /usr/lib/gcc/x86_64-linux-gnu/7/../../../x86_64-linux-gnu/Scrt1.o
 .rela.data.rel.local
                0x0000000000000848       0x18 /usr/lib/gcc/x86_64-linux-gnu/7/../../../x86_64-linux-gnu/Scrt1.o
 .rela.data.rel.ro.local.mp_qstr_const_pool
                0x0000000000000860     0x1fc8 /usr/lib/gcc/x86_64-linux-gnu/7/../../../x86_64-linux-gnu/Scrt1.o
 .rela.data.rel.ro.local.tok_kw
                0x0000000000002828      0x360 /usr/lib/gcc/x86_64-linux-gnu/7/../../../x86_64-linux-gnu/Scrt1.o
 .rela.data.rel.ro.local.mp_constants_map
                0x0000000000002b88       0x18 /usr/lib/gcc/x86_64-linux-gnu/7/../../../x86_64-linux-gnu/Scrt1.o
 .rela.data.rel.ro.local.compile_function
                0x0000000000002ba0      0x588 /usr/lib/gcc/x86_64-linux-gnu/7/../../../x86_64-linux-gnu/Scrt1.o
 .rela.data.rel.ro.emit_asm_table
                0x0000000000003128       0xa8 /usr/lib/gcc/x86_64-linux-gnu/7/../../../x86_64-linux-gnu/Scrt1.o
 .rela.data.rel.ro.emit_native_table
                0x00000000000031d0       0xf0 /usr/lib/gcc/x86_64-linux-gnu/7/../../../x86_64-linux-gnu/Scrt1.o
 .rela.data.rel.ro.local.emit_bc_method_table
                0x00000000000032c0      0x510 /usr/lib/gcc/x86_64-linux-gnu/7/../../../x86_64-linux-gnu/Scrt1.o
 .rela.data.rel.ro.local.emit_native_x64_method_table
                0x00000000000037d0      0x540 /usr/lib/gcc/x86_64-linux-gnu/7/../../../x86_64-linux-gnu/Scrt1.o
 .rela.data.rel.ro.local.emit_native_x86_method_table
                0x0000000000003d10      0x540 /usr/lib/gcc/x86_64-linux-gnu/7/../../../x86_64-linux-gnu/Scrt1.o
 .rela.data.rel.ro.local.emit_native_thumb_method_table
                0x0000000000004250      0x540 /usr/lib/gcc/x86_64-linux-gnu/7/../../../x86_64-linux-gnu/Scrt1.o
 .rela.data.rel.ro.local.emit_inline_thumb_method_table
                0x0000000000004790       0xa8 /usr/lib/gcc/x86_64-linux-gnu/7/../../../x86_64-linux-gnu/Scrt1.o
 .rela.data.rel.ro.local.emit_native_arm_method_table
                0x0000000000004838      0x540 /usr/lib/gcc/x86_64-linux-gnu/7/../../../x86_64-linux-gnu/Scrt1.o
 .rela.data.rel.ro.local.emit_native_xtensa_method_table
                0x0000000000004d78      0x540 /usr/lib/gcc/x86_64-linux-gnu/7/../../../x86_64-linux-gnu/Scrt1.o
 .rela.data.rel.ro.local.emit_inline_xtensa_method_table
                0x00000000000052b8       0xa8 /usr/lib/gcc/x86_64-linux-gnu/7/../../../x86_64-linux-gnu/Scrt1.o
 .rela.data.rel.ro.local.emit_native_xtensawin_method_table
                0x0000000000005360      0x540 /usr/lib/gcc/x86_64-linux-gnu/7/../../../x86_64-linux-gnu/Scrt1.o
 .rela.data.rel.ro.mp_type_checked_fun
                0x00000000000058a0       0x30 /usr/lib/gcc/x86_64-linux-gnu/7/../../../x86_64-linux-gnu/Scrt1.o
 .rela.data.rel.ro.types.4561
                0x00000000000058d0      0x120 /usr/lib/gcc/x86_64-linux-gnu/7/../../../x86_64-linux-gnu/Scrt1.o
 .rela.data.rel.ro.mp_type_bool
                0x00000000000059f0       0x78 /usr/lib/gcc/x86_64-linux-gnu/7/../../../x86_64-linux-gnu/Scrt1.o
 .rela.data.rel.ro.mp_type_complex
                0x0000000000005a68       0x90 /usr/lib/gcc/x86_64-linux-gnu/7/../../../x86_64-linux-gnu/Scrt1.o
 .rela.data.rel.ro.mp_type_dict
                0x0000000000005af8       0xc0 /usr/lib/gcc/x86_64-linux-gnu/7/../../../x86_64-linux-gnu/Scrt1.o
 .rela.data.rel.ro.local.dict_locals_dict
                0x0000000000005bb8       0x30 /usr/lib/gcc/x86_64-linux-gnu/7/../../../x86_64-linux-gnu/Scrt1.o
 .rela.data.rel.ro.dict_locals_dict_table
                0x0000000000005be8      0x150 /usr/lib/gcc/x86_64-linux-gnu/7/../../../x86_64-linux-gnu/Scrt1.o
 .rela.data.rel.ro.dict_values_obj
                0x0000000000005d38       0x30 /usr/lib/gcc/x86_64-linux-gnu/7/../../../x86_64-linux-gnu/Scrt1.o
 .rela.data.rel.ro.dict_keys_obj
                0x0000000000005d68       0x30 /usr/lib/gcc/x86_64-linux-gnu/7/../../../x86_64-linux-gnu/Scrt1.o
 .rela.data.rel.ro.dict_items_obj
                0x0000000000005d98       0x30 /usr/lib/gcc/x86_64-linux-gnu/7/../../../x86_64-linux-gnu/Scrt1.o
 .rela.data.rel.ro.local.mp_dict_view_names
                0x0000000000005dc8       0x48 /usr/lib/gcc/x86_64-linux-gnu/7/../../../x86_64-linux-gnu/Scrt1.o
 .rela.data.rel.ro.dict_view_it_type
                0x0000000000005e10       0x48 /usr/lib/gcc/x86_64-linux-gnu/7/../../../x86_64-linux-gnu/Scrt1.o
 .rela.data.rel.ro.dict_view_type
                0x0000000000005e58       0x60 /usr/lib/gcc/x86_64-linux-gnu/7/../../../x86_64-linux-gnu/Scrt1.o
 .rela.data.rel.ro.dict_update_obj
                0x0000000000005eb8       0x30 /usr/lib/gcc/x86_64-linux-gnu/7/../../../x86_64-linux-gnu/Scrt1.o
 .rela.data.rel.ro.dict_popitem_obj
                0x0000000000005ee8       0x30 /usr/lib/gcc/x86_64-linux-gnu/7/../../../x86_64-linux-gnu/Scrt1.o
 .rela.data.rel.ro.dict_setdefault_obj
                0x0000000000005f18       0x30 /usr/lib/gcc/x86_64-linux-gnu/7/../../../x86_64-linux-gnu/Scrt1.o
 .rela.data.rel.ro.dict_pop_obj
                0x0000000000005f48       0x30 /usr/lib/gcc/x86_64-linux-gnu/7/../../../x86_64-linux-gnu/Scrt1.o
 .rela.data.rel.ro.dict_get_obj
                0x0000000000005f78       0x30 /usr/lib/gcc/x86_64-linux-gnu/7/../../../x86_64-linux-gnu/Scrt1.o
 .rela.data.rel.ro.dict_fromkeys_obj
                0x0000000000005fa8       0x30 /usr/lib/gcc/x86_64-linux-gnu/7/../../../x86_64-linux-gnu/Scrt1.o
 .rela.data.rel.ro.dict_fromkeys_fun_obj
                0x0000000000005fd8       0x30 /usr/lib/gcc/x86_64-linux-gnu/7/../../../x86_64-linux-gnu/Scrt1.o
 .rela.data.rel.ro.dict_copy_obj
                0x0000000000006008       0x30 /usr/lib/gcc/x86_64-linux-gnu/7/../../../x86_64-linux-gnu/Scrt1.o
 .rela.data.rel.ro.dict_clear_obj
                0x0000000000006038       0x30 /usr/lib/gcc/x86_64-linux-gnu/7/../../../x86_64-linux-gnu/Scrt1.o
 .rela.data.rel.ro.local.mp_const_empty_dict_obj
                0x0000000000006068       0x18 /usr/lib/gcc/x86_64-linux-gnu/7/../../../x86_64-linux-gnu/Scrt1.o
 .rela.data.rel.ro.mp_type_UnicodeError
                0x0000000000006080       0x78 /usr/lib/gcc/x86_64-linux-gnu/7/../../../x86_64-linux-gnu/Scrt1.o
 .rela.data.rel.ro.mp_type_ValueError
                0x00000000000060f8       0x78 /usr/lib/gcc/x86_64-linux-gnu/7/../../../x86_64-linux-gnu/Scrt1.o
 .rela.data.rel.ro.mp_type_ViperTypeError
                0x0000000000006170       0x78 /usr/lib/gcc/x86_64-linux-gnu/7/../../../x86_64-linux-gnu/Scrt1.o
 .rela.data.rel.ro.mp_type_TypeError
                0x00000000000061e8       0x78 /usr/lib/gcc/x86_64-linux-gnu/7/../../../x86_64-linux-gnu/Scrt1.o
 .rela.data.rel.ro.mp_type_IndentationError
                0x0000000000006260       0x78 /usr/lib/gcc/x86_64-linux-gnu/7/../../../x86_64-linux-gnu/Scrt1.o
 .rela.data.rel.ro.mp_type_SyntaxError
                0x00000000000062d8       0x78 /usr/lib/gcc/x86_64-linux-gnu/7/../../../x86_64-linux-gnu/Scrt1.o
 .rela.data.rel.ro.mp_type_NotImplementedError
                0x0000000000006350       0x78 /usr/lib/gcc/x86_64-linux-gnu/7/../../../x86_64-linux-gnu/Scrt1.o
 .rela.data.rel.ro.mp_type_RuntimeError
                0x00000000000063c8       0x78 /usr/lib/gcc/x86_64-linux-gnu/7/../../../x86_64-linux-gnu/Scrt1.o
 .rela.data.rel.ro.mp_type_OSError
                0x0000000000006440       0x78 /usr/lib/gcc/x86_64-linux-gnu/7/../../../x86_64-linux-gnu/Scrt1.o
 .rela.data.rel.ro.mp_type_MemoryError
                0x00000000000064b8       0x78 /usr/lib/gcc/x86_64-linux-gnu/7/../../../x86_64-linux-gnu/Scrt1.o
 .rela.data.rel.ro.mp_type_KeyError
                0x0000000000006530       0x78 /usr/lib/gcc/x86_64-linux-gnu/7/../../../x86_64-linux-gnu/Scrt1.o
 .rela.data.rel.ro.mp_type_IndexError
                0x00000000000065a8       0x78 /usr/lib/gcc/x86_64-linux-gnu/7/../../../x86_64-linux-gnu/Scrt1.o
 .rela.data.rel.ro.mp_type_LookupError
                0x0000000000006620       0x78 /usr/lib/gcc/x86_64-linux-gnu/7/../../../x86_64-linux-gnu/Scrt1.o
 .rela.data.rel.ro.mp_type_AttributeError
                0x0000000000006698       0x78 /usr/lib/gcc/x86_64-linux-gnu/7/../../../x86_64-linux-gnu/Scrt1.o
 .rela.data.rel.ro.mp_type_ZeroDivisionError
                0x0000000000006710       0x78 /usr/lib/gcc/x86_64-linux-gnu/7/../../../x86_64-linux-gnu/Scrt1.o
 .rela.data.rel.ro.mp_type_OverflowError
                0x0000000000006788       0x78 /usr/lib/gcc/x86_64-linux-gnu/7/../../../x86_64-linux-gnu/Scrt1.o
 .rela.data.rel.ro.mp_type_ArithmeticError
                0x0000000000006800       0x78 /usr/lib/gcc/x86_64-linux-gnu/7/../../../x86_64-linux-gnu/Scrt1.o
 .rela.data.rel.ro.mp_type_StopIteration
                0x0000000000006878       0x78 /usr/lib/gcc/x86_64-linux-gnu/7/../../../x86_64-linux-gnu/Scrt1.o
 .rela.data.rel.ro.mp_type_Exception
                0x00000000000068f0       0x78 /usr/lib/gcc/x86_64-linux-gnu/7/../../../x86_64-linux-gnu/Scrt1.o
 .rela.data.rel.ro.mp_type_BaseException
                0x0000000000006968       0x60 /usr/lib/gcc/x86_64-linux-gnu/7/../../../x86_64-linux-gnu/Scrt1.o
 .rela.data.rel.ro.mp_type_float
                0x00000000000069c8       0x78 /usr/lib/gcc/x86_64-linux-gnu/7/../../../x86_64-linux-gnu/Scrt1.o
 .rela.data.rel.ro.mp_type_fun_builtin_var
                0x0000000000006a40       0x48 /usr/lib/gcc/x86_64-linux-gnu/7/../../../x86_64-linux-gnu/Scrt1.o
 .rela.data.rel.ro.mp_type_fun_builtin_3
                0x0000000000006a88       0x48 /usr/lib/gcc/x86_64-linux-gnu/7/../../../x86_64-linux-gnu/Scrt1.o
 .rela.data.rel.ro.mp_type_fun_builtin_2
                0x0000000000006ad0       0x48 /usr/lib/gcc/x86_64-linux-gnu/7/../../../x86_64-linux-gnu/Scrt1.o
 .rela.data.rel.ro.mp_type_fun_builtin_1
                0x0000000000006b18       0x48 /usr/lib/gcc/x86_64-linux-gnu/7/../../../x86_64-linux-gnu/Scrt1.o
 .rela.data.rel.ro.it_type
                0x0000000000006b60       0x48 /usr/lib/gcc/x86_64-linux-gnu/7/../../../x86_64-linux-gnu/Scrt1.o
 .rela.data.rel.ro.mp_type_int
                0x0000000000006ba8       0x90 /usr/lib/gcc/x86_64-linux-gnu/7/../../../x86_64-linux-gnu/Scrt1.o
 .rela.data.rel.ro.int_locals_dict
                0x0000000000006c38       0x30 /usr/lib/gcc/x86_64-linux-gnu/7/../../../x86_64-linux-gnu/Scrt1.o
 .rela.data.rel.ro.local.int_locals_dict_table
                0x0000000000006c68       0x30 /usr/lib/gcc/x86_64-linux-gnu/7/../../../x86_64-linux-gnu/Scrt1.o
 .rela.data.rel.ro.int_to_bytes_obj
                0x0000000000006c98       0x30 /usr/lib/gcc/x86_64-linux-gnu/7/../../../x86_64-linux-gnu/Scrt1.o
 .rela.data.rel.ro.int_from_bytes_obj
                0x0000000000006cc8       0x30 /usr/lib/gcc/x86_64-linux-gnu/7/../../../x86_64-linux-gnu/Scrt1.o
 .rela.data.rel.ro.int_from_bytes_fun_obj
                0x0000000000006cf8       0x30 /usr/lib/gcc/x86_64-linux-gnu/7/../../../x86_64-linux-gnu/Scrt1.o
 .rela.data.rel.ro.mp_type_list
                0x0000000000006d28       0xc0 /usr/lib/gcc/x86_64-linux-gnu/7/../../../x86_64-linux-gnu/Scrt1.o
 .rela.data.rel.ro.list_locals_dict
                0x0000000000006de8       0x30 /usr/lib/gcc/x86_64-linux-gnu/7/../../../x86_64-linux-gnu/Scrt1.o
 .rela.data.rel.ro.local.list_locals_dict_table
                0x0000000000006e18      0x108 /usr/lib/gcc/x86_64-linux-gnu/7/../../../x86_64-linux-gnu/Scrt1.o
 .rela.data.rel.ro.list_sort_obj
                0x0000000000006f20       0x30 /usr/lib/gcc/x86_64-linux-gnu/7/../../../x86_64-linux-gnu/Scrt1.o
 .rela.data.rel.ro.list_reverse_obj
                0x0000000000006f50       0x30 /usr/lib/gcc/x86_64-linux-gnu/7/../../../x86_64-linux-gnu/Scrt1.o
 .rela.data.rel.ro.list_remove_obj
                0x0000000000006f80       0x30 /usr/lib/gcc/x86_64-linux-gnu/7/../../../x86_64-linux-gnu/Scrt1.o
 .rela.data.rel.ro.list_pop_obj
                0x0000000000006fb0       0x30 /usr/lib/gcc/x86_64-linux-gnu/7/../../../x86_64-linux-gnu/Scrt1.o
 .rela.data.rel.ro.list_insert_obj
                0x0000000000006fe0       0x30 /usr/lib/gcc/x86_64-linux-gnu/7/../../../x86_64-linux-gnu/Scrt1.o
 .rela.data.rel.ro.list_index_obj
                0x0000000000007010       0x30 /usr/lib/gcc/x86_64-linux-gnu/7/../../../x86_64-linux-gnu/Scrt1.o
 .rela.data.rel.ro.list_count_obj
                0x0000000000007040       0x30 /usr/lib/gcc/x86_64-linux-gnu/7/../../../x86_64-linux-gnu/Scrt1.o
 .rela.data.rel.ro.list_copy_obj
                0x0000000000007070       0x30 /usr/lib/gcc/x86_64-linux-gnu/7/../../../x86_64-linux-gnu/Scrt1.o
 .rela.data.rel.ro.list_clear_obj
                0x00000000000070a0       0x30 /usr/lib/gcc/x86_64-linux-gnu/7/../../../x86_64-linux-gnu/Scrt1.o
 .rela.data.rel.ro.list_extend_obj
                0x00000000000070d0       0x30 /usr/lib/gcc/x86_64-linux-gnu/7/../../../x86_64-linux-gnu/Scrt1.o
 .rela.data.rel.ro.list_append_obj
                0x0000000000007100       0x30 /usr/lib/gcc/x86_64-linux-gnu/7/../../../x86_64-linux-gnu/Scrt1.o
 .rela.data.rel.ro.mp_type_object
                0x0000000000007130       0x48 /usr/lib/gcc/x86_64-linux-gnu/7/../../../x86_64-linux-gnu/Scrt1.o
 .rela.data.rel.ro.object_locals_dict
                0x0000000000007178       0x30 /usr/lib/gcc/x86_64-linux-gnu/7/../../../x86_64-linux-gnu/Scrt1.o
 .rela.data.rel.ro.local.object_locals_dict_table
                0x00000000000071a8       0x30 /usr/lib/gcc/x86_64-linux-gnu/7/../../../x86_64-linux-gnu/Scrt1.o
 .rela.data.rel.ro.object___new___obj
                0x00000000000071d8       0x30 /usr/lib/gcc/x86_64-linux-gnu/7/../../../x86_64-linux-gnu/Scrt1.o
 .rela.data.rel.ro.object___new___fun_obj
                0x0000000000007208       0x30 /usr/lib/gcc/x86_64-linux-gnu/7/../../../x86_64-linux-gnu/Scrt1.o
 .rela.data.rel.ro.object___init___obj
                0x0000000000007238       0x30 /usr/lib/gcc/x86_64-linux-gnu/7/../../../x86_64-linux-gnu/Scrt1.o
 .rela.data.rel.ro.mp_type_polymorph_iter
                0x0000000000007268       0x48 /usr/lib/gcc/x86_64-linux-gnu/7/../../../x86_64-linux-gnu/Scrt1.o
 .rela.data.rel.ro.mp_type_property
                0x00000000000072b0       0x48 /usr/lib/gcc/x86_64-linux-gnu/7/../../../x86_64-linux-gnu/Scrt1.o
 .rela.data.rel.ro.property_locals_dict
                0x00000000000072f8       0x30 /usr/lib/gcc/x86_64-linux-gnu/7/../../../x86_64-linux-gnu/Scrt1.o
 .rela.data.rel.ro.local.property_locals_dict_table
                0x0000000000007328       0x48 /usr/lib/gcc/x86_64-linux-gnu/7/../../../x86_64-linux-gnu/Scrt1.o
 .rela.data.rel.ro.property_deleter_obj
                0x0000000000007370       0x30 /usr/lib/gcc/x86_64-linux-gnu/7/../../../x86_64-linux-gnu/Scrt1.o
 .rela.data.rel.ro.property_setter_obj
                0x00000000000073a0       0x30 /usr/lib/gcc/x86_64-linux-gnu/7/../../../x86_64-linux-gnu/Scrt1.o
 .rela.data.rel.ro.property_getter_obj
                0x00000000000073d0       0x30 /usr/lib/gcc/x86_64-linux-gnu/7/../../../x86_64-linux-gnu/Scrt1.o
 .rela.data.rel.ro.mp_type_NoneType
                0x0000000000007400       0x48 /usr/lib/gcc/x86_64-linux-gnu/7/../../../x86_64-linux-gnu/Scrt1.o
 .rela.data.rel.ro.local.mp_const_ellipsis_obj
                0x0000000000007448       0x18 /usr/lib/gcc/x86_64-linux-gnu/7/../../../x86_64-linux-gnu/Scrt1.o
 .rela.data.rel.ro.mp_type_singleton
                0x0000000000007460       0x48 /usr/lib/gcc/x86_64-linux-gnu/7/../../../x86_64-linux-gnu/Scrt1.o
 .rela.data.rel.ro.mp_type_slice
                0x00000000000074a8       0x30 /usr/lib/gcc/x86_64-linux-gnu/7/../../../x86_64-linux-gnu/Scrt1.o
 .rela.data.rel.ro.local.mp_const_empty_bytes_obj
                0x00000000000074d8       0x30 /usr/lib/gcc/x86_64-linux-gnu/7/../../../x86_64-linux-gnu/Scrt1.o
 .rela.data.rel.ro.mp_type_bytes
                0x0000000000007508       0xc0 /usr/lib/gcc/x86_64-linux-gnu/7/../../../x86_64-linux-gnu/Scrt1.o
 .rela.data.rel.ro.str8_locals_dict
                0x00000000000075c8       0x30 /usr/lib/gcc/x86_64-linux-gnu/7/../../../x86_64-linux-gnu/Scrt1.o
 .rela.data.rel.ro.local.str8_locals_dict_table
                0x00000000000075f8      0x228 /usr/lib/gcc/x86_64-linux-gnu/7/../../../x86_64-linux-gnu/Scrt1.o
 .rela.data.rel.ro.str_encode_obj
                0x0000000000007820       0x30 /usr/lib/gcc/x86_64-linux-gnu/7/../../../x86_64-linux-gnu/Scrt1.o
 .rela.data.rel.ro.bytes_decode_obj
                0x0000000000007850       0x30 /usr/lib/gcc/x86_64-linux-gnu/7/../../../x86_64-linux-gnu/Scrt1.o
 .rela.data.rel.ro.str_islower_obj
                0x0000000000007880       0x30 /usr/lib/gcc/x86_64-linux-gnu/7/../../../x86_64-linux-gnu/Scrt1.o
 .rela.data.rel.ro.str_isupper_obj
                0x00000000000078b0       0x30 /usr/lib/gcc/x86_64-linux-gnu/7/../../../x86_64-linux-gnu/Scrt1.o
 .rela.data.rel.ro.str_isdigit_obj
                0x00000000000078e0       0x30 /usr/lib/gcc/x86_64-linux-gnu/7/../../../x86_64-linux-gnu/Scrt1.o
 .rela.data.rel.ro.str_isalpha_obj
                0x0000000000007910       0x30 /usr/lib/gcc/x86_64-linux-gnu/7/../../../x86_64-linux-gnu/Scrt1.o
 .rela.data.rel.ro.str_isspace_obj
                0x0000000000007940       0x30 /usr/lib/gcc/x86_64-linux-gnu/7/../../../x86_64-linux-gnu/Scrt1.o
 .rela.data.rel.ro.str_upper_obj
                0x0000000000007970       0x30 /usr/lib/gcc/x86_64-linux-gnu/7/../../../x86_64-linux-gnu/Scrt1.o
 .rela.data.rel.ro.str_lower_obj
                0x00000000000079a0       0x30 /usr/lib/gcc/x86_64-linux-gnu/7/../../../x86_64-linux-gnu/Scrt1.o
 .rela.data.rel.ro.str_count_obj
                0x00000000000079d0       0x30 /usr/lib/gcc/x86_64-linux-gnu/7/../../../x86_64-linux-gnu/Scrt1.o
 .rela.data.rel.ro.str_replace_obj
                0x0000000000007a00       0x30 /usr/lib/gcc/x86_64-linux-gnu/7/../../../x86_64-linux-gnu/Scrt1.o
 .rela.data.rel.ro.str_format_obj
                0x0000000000007a30       0x30 /usr/lib/gcc/x86_64-linux-gnu/7/../../../x86_64-linux-gnu/Scrt1.o
 .rela.data.rel.ro.str_rstrip_obj
                0x0000000000007a60       0x30 /usr/lib/gcc/x86_64-linux-gnu/7/../../../x86_64-linux-gnu/Scrt1.o
 .rela.data.rel.ro.str_lstrip_obj
                0x0000000000007a90       0x30 /usr/lib/gcc/x86_64-linux-gnu/7/../../../x86_64-linux-gnu/Scrt1.o
 .rela.data.rel.ro.str_strip_obj
                0x0000000000007ac0       0x30 /usr/lib/gcc/x86_64-linux-gnu/7/../../../x86_64-linux-gnu/Scrt1.o
 .rela.data.rel.ro.str_endswith_obj
                0x0000000000007af0       0x30 /usr/lib/gcc/x86_64-linux-gnu/7/../../../x86_64-linux-gnu/Scrt1.o
 .rela.data.rel.ro.str_startswith_obj
                0x0000000000007b20       0x30 /usr/lib/gcc/x86_64-linux-gnu/7/../../../x86_64-linux-gnu/Scrt1.o
 .rela.data.rel.ro.str_rindex_obj
                0x0000000000007b50       0x30 /usr/lib/gcc/x86_64-linux-gnu/7/../../../x86_64-linux-gnu/Scrt1.o
 .rela.data.rel.ro.str_index_obj
                0x0000000000007b80       0x30 /usr/lib/gcc/x86_64-linux-gnu/7/../../../x86_64-linux-gnu/Scrt1.o
 .rela.data.rel.ro.str_rfind_obj
                0x0000000000007bb0       0x30 /usr/lib/gcc/x86_64-linux-gnu/7/../../../x86_64-linux-gnu/Scrt1.o
 .rela.data.rel.ro.str_find_obj
                0x0000000000007be0       0x30 /usr/lib/gcc/x86_64-linux-gnu/7/../../../x86_64-linux-gnu/Scrt1.o
 .rela.data.rel.ro.str_rsplit_obj
                0x0000000000007c10       0x30 /usr/lib/gcc/x86_64-linux-gnu/7/../../../x86_64-linux-gnu/Scrt1.o
 .rela.data.rel.ro.str_split_obj
                0x0000000000007c40       0x30 /usr/lib/gcc/x86_64-linux-gnu/7/../../../x86_64-linux-gnu/Scrt1.o
 .rela.data.rel.ro.str_join_obj
                0x0000000000007c70       0x30 /usr/lib/gcc/x86_64-linux-gnu/7/../../../x86_64-linux-gnu/Scrt1.o
 .rela.data.rel.ro.mp_type_str
                0x0000000000007ca0       0xd8 /usr/lib/gcc/x86_64-linux-gnu/7/../../../x86_64-linux-gnu/Scrt1.o
 .rela.data.rel.ro.struni_locals_dict
                0x0000000000007d78       0x30 /usr/lib/gcc/x86_64-linux-gnu/7/../../../x86_64-linux-gnu/Scrt1.o
 .rela.data.rel.ro.struni_locals_dict_table
                0x0000000000007da8      0x228 /usr/lib/gcc/x86_64-linux-gnu/7/../../../x86_64-linux-gnu/Scrt1.o
 .rela.data.rel.ro.local.mp_const_empty_tuple_obj
                0x0000000000007fd0       0x18 /usr/lib/gcc/x86_64-linux-gnu/7/../../../x86_64-linux-gnu/Scrt1.o
 .rela.data.rel.ro.mp_type_tuple
                0x0000000000007fe8       0xc0 /usr/lib/gcc/x86_64-linux-gnu/7/../../../x86_64-linux-gnu/Scrt1.o
 .rela.data.rel.ro.tuple_locals_dict
                0x00000000000080a8       0x30 /usr/lib/gcc/x86_64-linux-gnu/7/../../../x86_64-linux-gnu/Scrt1.o
 .rela.data.rel.ro.local.tuple_locals_dict_table
                0x00000000000080d8       0x30 /usr/lib/gcc/x86_64-linux-gnu/7/../../../x86_64-linux-gnu/Scrt1.o
 .rela.data.rel.ro.tuple_index_obj
                0x0000000000008108       0x30 /usr/lib/gcc/x86_64-linux-gnu/7/../../../x86_64-linux-gnu/Scrt1.o
 .rela.data.rel.ro.tuple_count_obj
                0x0000000000008138       0x30 /usr/lib/gcc/x86_64-linux-gnu/7/../../../x86_64-linux-gnu/Scrt1.o
 .rela.data.rel.ro.local.mp_type_classmethod
                0x0000000000008168       0x30 /usr/lib/gcc/x86_64-linux-gnu/7/../../../x86_64-linux-gnu/Scrt1.o
 .rela.data.rel.ro.local.mp_type_staticmethod
                0x0000000000008198       0x30 /usr/lib/gcc/x86_64-linux-gnu/7/../../../x86_64-linux-gnu/Scrt1.o
 .rela.data.rel.ro.mp_type_type
                0x00000000000081c8       0x90 /usr/lib/gcc/x86_64-linux-gnu/7/../../../x86_64-linux-gnu/Scrt1.o
 .rela.data.rel.ro.native_base_init_wrapper_obj
                0x0000000000008258       0x30 /usr/lib/gcc/x86_64-linux-gnu/7/../../../x86_64-linux-gnu/Scrt1.o
 .rela.data.rel.ro.mp_op_delitem_obj
                0x0000000000008288       0x30 /usr/lib/gcc/x86_64-linux-gnu/7/../../../x86_64-linux-gnu/Scrt1.o
 .rela.data.rel.ro.mp_op_setitem_obj
                0x00000000000082b8       0x30 /usr/lib/gcc/x86_64-linux-gnu/7/../../../x86_64-linux-gnu/Scrt1.o
 .rela.data.rel.ro.mp_op_getitem_obj
                0x00000000000082e8       0x30 /usr/lib/gcc/x86_64-linux-gnu/7/../../../x86_64-linux-gnu/Scrt1.o
 .rela.data.rel.ro.mp_builtin_next_obj
                0x0000000000008318       0x30 /usr/lib/gcc/x86_64-linux-gnu/7/../../../x86_64-linux-gnu/Scrt1.o
 .rela.data.rel.ro.local.mp_stderr_print
                0x0000000000008348       0x18 /usr/lib/gcc/x86_64-linux-gnu/7/../../../x86_64-linux-gnu/Scrt1.o
 *(.rela.tdata .rela.tdata.* .rela.gnu.linkonce.td.*)
 *(.rela.tbss .rela.tbss.* .rela.gnu.linkonce.tb.*)
 *(.rela.ctors)
 *(.rela.dtors)
 *(.rela.got)
 .rela.got      0x0000000000008360       0xd8 /usr/lib/gcc/x86_64-linux-gnu/7/../../../x86_64-linux-gnu/Scrt1.o
 *(.rela.bss .rela.bss.* .rela.gnu.linkonce.b.*)
 .rela.bss      0x0000000000008438       0x18 /usr/lib/gcc/x86_64-linux-gnu/7/../../../x86_64-linux-gnu/Scrt1.o
 *(.rela.ldata .rela.ldata.* .rela.gnu.linkonce.l.*)
 *(.rela.lbss .rela.lbss.* .rela.gnu.linkonce.lb.*)
 *(.rela.lrodata .rela.lrodata.* .rela.gnu.linkonce.lr.*)
 *(.rela.ifunc)
 .rela.ifunc    0x0000000000008450        0x0 /usr/lib/gcc/x86_64-linux-gnu/7/../../../x86_64-linux-gnu/Scrt1.o
 .rela.fini_array
                0x0000000000008450       0x18 /usr/lib/gcc/x86_64-linux-gnu/7/../../../x86_64-linux-gnu/Scrt1.o
 .rela.init_array
                0x0000000000008468       0x18 /usr/lib/gcc/x86_64-linux-gnu/7/../../../x86_64-linux-gnu/Scrt1.o

.rela.plt       0x0000000000008480      0x2a0
 *(.rela.plt)
 .rela.plt      0x0000000000008480      0x2a0 /usr/lib/gcc/x86_64-linux-gnu/7/../../../x86_64-linux-gnu/Scrt1.o
                [!provide]                        PROVIDE (__rela_iplt_start = .)
 *(.rela.iplt)
                [!provide]                        PROVIDE (__rela_iplt_end = .)

.init           0x0000000000008720       0x17
 *(SORT_NONE(.init))
 .init          0x0000000000008720       0x12 /usr/lib/gcc/x86_64-linux-gnu/7/../../../x86_64-linux-gnu/crti.o
                0x0000000000008720                _init
 .init          0x0000000000008732        0x5 /usr/lib/gcc/x86_64-linux-gnu/7/../../../x86_64-linux-gnu/crtn.o

.plt            0x0000000000008740      0x1d0
 *(.plt)
 .plt           0x0000000000008740      0x1d0 /usr/lib/gcc/x86_64-linux-gnu/7/../../../x86_64-linux-gnu/Scrt1.o
 *(.iplt)

.plt.got        0x0000000000008910        0x8
 *(.plt.got)
 .plt.got       0x0000000000008910        0x8 /usr/lib/gcc/x86_64-linux-gnu/7/../../../x86_64-linux-gnu/Scrt1.o

.plt.sec
 *(.plt.sec)

.text           0x0000000000008920    0x39382
 *(.text.unlikely .text.*_unlikely .text.unlikely.*)
 .text.unlikely.get_label_dest.part.2
                0x0000000000008920       0x23 build/py/asmx64.o
 .text.unlikely.get_label_dest.part.4
                0x0000000000008943       0x23 build/py/asmx86.o
 .text.unlikely.raise_exc
                0x0000000000008966       0x29 build/py/parsenum.o
 .text.unlikely.bad_implicit_conversion
                0x000000000000898f       0x36 build/py/objstr.o
 *(.text.exit .text.exit.*)
 *(.text.startup .text.startup.*)
 .text.startup.main
                0x00000000000089c5       0x22 build/main.o
                0x00000000000089c5                main
 *(.text.hot .text.hot.*)
 *(.text .stub .text.* .gnu.linkonce.t.*)
 *fill*         0x00000000000089e7        0x9 
 .text          0x00000000000089f0       0x2b /usr/lib/gcc/x86_64-linux-gnu/7/../../../x86_64-linux-gnu/Scrt1.o
                0x00000000000089f0                _start
 *fill*         0x0000000000008a1b        0x5 
 .text          0x0000000000008a20       0xda /usr/lib/gcc/x86_64-linux-gnu/7/crtbeginS.o
 .text.nlr_push_tail
                0x0000000000008afa       0x14 build/py/nlr.o
                0x0000000000008afa                nlr_push_tail
 .text.nlr_pop  0x0000000000008b0e       0x12 build/py/nlr.o
                0x0000000000008b0e                nlr_pop
 .text.nlr_push
                0x0000000000008b20       0x2c build/py/nlrx64.o
                0x0000000000008b20                nlr_push
 .text.nlr_jump
                0x0000000000008b4c       0x50 build/py/nlrx64.o
                0x0000000000008b4c                nlr_jump
 .text.m_malloc
                0x0000000000008b9c       0x1f build/py/malloc.o
                0x0000000000008b9c                m_malloc
 .text.m_malloc_maybe
                0x0000000000008bbb        0x7 build/py/malloc.o
                0x0000000000008bbb                m_malloc_maybe
 .text.m_malloc0
                0x0000000000008bc2        0x5 build/py/malloc.o
                0x0000000000008bc2                m_malloc0
 .text.m_realloc
                0x0000000000008bc7       0x22 build/py/malloc.o
                0x0000000000008bc7                m_realloc
 .text.m_realloc_maybe
                0x0000000000008be9        0x8 build/py/malloc.o
                0x0000000000008be9                m_realloc_maybe
 .text.m_free   0x0000000000008bf1        0x5 build/py/malloc.o
                0x0000000000008bf1                m_free
 *fill*         0x0000000000008bf6        0xa 
 .text.gc_mark_subtree
                0x0000000000008c00      0x114 build/py/gc.o
 *fill*         0x0000000000008d14        0xc 
 .text.gc_free.part.0
                0x0000000000008d20      0x10f build/py/gc.o
 *fill*         0x0000000000008e2f        0x1 
 .text.gc_init  0x0000000000008e30       0x82 build/py/gc.o
                0x0000000000008e30                gc_init
 *fill*         0x0000000000008eb2        0xe 
 .text.gc_is_locked
                0x0000000000008ec0        0xc build/py/gc.o
                0x0000000000008ec0                gc_is_locked
 *fill*         0x0000000000008ecc        0x4 
 .text.gc_collect_start
                0x0000000000008ed0       0xa1 build/py/gc.o
                0x0000000000008ed0                gc_collect_start
 *fill*         0x0000000000008f71        0xf 
 .text.gc_collect_root
                0x0000000000008f80       0x99 build/py/gc.o
                0x0000000000008f80                gc_collect_root
 *fill*         0x0000000000009019        0x7 
 .text.gc_collect_end
                0x0000000000009020      0x151 build/py/gc.o
                0x0000000000009020                gc_collect_end
 *fill*         0x0000000000009171        0xf 
 .text.gc_alloc
                0x0000000000009180      0x20d build/py/gc.o
                0x0000000000009180                gc_alloc
 *fill*         0x000000000000938d        0x3 
 .text.gc_free  0x0000000000009390       0x1a build/py/gc.o
                0x0000000000009390                gc_free
 *fill*         0x00000000000093aa        0x6 
 .text.gc_realloc
                0x00000000000093b0      0x300 build/py/gc.o
                0x00000000000093b0                gc_realloc
 .text.find_qstr
                0x00000000000096b0       0x1e build/py/qstr.o
 .text.qstr_compute_hash
                0x00000000000096ce       0x29 build/py/qstr.o
                0x00000000000096ce                qstr_compute_hash
 .text.qstr_init
                0x00000000000096f7       0x1a build/py/qstr.o
                0x00000000000096f7                qstr_init
 .text.qstr_find_strn
                0x0000000000009711       0x94 build/py/qstr.o
                0x0000000000009711                qstr_find_strn
 .text.qstr_from_strn
                0x00000000000097a5      0x1c2 build/py/qstr.o
                0x00000000000097a5                qstr_from_strn
 .text.qstr_from_str
                0x0000000000009967       0x1d build/py/qstr.o
                0x0000000000009967                qstr_from_str
 .text.qstr_hash
                0x0000000000009984        0x9 build/py/qstr.o
                0x0000000000009984                qstr_hash
 .text.qstr_len
                0x000000000000998d        0xa build/py/qstr.o
                0x000000000000998d                qstr_len
 .text.qstr_str
                0x0000000000009997        0xa build/py/qstr.o
                0x0000000000009997                qstr_str
 .text.qstr_data
                0x00000000000099a1       0x11 build/py/qstr.o
                0x00000000000099a1                qstr_data
 .text.vstr_ensure_extra
                0x00000000000099b2       0x4a build/py/vstr.o
 .text.vstr_add_strn
                0x00000000000099fc       0x31 build/py/vstr.o
                0x00000000000099fc                vstr_add_strn
 .text.vstr_init
                0x0000000000009a2d       0x2b build/py/vstr.o
                0x0000000000009a2d                vstr_init
 .text.vstr_init_len
                0x0000000000009a58       0x1d build/py/vstr.o
                0x0000000000009a58                vstr_init_len
 .text.vstr_init_print
                0x0000000000009a75       0x23 build/py/vstr.o
                0x0000000000009a75                vstr_init_print
 .text.vstr_clear
                0x0000000000009a98       0x1d build/py/vstr.o
                0x0000000000009a98                vstr_clear
 .text.vstr_extend
                0x0000000000009ab5       0x43 build/py/vstr.o
                0x0000000000009ab5                vstr_extend
 .text.vstr_add_len
                0x0000000000009af8       0x27 build/py/vstr.o
                0x0000000000009af8                vstr_add_len
 .text.vstr_null_terminated_str
                0x0000000000009b1f       0x29 build/py/vstr.o
                0x0000000000009b1f                vstr_null_terminated_str
 .text.vstr_add_byte
                0x0000000000009b48       0x11 build/py/vstr.o
                0x0000000000009b48                vstr_add_byte
 .text.vstr_add_char
                0x0000000000009b59       0xda build/py/vstr.o
                0x0000000000009b59                vstr_add_char
 .text.vstr_add_str
                0x0000000000009c33       0x20 build/py/vstr.o
                0x0000000000009c33                vstr_add_str
 .text.vstr_cut_tail_bytes
                0x0000000000009c53       0x1b build/py/vstr.o
                0x0000000000009c53                vstr_cut_tail_bytes
 .text.mp_print_str
                0x0000000000009c6e       0x2a build/py/mpprint.o
                0x0000000000009c6e                mp_print_str
 .text.mp_print_strn
                0x0000000000009c98      0x103 build/py/mpprint.o
                0x0000000000009c98                mp_print_strn
 .text.mp_print_int
                0x0000000000009d9b      0x133 build/py/mpprint.o
 .text.mp_print_mp_int
                0x0000000000009ece      0x376 build/py/mpprint.o
                0x0000000000009ece                mp_print_mp_int
 .text.mp_print_float
                0x000000000000a244       0xf7 build/py/mpprint.o
                0x000000000000a244                mp_print_float
 .text.mp_vprintf
                0x000000000000a33b      0x536 build/py/mpprint.o
                0x000000000000a33b                mp_vprintf
 .text.mp_printf
                0x000000000000a871       0xb1 build/py/mpprint.o
                0x000000000000a871                mp_printf
 .text.utf8_get_char
                0x000000000000a922       0x3a build/py/unicode.o
                0x000000000000a922                utf8_get_char
 .text.utf8_next_char
                0x000000000000a95c       0x14 build/py/unicode.o
                0x000000000000a95c                utf8_next_char
 .text.utf8_ptr_to_index
                0x000000000000a970       0x1a build/py/unicode.o
                0x000000000000a970                utf8_ptr_to_index
 .text.utf8_charlen
                0x000000000000a98a       0x1d build/py/unicode.o
                0x000000000000a98a                utf8_charlen
 .text.unichar_isspace
                0x000000000000a9a7       0x1c build/py/unicode.o
                0x000000000000a9a7                unichar_isspace
 .text.unichar_isalpha
                0x000000000000a9c3       0x1d build/py/unicode.o
                0x000000000000a9c3                unichar_isalpha
 .text.unichar_isdigit
                0x000000000000a9e0       0x1d build/py/unicode.o
                0x000000000000a9e0                unichar_isdigit
 .text.unichar_isxdigit
                0x000000000000a9fd       0x1d build/py/unicode.o
                0x000000000000a9fd                unichar_isxdigit
 .text.unichar_isupper
                0x000000000000aa1a       0x1d build/py/unicode.o
                0x000000000000aa1a                unichar_isupper
 .text.unichar_islower
                0x000000000000aa37       0x1d build/py/unicode.o
                0x000000000000aa37                unichar_islower
 .text.unichar_tolower
                0x000000000000aa54       0x11 build/py/unicode.o
                0x000000000000aa54                unichar_tolower
 .text.unichar_toupper
                0x000000000000aa65       0x11 build/py/unicode.o
                0x000000000000aa65                unichar_toupper
 .text.unichar_xdigit_value
                0x000000000000aa76       0x11 build/py/unicode.o
                0x000000000000aa76                unichar_xdigit_value
 .text.utf8_check
                0x000000000000aa87       0x4c build/py/unicode.o
                0x000000000000aa87                utf8_check
 .text.mpn_remove_trailing_zeros
                0x000000000000aad3       0x1a build/py/mpz.o
 .text.mpn_shr  0x000000000000aaed       0x4a build/py/mpz.o
 .text.mpn_add  0x000000000000ab37       0x66 build/py/mpz.o
 .text.mpn_sub  0x000000000000ab9d       0x57 build/py/mpz.o
 .text.mpn_cmp.part.1
                0x000000000000abf4       0x2e build/py/mpz.o
 .text.mpz_free
                0x000000000000ac22       0x1c build/py/mpz.o
 .text.mpz_need_dig
                0x000000000000ac3e       0x6f build/py/mpz.o
 .text.mpz_clone
                0x000000000000acad       0x8a build/py/mpz.o
 .text.mpz_set_from_int.part.5
                0x000000000000ad37       0x5c build/py/mpz.o
 .text.mpz_init_zero
                0x000000000000ad93       0x18 build/py/mpz.o
                0x000000000000ad93                mpz_init_zero
 .text.mpz_deinit
                0x000000000000adab       0x14 build/py/mpz.o
                0x000000000000adab                mpz_deinit
 .text.mpz_set  0x000000000000adbf       0x46 build/py/mpz.o
                0x000000000000adbf                mpz_set
 .text.mpz_set_from_int
                0x000000000000ae05       0x13 build/py/mpz.o
                0x000000000000ae05                mpz_set_from_int
 .text.mpz_init_from_int
                0x000000000000ae18        0xf build/py/mpz.o
                0x000000000000ae18                mpz_init_from_int
 .text.mpz_init_fixed_from_int
                0x000000000000ae27       0x32 build/py/mpz.o
                0x000000000000ae27                mpz_init_fixed_from_int
 .text.mpz_set_from_ll
                0x000000000000ae59       0x63 build/py/mpz.o
                0x000000000000ae59                mpz_set_from_ll
 .text.mpz_set_from_float
                0x000000000000aebc      0x163 build/py/mpz.o
                0x000000000000aebc                mpz_set_from_float
 .text.mpz_set_from_str
                0x000000000000b01f      0x102 build/py/mpz.o
                0x000000000000b01f                mpz_set_from_str
 .text.mpz_set_from_bytes
                0x000000000000b121       0xa2 build/py/mpz.o
                0x000000000000b121                mpz_set_from_bytes
 .text.mpz_cmp  0x000000000000b1c3       0x4d build/py/mpz.o
                0x000000000000b1c3                mpz_cmp
 .text.mpz_abs_inpl
                0x000000000000b210       0x13 build/py/mpz.o
                0x000000000000b210                mpz_abs_inpl
 .text.mpz_neg_inpl
                0x000000000000b223       0x20 build/py/mpz.o
                0x000000000000b223                mpz_neg_inpl
 .text.mpz_not_inpl
                0x000000000000b243       0xd2 build/py/mpz.o
                0x000000000000b243                mpz_not_inpl
 .text.mpz_shl_inpl
                0x000000000000b315       0xda build/py/mpz.o
                0x000000000000b315                mpz_shl_inpl
 .text.mpz_shr_inpl
                0x000000000000b3ef      0x134 build/py/mpz.o
                0x000000000000b3ef                mpz_shr_inpl
 .text.mpz_add_inpl
                0x000000000000b523       0xa7 build/py/mpz.o
                0x000000000000b523                mpz_add_inpl
 .text.mpz_sub_inpl
                0x000000000000b5ca       0xc1 build/py/mpz.o
                0x000000000000b5ca                mpz_sub_inpl
 .text.mpz_and_inpl
                0x000000000000b68b      0x142 build/py/mpz.o
                0x000000000000b68b                mpz_and_inpl
 .text.mpz_or_inpl
                0x000000000000b7cd      0x14f build/py/mpz.o
                0x000000000000b7cd                mpz_or_inpl
 .text.mpz_xor_inpl
                0x000000000000b91c      0x125 build/py/mpz.o
                0x000000000000b91c                mpz_xor_inpl
 .text.mpz_mul_inpl
                0x000000000000ba41      0x146 build/py/mpz.o
                0x000000000000ba41                mpz_mul_inpl
 .text.mpz_pow_inpl
                0x000000000000bb87       0xb3 build/py/mpz.o
                0x000000000000bb87                mpz_pow_inpl
 .text.mpz_divmod_inpl
                0x000000000000bc3a      0x3ae build/py/mpz.o
                0x000000000000bc3a                mpz_divmod_inpl
 .text.mpz_hash
                0x000000000000bfe8       0x2c build/py/mpz.o
                0x000000000000bfe8                mpz_hash
 .text.mpz_as_int_checked
                0x000000000000c014       0x3c build/py/mpz.o
                0x000000000000c014                mpz_as_int_checked
 .text.mpz_as_bytes
                0x000000000000c050       0xcc build/py/mpz.o
                0x000000000000c050                mpz_as_bytes
 .text.mpz_as_float
                0x000000000000c11c       0x3f build/py/mpz.o
                0x000000000000c11c                mpz_as_float
 .text.mpz_as_str_inpl
                0x000000000000c15b      0x1c3 build/py/mpz.o
                0x000000000000c15b                mpz_as_str_inpl
 .text.mp_reader_posix_close
                0x000000000000c31e       0x1a build/py/reader.o
 .text.mp_reader_posix_readbyte
                0x000000000000c338       0x61 build/py/reader.o
 .text.mp_reader_new_file_from_fd
                0x000000000000c399       0x86 build/py/reader.o
                0x000000000000c399                mp_reader_new_file_from_fd
 .text.mp_reader_new_file
                0x000000000000c41f       0x35 build/py/reader.o
                0x000000000000c41f                mp_reader_new_file
 .text.next_char
                0x000000000000c454       0x85 build/py/lexer.o
 .text.skip_whitespace
                0x000000000000c4d9       0x7f build/py/lexer.o
 .text.is_string_or_bytes
                0x000000000000c558       0x64 build/py/lexer.o
 .text.mp_lexer_to_next
                0x000000000000c5bc      0x7f9 build/py/lexer.o
                0x000000000000c5bc                mp_lexer_to_next
 .text.mp_lexer_new
                0x000000000000cdb5       0xc7 build/py/lexer.o
                0x000000000000cdb5                mp_lexer_new
 .text.mp_lexer_new_from_file
                0x000000000000ce7c       0x62 build/py/lexer.o
                0x000000000000ce7c                mp_lexer_new_from_file
 .text.mp_lexer_free
                0x000000000000cede       0x2f build/py/lexer.o
                0x000000000000cede                mp_lexer_free
 .text.parser_alloc
                0x000000000000cf0d       0xaf build/py/parse.o
 .text.push_result_node
                0x000000000000cfbc       0x48 build/py/parse.o
 .text.push_rule
                0x000000000000d004       0x7f build/py/parse.o
 .text.peek_result
                0x000000000000d083       0x39 build/py/parse.o
 .text.pop_result
                0x000000000000d0bc       0x3c build/py/parse.o
 .text.push_rule_from_arg
                0x000000000000d0f8       0x46 build/py/parse.o
 .text.push_result_token
                0x000000000000d13e      0x183 build/py/parse.o
 .text.mp_parse_node_is_const_false
                0x000000000000d2c1       0x22 build/py/parse.o
                0x000000000000d2c1                mp_parse_node_is_const_false
 .text.mp_parse_node_is_const_true
                0x000000000000d2e3       0x22 build/py/parse.o
                0x000000000000d2e3                mp_parse_node_is_const_true
 .text.mp_parse_node_get_int_maybe
                0x000000000000d305       0x4f build/py/parse.o
                0x000000000000d305                mp_parse_node_get_int_maybe
 .text.push_result_rule
                0x000000000000d354      0x65b build/py/parse.o
 .text.mp_parse_node_extract_list
                0x000000000000d9af       0x37 build/py/parse.o
                0x000000000000d9af                mp_parse_node_extract_list
 .text.mp_parse
                0x000000000000d9e6      0x6b4 build/py/parse.o
                0x000000000000d9e6                mp_parse
 .text.mp_parse_tree_clear
                0x000000000000e09a       0x1e build/py/parse.o
                0x000000000000e09a                mp_parse_tree_clear
 .text.scope_new
                0x000000000000e0b8       0xa7 build/py/scope.o
                0x000000000000e0b8                scope_new
 .text.scope_free
                0x000000000000e15f       0x16 build/py/scope.o
                0x000000000000e15f                scope_free
 .text.scope_find
                0x000000000000e175       0x24 build/py/scope.o
                0x000000000000e175                scope_find
 .text.scope_find_or_add_id
                0x000000000000e199       0x67 build/py/scope.o
                0x000000000000e199                scope_find_or_add_id
 .text.scope_find_global
                0x000000000000e200       0x13 build/py/scope.o
                0x000000000000e200                scope_find_global
 .text.scope_check_to_close_over
                0x000000000000e213       0xbb build/py/scope.o
                0x000000000000e213                scope_check_to_close_over
 .text.reserve_labels_for_native
                0x000000000000e2ce        0xf build/py/compile.o
 .text.compile_increase_except_level
                0x000000000000e2dd       0x2d build/py/compile.o
 .text.apply_to_single_or_list
                0x000000000000e30a       0x51 build/py/compile.o
 .text.compile_del_stmt
                0x000000000000e35b       0x15 build/py/compile.o
 .text.compile_import_name
                0x000000000000e370       0x15 build/py/compile.o
 .text.compile_yield_from
                0x000000000000e385       0x45 build/py/compile.o
 .text.compile_await_object_method
                0x000000000000e3ca       0x31 build/py/compile.o
 .text.compile_trailer_period
                0x000000000000e3fb       0x1e build/py/compile.o
 .text.compile_const_object
                0x000000000000e419       0x15 build/py/compile.o
 .text.scope_new_and_link
                0x000000000000e42e       0x46 build/py/compile.o
 .text.close_over_variables_etc
                0x000000000000e474      0x111 build/py/compile.o
 .text.compile_funcdef_lambdef
                0x000000000000e585       0x97 build/py/compile.o
 .text.compile_lambdef
                0x000000000000e61c       0x43 build/py/compile.o
 .text.compile_funcdef_helper
                0x000000000000e65f       0x46 build/py/compile.o
 .text.do_import_name
                0x000000000000e6a5      0x1e4 build/py/compile.o
 .text.compile_error_set_line.isra.3
                0x000000000000e889       0x17 build/py/compile.o
 .text.compile_decrease_except_level
                0x000000000000e8a0       0x4d build/py/compile.o
 .text.compile_syntax_error
                0x000000000000e8ed       0x36 build/py/compile.o
 .text.compile_scope_inline_asm
                0x000000000000e923      0x48c build/py/compile.o
 .text.compile_star_expr
                0x000000000000edaf        0xc build/py/compile.o
 .text.compile_break_cont_stmt
                0x000000000000edbb       0x70 build/py/compile.o
 .text.compile_viper_type_annotation
                0x000000000000ee2b       0x6b build/py/compile.o
 .text.compile_scope_func_lambda_param
                0x000000000000ee96      0x1e9 build/py/compile.o
 .text.compile_scope_lambda_param
                0x000000000000f07f       0x15 build/py/compile.o
 .text.compile_scope_func_param
                0x000000000000f094       0x15 build/py/compile.o
 .text.compile_load_id
                0x000000000000f0a9       0x31 build/py/compile.o
 .text.compile_store_id
                0x000000000000f0da       0x29 build/py/compile.o
 .text.compile_funcdef
                0x000000000000f103       0x1d build/py/compile.o
 .text.compile_import_from
                0x000000000000f120      0x28c build/py/compile.o
 .text.compile_dotted_as_name
                0x000000000000f3ac       0x72 build/py/compile.o
 .text.compile_node
                0x000000000000f41e      0x190 build/py/compile.o
 .text.c_assign
                0x000000000000f5ae      0x370 build/py/compile.o
 .text.c_assign_tuple
                0x000000000000f91e      0x13c build/py/compile.o
 .text.compile_yield_expr
                0x000000000000fa5a       0x7f build/py/compile.o
 .text.compile_namedexpr_helper
                0x000000000000fad9       0x6f build/py/compile.o
 .text.compile_namedexpr
                0x000000000000fb48        0xd build/py/compile.o
 .text.compile_comprehension
                0x000000000000fb55       0xd2 build/py/compile.o
 .text.compile_trailer_paren_helper
                0x000000000000fc27      0x240 build/py/compile.o
 .text.compile_classdef_helper
                0x000000000000fe67       0x8b build/py/compile.o
 .text.compile_classdef
                0x000000000000fef2       0x1d build/py/compile.o
 .text.compile_trailer_paren
                0x000000000000ff0f        0xd build/py/compile.o
 .text.compile_dictorsetmaker_item
                0x000000000000ff1c       0x24 build/py/compile.o
 .text.compile_subscript
                0x000000000000ff40      0x174 build/py/compile.o
 .text.compile_trailer_bracket
                0x00000000000100b4       0x21 build/py/compile.o
 .text.c_tuple  0x00000000000100d5       0x67 build/py/compile.o
 .text.compile_atom_paren
                0x000000000001013c       0xce build/py/compile.o
 .text.compile_generic_tuple
                0x000000000001020a        0xa build/py/compile.o
 .text.compile_atom_expr_normal
                0x0000000000010214      0x1cd build/py/compile.o
 .text.compile_term
                0x00000000000103e1       0x63 build/py/compile.o
 .text.compile_binary_op
                0x0000000000010444       0x5b build/py/compile.o
 .text.compile_comparison
                0x000000000001049f      0x1d6 build/py/compile.o
 .text.compile_not_test_2
                0x0000000000010675       0x24 build/py/compile.o
 .text.compile_or_and_test
                0x0000000000010699       0x91 build/py/compile.o
 .text.compile_funcdef_lambdef_param
                0x000000000001072a      0x16c build/py/compile.o
 .text.compile_with_stmt_helper
                0x0000000000010896       0xd0 build/py/compile.o
 .text.compile_for_stmt
                0x0000000000010966      0x4f1 build/py/compile.o
 .text.compile_async_with_stmt_helper
                0x0000000000010e57      0x387 build/py/compile.o
 .text.compile_raise_stmt
                0x00000000000111de       0x80 build/py/compile.o
 .text.compile_yield_stmt
                0x000000000001125e       0x1f build/py/compile.o
 .text.c_del_stmt
                0x000000000001127d      0x288 build/py/compile.o
 .text.compile_expr_stmt
                0x0000000000011505      0x344 build/py/compile.o
 .text.compile_decorated
                0x0000000000011849      0x2f6 build/py/compile.o
 .text.compile_generic_all_nodes
                0x0000000000011b3f       0x56 build/py/compile.o
 .text.compile_power
                0x0000000000011b95       0x20 build/py/compile.o
 .text.compile_atom_bracket
                0x0000000000011bb5      0x143 build/py/compile.o
 .text.c_if_cond
                0x0000000000011cf8      0x1e3 build/py/compile.o
 .text.compile_scope_comp_iter
                0x0000000000011edb      0x17c build/py/compile.o
 .text.compile_scope
                0x0000000000012057      0x4f9 build/py/compile.o
 .text.compile_test_if_expr
                0x0000000000012550       0xbf build/py/compile.o
 .text.compile_while_stmt
                0x000000000001260f       0xfc build/py/compile.o
 .text.compile_if_stmt
                0x000000000001270b      0x1ce build/py/compile.o
 .text.compile_atom_expr_await
                0x00000000000128d9       0x2e build/py/compile.o
 .text.compile_factor_2
                0x0000000000012907       0x62 build/py/compile.o
 .text.compile_with_stmt
                0x0000000000012969       0x80 build/py/compile.o
 .text.compile_async_stmt
                0x00000000000129e9      0x333 build/py/compile.o
 .text.compile_assert_stmt
                0x0000000000012d1c       0x97 build/py/compile.o
 .text.compile_return_stmt
                0x0000000000012db3       0xb8 build/py/compile.o
 .text.compile_global_nonlocal_stmt
                0x0000000000012e6b      0x12c build/py/compile.o
 .text.compile_atom_brace
                0x0000000000012f97      0x262 build/py/compile.o
 .text.compile_try_except
                0x00000000000131f9      0x2c5 build/py/compile.o
 .text.compile_try_finally
                0x00000000000134be       0xe1 build/py/compile.o
 .text.compile_try_stmt
                0x000000000001359f       0xe2 build/py/compile.o
 .text.mp_compile_to_raw_code
                0x0000000000013681      0x534 build/py/compile.o
                0x0000000000013681                mp_compile_to_raw_code
 .text.mp_emit_common_get_id_for_modification
                0x0000000000013bb5       0x1d build/py/emitcommon.o
                0x0000000000013bb5                mp_emit_common_get_id_for_modification
 .text.mp_emit_common_id_op
                0x0000000000013bd2       0xb5 build/py/emitcommon.o
                0x0000000000013bd2                mp_emit_common_id_op
 .text.mp_emit_bc_last_emit_was_return_value
                0x0000000000013c87        0x8 build/py/emitbc.o
                0x0000000000013c87                mp_emit_bc_last_emit_was_return_value
 .text.emit_get_cur_to_write_code_info
                0x0000000000013c8f       0x4a build/py/emitbc.o
 .text.emit_write_code_info_byte
                0x0000000000013cd9       0x11 build/py/emitbc.o
 .text.emit_write_code_info_qstr
                0x0000000000013cea       0x19 build/py/emitbc.o
 .text.mp_emit_bc_start_pass
                0x0000000000013d03      0x25c build/py/emitbc.o
                0x0000000000013d03                mp_emit_bc_start_pass
 .text.mp_emit_bc_adjust_stack_size
                0x0000000000013f5f       0x4f build/py/emitbc.o
                0x0000000000013f5f                mp_emit_bc_adjust_stack_size
 .text.mp_emit_bc_for_iter_end
                0x0000000000013fae        0xc build/py/emitbc.o
                0x0000000000013fae                mp_emit_bc_for_iter_end
 .text.mp_emit_bc_start_except_handler
                0x0000000000013fba        0xa build/py/emitbc.o
                0x0000000000013fba                mp_emit_bc_start_except_handler
 .text.mp_emit_bc_end_except_handler
                0x0000000000013fc4        0xc build/py/emitbc.o
                0x0000000000013fc4                mp_emit_bc_end_except_handler
 .text.mp_emit_bc_set_source_line
                0x0000000000013fd0      0x10f build/py/emitbc.o
                0x0000000000013fd0                mp_emit_bc_set_source_line
 .text.mp_emit_bc_label_assign
                0x00000000000140df       0xa4 build/py/emitbc.o
                0x00000000000140df                mp_emit_bc_label_assign
 .text.emit_get_cur_to_write_bytecode
                0x0000000000014183       0x4e build/py/emitbc.o
 .text.emit_write_bytecode_byte
                0x00000000000141d1       0x27 build/py/emitbc.o
 .text.mp_emit_bc_load_null
                0x00000000000141f8        0xf build/py/emitbc.o
                0x00000000000141f8                mp_emit_bc_load_null
 .text.mp_emit_bc_load_build_class
                0x0000000000014207        0xf build/py/emitbc.o
                0x0000000000014207                mp_emit_bc_load_build_class
 .text.mp_emit_bc_dup_top
                0x0000000000014216        0xf build/py/emitbc.o
                0x0000000000014216                mp_emit_bc_dup_top
 .text.mp_emit_bc_dup_top_two
                0x0000000000014225        0xf build/py/emitbc.o
                0x0000000000014225                mp_emit_bc_dup_top_two
 .text.mp_emit_bc_pop_top
                0x0000000000014234        0xd build/py/emitbc.o
                0x0000000000014234                mp_emit_bc_pop_top
 .text.mp_emit_bc_rot_two
                0x0000000000014241        0xc build/py/emitbc.o
                0x0000000000014241                mp_emit_bc_rot_two
 .text.mp_emit_bc_rot_three
                0x000000000001424d        0xc build/py/emitbc.o
                0x000000000001424d                mp_emit_bc_rot_three
 .text.mp_emit_bc_end_finally
                0x0000000000014259        0xd build/py/emitbc.o
                0x0000000000014259                mp_emit_bc_end_finally
 .text.mp_emit_bc_get_iter
                0x0000000000014266       0x1b build/py/emitbc.o
                0x0000000000014266                mp_emit_bc_get_iter
 .text.mp_emit_bc_unary_op
                0x0000000000014281        0xd build/py/emitbc.o
                0x0000000000014281                mp_emit_bc_unary_op
 .text.mp_emit_bc_store_map
                0x000000000001428e        0xf build/py/emitbc.o
                0x000000000001428e                mp_emit_bc_store_map
 .text.mp_emit_bc_return_value
                0x000000000001429d       0x17 build/py/emitbc.o
                0x000000000001429d                mp_emit_bc_return_value
 .text.mp_emit_bc_yield
                0x00000000000142b4       0x1c build/py/emitbc.o
                0x00000000000142b4                mp_emit_bc_yield
 .text.emit_write_bytecode_raw_byte
                0x00000000000142d0       0x11 build/py/emitbc.o
 .text.emit_write_bytecode_byte_signed_label
                0x00000000000142e1       0x51 build/py/emitbc.o
 .text.mp_emit_bc_jump
                0x0000000000014332        0xf build/py/emitbc.o
                0x0000000000014332                mp_emit_bc_jump
 .text.emit_write_bytecode_byte_unsigned_label
                0x0000000000014341       0x58 build/py/emitbc.o
 .text.mp_emit_bc_setup_block
                0x0000000000014399       0x16 build/py/emitbc.o
                0x0000000000014399                mp_emit_bc_setup_block
 .text.mp_emit_bc_for_iter
                0x00000000000143af       0x12 build/py/emitbc.o
                0x00000000000143af                mp_emit_bc_for_iter
 .text.mp_emit_bc_pop_except_jump
                0x00000000000143c1        0xf build/py/emitbc.o
                0x00000000000143c1                mp_emit_bc_pop_except_jump
 .text.mp_emit_bc_subscr
                0x00000000000143d0       0x37 build/py/emitbc.o
                0x00000000000143d0                mp_emit_bc_subscr
 .text.mp_emit_bc_binary_op
                0x0000000000014407       0x51 build/py/emitbc.o
                0x0000000000014407                mp_emit_bc_binary_op
 .text.mp_emit_bc_pop_jump_if
                0x0000000000014458       0x1a build/py/emitbc.o
                0x0000000000014458                mp_emit_bc_pop_jump_if
 .text.mp_emit_bc_jump_if_or_pop
                0x0000000000014472       0x1a build/py/emitbc.o
                0x0000000000014472                mp_emit_bc_jump_if_or_pop
 .text.mp_emit_bc_unwind_jump
                0x000000000001448c       0xa3 build/py/emitbc.o
                0x000000000001448c                mp_emit_bc_unwind_jump
 .text.emit_write_bytecode_byte_qstr
                0x000000000001452f       0x5c build/py/emitbc.o
 .text.mp_emit_bc_import
                0x000000000001458b       0x2a build/py/emitbc.o
                0x000000000001458b                mp_emit_bc_import
 .text.mp_emit_bc_load_const_str
                0x00000000000145b5       0x12 build/py/emitbc.o
                0x00000000000145b5                mp_emit_bc_load_const_str
 .text.mp_emit_bc_load_global
                0x00000000000145c7       0x2d build/py/emitbc.o
                0x00000000000145c7                mp_emit_bc_load_global
 .text.mp_emit_bc_load_method
                0x00000000000145f4       0x1c build/py/emitbc.o
                0x00000000000145f4                mp_emit_bc_load_method
 .text.mp_emit_bc_attr
                0x0000000000014610       0x64 build/py/emitbc.o
                0x0000000000014610                mp_emit_bc_attr
 .text.mp_emit_bc_store_global
                0x0000000000014674       0x11 build/py/emitbc.o
                0x0000000000014674                mp_emit_bc_store_global
 .text.mp_emit_bc_delete_global
                0x0000000000014685       0x10 build/py/emitbc.o
                0x0000000000014685                mp_emit_bc_delete_global
 .text.mp_emit_bc_raise_varargs
                0x0000000000014695       0x36 build/py/emitbc.o
                0x0000000000014695                mp_emit_bc_raise_varargs
 .text.mp_emit_bc_end_pass
                0x00000000000146cb      0x165 build/py/emitbc.o
                0x00000000000146cb                mp_emit_bc_end_pass
 .text.mp_emit_bc_load_const_small_int
                0x0000000000014830       0xf3 build/py/emitbc.o
                0x0000000000014830                mp_emit_bc_load_const_small_int
 .text.emit_write_bytecode_byte_uint
                0x0000000000014923       0x9c build/py/emitbc.o
 .text.emit_write_bytecode_byte_raw_code
                0x00000000000149bf       0x47 build/py/emitbc.o
 .text.mp_emit_bc_make_function
                0x0000000000014a06       0x25 build/py/emitbc.o
                0x0000000000014a06                mp_emit_bc_make_function
 .text.mp_emit_bc_make_closure
                0x0000000000014a2b       0x72 build/py/emitbc.o
                0x0000000000014a2b                mp_emit_bc_make_closure
 .text.mp_emit_bc_delete_local
                0x0000000000014a9d       0x12 build/py/emitbc.o
                0x0000000000014a9d                mp_emit_bc_delete_local
 .text.mp_emit_bc_build
                0x0000000000014aaf       0x1a build/py/emitbc.o
                0x0000000000014aaf                mp_emit_bc_build
 .text.mp_emit_bc_store_comp
                0x0000000000014ac9       0x3c build/py/emitbc.o
                0x0000000000014ac9                mp_emit_bc_store_comp
 .text.mp_emit_bc_unpack_sequence
                0x0000000000014b05       0x10 build/py/emitbc.o
                0x0000000000014b05                mp_emit_bc_unpack_sequence
 .text.mp_emit_bc_unpack_ex
                0x0000000000014b15       0x16 build/py/emitbc.o
                0x0000000000014b15                mp_emit_bc_unpack_ex
 .text.emit_bc_call_function_method_helper
                0x0000000000014b2b       0x1f build/py/emitbc.o
 .text.mp_emit_bc_call_function
                0x0000000000014b4a       0x15 build/py/emitbc.o
                0x0000000000014b4a                mp_emit_bc_call_function
 .text.mp_emit_bc_call_method
                0x0000000000014b5f       0x16 build/py/emitbc.o
                0x0000000000014b5f                mp_emit_bc_call_method
 .text.mp_emit_bc_load_local
                0x0000000000014b75       0x30 build/py/emitbc.o
                0x0000000000014b75                mp_emit_bc_load_local
 .text.mp_emit_bc_store_local
                0x0000000000014ba5       0x2c build/py/emitbc.o
                0x0000000000014ba5                mp_emit_bc_store_local
 .text.emit_write_bytecode_byte_obj.constprop.22
                0x0000000000014bd1       0x3d build/py/emitbc.o
 .text.mp_emit_bc_load_const_tok
                0x0000000000014c0e       0x22 build/py/emitbc.o
                0x0000000000014c0e                mp_emit_bc_load_const_tok
 .text.mp_emit_bc_with_cleanup
                0x0000000000014c30       0x45 build/py/emitbc.o
                0x0000000000014c30                mp_emit_bc_with_cleanup
 .text.mp_emit_bc_load_const_obj
                0x0000000000014c75        0x5 build/py/emitbc.o
                0x0000000000014c75                mp_emit_bc_load_const_obj
 .text.emit_bc_new
                0x0000000000014c7a        0xa build/py/emitbc.o
                0x0000000000014c7a                emit_bc_new
 .text.emit_bc_set_max_num_labels
                0x0000000000014c84       0x1b build/py/emitbc.o
                0x0000000000014c84                emit_bc_set_max_num_labels
 .text.emit_bc_free
                0x0000000000014c9f       0x16 build/py/emitbc.o
                0x0000000000014c9f                emit_bc_free
 .text.mp_asm_base_init
                0x0000000000014cb5       0x1b build/py/asmbase.o
                0x0000000000014cb5                mp_asm_base_init
 .text.mp_asm_base_deinit
                0x0000000000014cd0       0x1c build/py/asmbase.o
                0x0000000000014cd0                mp_asm_base_deinit
 .text.mp_asm_base_start_pass
                0x0000000000014cec       0x6c build/py/asmbase.o
                0x0000000000014cec                mp_asm_base_start_pass
 .text.mp_asm_base_get_cur_to_write_bytes
                0x0000000000014d58       0x42 build/py/asmbase.o
                0x0000000000014d58                mp_asm_base_get_cur_to_write_bytes
 .text.mp_asm_base_label_assign
                0x0000000000014d9a       0x87 build/py/asmbase.o
                0x0000000000014d9a                mp_asm_base_label_assign
 .text.mp_asm_base_align
                0x0000000000014e21       0x14 build/py/asmbase.o
                0x0000000000014e21                mp_asm_base_align
 .text.mp_asm_base_data
                0x0000000000014e35       0x2e build/py/asmbase.o
                0x0000000000014e35                mp_asm_base_data
 .text.asm_x64_write_byte_1
                0x0000000000014e63       0x16 build/py/asmx64.o
 .text.asm_x64_write_byte_2
                0x0000000000014e79       0x23 build/py/asmx64.o
 .text.asm_x64_write_byte_3
                0x0000000000014e9c       0x29 build/py/asmx64.o
 .text.asm_x64_generic_r64_r64
                0x0000000000014ec5       0x38 build/py/asmx64.o
 .text.asm_x64_write_word32
                0x0000000000014efd       0x27 build/py/asmx64.o
 .text.asm_x64_write_r64_disp
                0x0000000000014f24       0x99 build/py/asmx64.o
 .text.asm_x64_sub_r64_i32.constprop.6
                0x0000000000014fbd       0x58 build/py/asmx64.o
 .text.asm_x64_mov_r64_r64
                0x0000000000015015        0xa build/py/asmx64.o
                0x0000000000015015                asm_x64_mov_r64_r64
 .text.asm_x64_mov_r8_to_mem8
                0x000000000001501f       0x68 build/py/asmx64.o
                0x000000000001501f                asm_x64_mov_r8_to_mem8
 .text.asm_x64_mov_r16_to_mem16
                0x0000000000015087       0x71 build/py/asmx64.o
                0x0000000000015087                asm_x64_mov_r16_to_mem16
 .text.asm_x64_mov_r32_to_mem32
                0x00000000000150f8       0x68 build/py/asmx64.o
                0x00000000000150f8                asm_x64_mov_r32_to_mem32
 .text.asm_x64_mov_r64_to_mem64
                0x0000000000015160       0x4f build/py/asmx64.o
                0x0000000000015160                asm_x64_mov_r64_to_mem64
 .text.asm_x64_mov_mem8_to_r64zx
                0x00000000000151af       0x7a build/py/asmx64.o
                0x00000000000151af                asm_x64_mov_mem8_to_r64zx
 .text.asm_x64_mov_mem16_to_r64zx
                0x0000000000015229       0x7a build/py/asmx64.o
                0x0000000000015229                asm_x64_mov_mem16_to_r64zx
 .text.asm_x64_mov_mem32_to_r64zx
                0x00000000000152a3       0x70 build/py/asmx64.o
                0x00000000000152a3                asm_x64_mov_mem32_to_r64zx
 .text.asm_x64_mov_mem64_to_r64
                0x0000000000015313       0x4c build/py/asmx64.o
                0x0000000000015313                asm_x64_mov_mem64_to_r64
 .text.asm_x64_mov_i32_to_r64
                0x000000000001535f       0x41 build/py/asmx64.o
                0x000000000001535f                asm_x64_mov_i32_to_r64
 .text.asm_x64_mov_i64_to_r64
                0x00000000000153a0       0x81 build/py/asmx64.o
                0x00000000000153a0                asm_x64_mov_i64_to_r64
 .text.asm_x64_mov_i64_to_r64_optimised
                0x0000000000015421       0x19 build/py/asmx64.o
                0x0000000000015421                asm_x64_mov_i64_to_r64_optimised
 .text.asm_x64_and_r64_r64
                0x000000000001543a        0xa build/py/asmx64.o
                0x000000000001543a                asm_x64_and_r64_r64
 .text.asm_x64_or_r64_r64
                0x0000000000015444        0xa build/py/asmx64.o
                0x0000000000015444                asm_x64_or_r64_r64
 .text.asm_x64_xor_r64_r64
                0x000000000001544e        0xa build/py/asmx64.o
                0x000000000001544e                asm_x64_xor_r64_r64
 .text.asm_x64_shl_r64_cl
                0x0000000000015458        0xf build/py/asmx64.o
                0x0000000000015458                asm_x64_shl_r64_cl
 .text.asm_x64_shr_r64_cl
                0x0000000000015467        0xf build/py/asmx64.o
                0x0000000000015467                asm_x64_shr_r64_cl
 .text.asm_x64_sar_r64_cl
                0x0000000000015476        0xf build/py/asmx64.o
                0x0000000000015476                asm_x64_sar_r64_cl
 .text.asm_x64_add_r64_r64
                0x0000000000015485        0xa build/py/asmx64.o
                0x0000000000015485                asm_x64_add_r64_r64
 .text.asm_x64_sub_r64_r64
                0x000000000001548f        0xa build/py/asmx64.o
                0x000000000001548f                asm_x64_sub_r64_r64
 .text.asm_x64_mul_r64_r64
                0x0000000000015499       0x56 build/py/asmx64.o
                0x0000000000015499                asm_x64_mul_r64_r64
 .text.asm_x64_cmp_r64_with_r64
                0x00000000000154ef       0x10 build/py/asmx64.o
                0x00000000000154ef                asm_x64_cmp_r64_with_r64
 .text.asm_x64_test_r8_with_r8
                0x00000000000154ff       0x65 build/py/asmx64.o
                0x00000000000154ff                asm_x64_test_r8_with_r8
 .text.asm_x64_test_r64_with_r64
                0x0000000000015564       0x10 build/py/asmx64.o
                0x0000000000015564                asm_x64_test_r64_with_r64
 .text.asm_x64_setcc_r8
                0x0000000000015574       0x41 build/py/asmx64.o
                0x0000000000015574                asm_x64_setcc_r8
 .text.asm_x64_jmp_reg
                0x00000000000155b5       0x3a build/py/asmx64.o
                0x00000000000155b5                asm_x64_jmp_reg
 .text.asm_x64_jmp_label
                0x00000000000155ef       0x72 build/py/asmx64.o
                0x00000000000155ef                asm_x64_jmp_label
 .text.asm_x64_jcc_label
                0x0000000000015661       0x7b build/py/asmx64.o
                0x0000000000015661                asm_x64_jcc_label
 .text.asm_x64_entry
                0x00000000000156dc       0x82 build/py/asmx64.o
                0x00000000000156dc                asm_x64_entry
 .text.asm_x64_exit
                0x000000000001575e       0x59 build/py/asmx64.o
                0x000000000001575e                asm_x64_exit
 .text.asm_x64_mov_local_to_r64
                0x00000000000157b7       0x11 build/py/asmx64.o
                0x00000000000157b7                asm_x64_mov_local_to_r64
 .text.asm_x64_mov_r64_to_local
                0x00000000000157c8       0x11 build/py/asmx64.o
                0x00000000000157c8                asm_x64_mov_r64_to_local
 .text.asm_x64_mov_local_addr_to_r64
                0x00000000000157d9       0x6a build/py/asmx64.o
                0x00000000000157d9                asm_x64_mov_local_addr_to_r64
 .text.asm_x64_mov_reg_pcrel
                0x0000000000015843       0x57 build/py/asmx64.o
                0x0000000000015843                asm_x64_mov_reg_pcrel
 .text.asm_x64_call_ind
                0x000000000001589a       0x5a build/py/asmx64.o
                0x000000000001589a                asm_x64_call_ind
 .text.emit_native_last_emit_was_return_value
                0x00000000000158f4        0x7 build/py/emitnx64.o
 .text.emit_native_set_source_line
                0x00000000000158fb        0x1 build/py/emitnx64.o
 .text.emit_native_x64_new
                0x00000000000158fc       0x7a build/py/emitnx64.o
                0x00000000000158fc                emit_native_x64_new
 .text.emit_native_x64_free
                0x0000000000015976       0x42 build/py/emitnx64.o
                0x0000000000015976                emit_native_x64_free
 .text.ensure_extra_stack
                0x00000000000159b8       0x3a build/py/emitnx64.o
 .text.emit_native_push_exc_stack
                0x00000000000159f2       0xaa build/py/emitnx64.o
 .text.adjust_stack
                0x0000000000015a9c       0x71 build/py/emitnx64.o
 .text.emit_native_end_except_handler
                0x0000000000015b0d        0x9 build/py/emitnx64.o
 .text.emit_pre_pop_discard
                0x0000000000015b16       0x10 build/py/emitnx64.o
 .text.emit_native_pop_top
                0x0000000000015b26        0x5 build/py/emitnx64.o
 .text.emit_native_for_iter_end
                0x0000000000015b2b       0x13 build/py/emitnx64.o
 .text.emit_post_push_reg
                0x0000000000015b3e       0x40 build/py/emitnx64.o
 .text.emit_post_push_imm
                0x0000000000015b7e       0x42 build/py/emitnx64.o
 .text.emit_native_load_null
                0x0000000000015bc0       0x10 build/py/emitnx64.o
 .text.emit_native_load_const_small_int
                0x0000000000015bd0       0x14 build/py/emitnx64.o
 .text.emit_native_adjust_stack_size
                0x0000000000015be4       0x5e build/py/emitnx64.o
 .text.emit_native_leave_exc_stack
                0x0000000000015c42       0x8c build/py/emitnx64.o
 .text.emit_native_start_except_handler
                0x0000000000015cce       0x2e build/py/emitnx64.o
 .text.emit_native_mov_reg_state
                0x0000000000015cfc       0x33 build/py/emitnx64.o
 .text.emit_load_reg_with_ptr
                0x0000000000015d2f       0x79 build/py/emitnx64.o
 .text.emit_native_mov_state_reg
                0x0000000000015da8       0x2f build/py/emitnx64.o
 .text.need_reg_single
                0x0000000000015dd7       0x61 build/py/emitnx64.o
 .text.emit_native_load_fast
                0x0000000000015e38       0xa0 build/py/emitnx64.o
 .text.need_reg_all
                0x0000000000015ed8       0x44 build/py/emitnx64.o
 .text.emit_call_with_imm_arg
                0x0000000000015f1c       0x43 build/py/emitnx64.o
 .text.emit_call
                0x0000000000015f5f       0x23 build/py/emitnx64.o
 .text.emit_native_load_build_class
                0x0000000000015f82       0x22 build/py/emitnx64.o
 .text.emit_call_with_qstr_arg
                0x0000000000015fa4       0x74 build/py/emitnx64.o
 .text.emit_native_delete_global
                0x0000000000016018       0x1a build/py/emitnx64.o
 .text.emit_native_load_global
                0x0000000000016032       0x60 build/py/emitnx64.o
 .text.emit_native_mov_reg_state_addr
                0x0000000000016092       0x4e build/py/emitnx64.o
 .text.emit_get_stack_pointer_to_reg_for_push
                0x00000000000160e0       0x73 build/py/emitnx64.o
 .text.emit_native_load_const_obj
                0x0000000000016153       0x53 build/py/emitnx64.o
 .text.emit_native_load_const_tok
                0x00000000000161a6       0x38 build/py/emitnx64.o
 .text.emit_fold_stack_top.constprop.28
                0x00000000000161de       0x5a build/py/emitnx64.o
 .text.emit_native_load_const_str
                0x0000000000016238       0x70 build/py/emitnx64.o
 .text.emit_call_with_2_imm_args.constprop.30
                0x00000000000162a8       0x59 build/py/emitnx64.o
 .text.peek_vtype
                0x0000000000016301       0x1d build/py/emitnx64.o
 .text.load_reg_stack_imm
                0x000000000001631e       0xa4 build/py/emitnx64.o
 .text.need_stack_settled
                0x00000000000163c2       0x98 build/py/emitnx64.o
 .text.emit_native_jump
                0x000000000001645a       0x2f build/py/emitnx64.o
 .text.emit_native_pop_except_jump
                0x0000000000016489       0x4a build/py/emitnx64.o
 .text.emit_native_unwind_jump
                0x00000000000164d3      0x123 build/py/emitnx64.o
 .text.emit_access_stack
                0x00000000000165f6       0x9a build/py/emitnx64.o
 .text.emit_pre_pop_reg
                0x0000000000016690       0x27 build/py/emitnx64.o
 .text.emit_pre_pop_reg_reg
                0x00000000000166b7       0x2f build/py/emitnx64.o
 .text.emit_native_rot_two
                0x00000000000166e6       0x6a build/py/emitnx64.o
 .text.emit_native_dup_top_two
                0x0000000000016750       0x8e build/py/emitnx64.o
 .text.emit_native_make_function
                0x00000000000167de      0x11f build/py/emitnx64.o
 .text.emit_pre_pop_reg_reg_reg
                0x00000000000168fd       0x4c build/py/emitnx64.o
 .text.emit_native_rot_three
                0x0000000000016949       0x93 build/py/emitnx64.o
 .text.emit_native_store_map
                0x00000000000169dc       0xdf build/py/emitnx64.o
 .text.emit_native_label_assign
                0x0000000000016abb       0xb2 build/py/emitnx64.o
 .text.emit_native_end_finally
                0x0000000000016b6d      0x114 build/py/emitnx64.o
 .text.emit_native_end_pass
                0x0000000000016c81      0x427 build/py/emitnx64.o
 .text.emit_native_global_exc_entry
                0x00000000000170a8      0x342 build/py/emitnx64.o
 .text.emit_native_start_pass
                0x00000000000173ea      0x763 build/py/emitnx64.o
 .text.emit_native_unpack_ex
                0x0000000000017b4d       0xa2 build/py/emitnx64.o
 .text.emit_native_unpack_sequence
                0x0000000000017bef       0x92 build/py/emitnx64.o
 .text.emit_native_get_iter
                0x0000000000017c81       0xbe build/py/emitnx64.o
 .text.emit_native_raise_varargs
                0x0000000000017d3f       0x98 build/py/emitnx64.o
 .text.emit_native_unary_op
                0x0000000000017dd7       0xa3 build/py/emitnx64.o
 .text.emit_native_store_fast
                0x0000000000017e7a       0xf4 build/py/emitnx64.o
 .text.emit_native_delete_local
                0x0000000000017f6e       0x37 build/py/emitnx64.o
 .text.emit_native_jump_helper
                0x0000000000017fa5      0x15d build/py/emitnx64.o
 .text.emit_native_jump_if_or_pop
                0x0000000000018102        0xb build/py/emitnx64.o
 .text.emit_native_pop_jump_if
                0x000000000001810d        0xe build/py/emitnx64.o
 .text.emit_native_attr
                0x000000000001811b      0x131 build/py/emitnx64.o
 .text.emit_native_store_global
                0x000000000001824c       0xe1 build/py/emitnx64.o
 .text.emit_pre_pop_reg_flexible
                0x000000000001832d       0x63 build/py/emitnx64.o
 .text.emit_native_dup_top
                0x0000000000018390       0x77 build/py/emitnx64.o
 .text.emit_native_store_local
                0x0000000000018407       0xcf build/py/emitnx64.o
 .text.emit_native_load_local
                0x00000000000184d6       0xa3 build/py/emitnx64.o
 .text.emit_native_binary_op
                0x0000000000018579      0x3e0 build/py/emitnx64.o
 .text.emit_native_store_comp
                0x0000000000018959      0x15d build/py/emitnx64.o
 .text.emit_native_import
                0x0000000000018ab6      0x151 build/py/emitnx64.o
 .text.emit_get_stack_pointer_to_reg_for_pop
                0x0000000000018c07      0x136 build/py/emitnx64.o
 .text.emit_native_yield
                0x0000000000018d3d      0x250 build/py/emitnx64.o
 .text.emit_native_call_method
                0x0000000000018f8d       0x74 build/py/emitnx64.o
 .text.emit_native_call_function
                0x0000000000019001      0x1c3 build/py/emitnx64.o
 .text.emit_native_make_closure
                0x00000000000191c4       0xa8 build/py/emitnx64.o
 .text.emit_native_build
                0x000000000001926c      0x1b2 build/py/emitnx64.o
 .text.emit_native_return_value
                0x000000000001941e      0x1ba build/py/emitnx64.o
 .text.emit_native_for_iter
                0x00000000000195d8       0x6f build/py/emitnx64.o
 .text.emit_native_with_cleanup
                0x0000000000019647      0x201 build/py/emitnx64.o
 .text.emit_native_setup_block
                0x0000000000019848      0x197 build/py/emitnx64.o
 .text.emit_native_load_method
                0x00000000000199df       0xc8 build/py/emitnx64.o
 .text.emit_native_subscr
                0x0000000000019aa7      0x892 build/py/emitnx64.o
 .text.asm_x86_write_byte_2
                0x000000000001a339       0x23 build/py/asmx86.o
 .text.asm_x86_generic_r32_r32
                0x000000000001a35c       0x19 build/py/asmx86.o
 .text.asm_x86_write_byte_1
                0x000000000001a375       0x16 build/py/asmx86.o
 .text.asm_x86_write_word32
                0x000000000001a38b       0x27 build/py/asmx86.o
 .text.asm_x86_write_r32_disp
                0x000000000001a3b2       0x90 build/py/asmx86.o
 .text.asm_x86_sub_r32_i32.constprop.5
                0x000000000001a442       0x4e build/py/asmx86.o
 .text.asm_x86_mov_r32_r32
                0x000000000001a490        0xa build/py/asmx86.o
                0x000000000001a490                asm_x86_mov_r32_r32
 .text.asm_x86_mov_r8_to_mem8
                0x000000000001a49a       0x35 build/py/asmx86.o
                0x000000000001a49a                asm_x86_mov_r8_to_mem8
 .text.asm_x86_mov_r16_to_mem16
                0x000000000001a4cf       0x3c build/py/asmx86.o
                0x000000000001a4cf                asm_x86_mov_r16_to_mem16
 .text.asm_x86_mov_r32_to_mem32
                0x000000000001a50b       0x35 build/py/asmx86.o
                0x000000000001a50b                asm_x86_mov_r32_to_mem32
 .text.asm_x86_mov_mem8_to_r32zx
                0x000000000001a540       0x3b build/py/asmx86.o
                0x000000000001a540                asm_x86_mov_mem8_to_r32zx
 .text.asm_x86_mov_mem16_to_r32zx
                0x000000000001a57b       0x3b build/py/asmx86.o
                0x000000000001a57b                asm_x86_mov_mem16_to_r32zx
 .text.asm_x86_mov_mem32_to_r32
                0x000000000001a5b6       0x36 build/py/asmx86.o
                0x000000000001a5b6                asm_x86_mov_mem32_to_r32
 .text.asm_x86_mov_i32_to_r32
                0x000000000001a5ec       0x2c build/py/asmx86.o
                0x000000000001a5ec                asm_x86_mov_i32_to_r32
 .text.asm_x86_and_r32_r32
                0x000000000001a618        0xa build/py/asmx86.o
                0x000000000001a618                asm_x86_and_r32_r32
 .text.asm_x86_or_r32_r32
                0x000000000001a622        0xa build/py/asmx86.o
                0x000000000001a622                asm_x86_or_r32_r32
 .text.asm_x86_xor_r32_r32
                0x000000000001a62c        0xa build/py/asmx86.o
                0x000000000001a62c                asm_x86_xor_r32_r32
 .text.asm_x86_shl_r32_cl
                0x000000000001a636       0x11 build/py/asmx86.o
                0x000000000001a636                asm_x86_shl_r32_cl
 .text.asm_x86_shr_r32_cl
                0x000000000001a647       0x11 build/py/asmx86.o
                0x000000000001a647                asm_x86_shr_r32_cl
 .text.asm_x86_sar_r32_cl
                0x000000000001a658       0x11 build/py/asmx86.o
                0x000000000001a658                asm_x86_sar_r32_cl
 .text.asm_x86_add_r32_r32
                0x000000000001a669        0xa build/py/asmx86.o
                0x000000000001a669                asm_x86_add_r32_r32
 .text.asm_x86_sub_r32_r32
                0x000000000001a673        0xa build/py/asmx86.o
                0x000000000001a673                asm_x86_sub_r32_r32
 .text.asm_x86_mul_r32_r32
                0x000000000001a67d       0x2d build/py/asmx86.o
                0x000000000001a67d                asm_x86_mul_r32_r32
 .text.asm_x86_cmp_r32_with_r32
                0x000000000001a6aa       0x10 build/py/asmx86.o
                0x000000000001a6aa                asm_x86_cmp_r32_with_r32
 .text.asm_x86_test_r8_with_r8
                0x000000000001a6ba       0x15 build/py/asmx86.o
                0x000000000001a6ba                asm_x86_test_r8_with_r8
 .text.asm_x86_test_r32_with_r32
                0x000000000001a6cf       0x10 build/py/asmx86.o
                0x000000000001a6cf                asm_x86_test_r32_with_r32
 .text.asm_x86_setcc_r8
                0x000000000001a6df       0x2e build/py/asmx86.o
                0x000000000001a6df                asm_x86_setcc_r8
 .text.asm_x86_jmp_reg
                0x000000000001a70d       0x11 build/py/asmx86.o
                0x000000000001a70d                asm_x86_jmp_reg
 .text.asm_x86_jmp_label
                0x000000000001a71e       0x72 build/py/asmx86.o
                0x000000000001a71e                asm_x86_jmp_label
 .text.asm_x86_jcc_label
                0x000000000001a790       0x7b build/py/asmx86.o
                0x000000000001a790                asm_x86_jcc_label
 .text.asm_x86_entry
                0x000000000001a80b       0x78 build/py/asmx86.o
                0x000000000001a80b                asm_x86_entry
 .text.asm_x86_exit
                0x000000000001a883       0x4f build/py/asmx86.o
                0x000000000001a883                asm_x86_exit
 .text.asm_x86_mov_arg_to_r32
                0x000000000001a8d2       0x18 build/py/asmx86.o
                0x000000000001a8d2                asm_x86_mov_arg_to_r32
 .text.asm_x86_mov_local_to_r32
                0x000000000001a8ea       0x11 build/py/asmx86.o
                0x000000000001a8ea                asm_x86_mov_local_to_r32