
Allocating common symbols
Common symbol       size              file

USB_AltSetting      0x4               build/usbcore.o
EP0Buf              0x8               build/usbcore.o
USB_EndPointMask    0x4               build/usbcore.o
USB_DeviceAddress   0x1               build/usbcore.o
BulkBufOut          0x40              build/cdcuser.o
USB_EndPointStall   0x4               build/usbcore.o
NotificationBuf     0xa               build/cdcuser.o
ser_in              0x88              build/serial.o
mp_state_ctx        0x1b4             build/py/mpstate.o
ser_txRestart       0x4               build/serial.o
BulkBufIn           0x40              build/cdcuser.o
USB_EndPointHalt    0x4               build/usbcore.o
USB_Configuration   0x1               build/usbcore.o
ser_lineState       0x2               build/serial.o
SetupPacket         0x8               build/usbcore.o
USB_NumInterfaces   0x1               build/usbcore.o
ser_out             0x88              build/serial.o
EP0Data             0x8               build/usbcore.o
CDC_OutBuf          0x48              build/cdcuser.o
USB_DeviceStatus    0x2               build/usbcore.o

Discarded input sections

 .text          0x0000000000000000        0x0 build/py/mpstate.o
 .data          0x0000000000000000        0x0 build/py/mpstate.o
 .bss           0x0000000000000000        0x0 build/py/mpstate.o
 .text          0x0000000000000000        0x0 build/py/nlr.o
 .data          0x0000000000000000        0x0 build/py/nlr.o
 .bss           0x0000000000000000        0x0 build/py/nlr.o
 .text          0x0000000000000000        0x0 build/py/nlrx86.o
 .data          0x0000000000000000        0x0 build/py/nlrx86.o
 .bss           0x0000000000000000        0x0 build/py/nlrx86.o
 .text          0x0000000000000000        0x0 build/py/nlrx64.o
 .data          0x0000000000000000        0x0 build/py/nlrx64.o
 .bss           0x0000000000000000        0x0 build/py/nlrx64.o
 .text          0x0000000000000000        0x0 build/py/nlrthumb.o
 .data          0x0000000000000000        0x0 build/py/nlrthumb.o
 .bss           0x0000000000000000        0x0 build/py/nlrthumb.o
 .text          0x0000000000000000        0x0 build/py/nlrpowerpc.o
 .data          0x0000000000000000        0x0 build/py/nlrpowerpc.o
 .bss           0x0000000000000000        0x0 build/py/nlrpowerpc.o
 .text          0x0000000000000000        0x0 build/py/nlrxtensa.o
 .data          0x0000000000000000        0x0 build/py/nlrxtensa.o
 .bss           0x0000000000000000        0x0 build/py/nlrxtensa.o
 .text          0x0000000000000000        0x0 build/py/nlrsetjmp.o
 .data          0x0000000000000000        0x0 build/py/nlrsetjmp.o
 .bss           0x0000000000000000        0x0 build/py/nlrsetjmp.o
 .text          0x0000000000000000        0x0 build/py/malloc.o
 .data          0x0000000000000000        0x0 build/py/malloc.o
 .bss           0x0000000000000000        0x0 build/py/malloc.o
 .text          0x0000000000000000        0x0 build/py/gc.o
 .data          0x0000000000000000        0x0 build/py/gc.o
 .bss           0x0000000000000000        0x0 build/py/gc.o
 .text.gc_sweep_all
                0x0000000000000000       0x1c build/py/gc.o
 .text.gc_nbytes
                0x0000000000000000       0x68 build/py/gc.o
 .text.gc_dump_alloc_table
                0x0000000000000000      0x180 build/py/gc.o
 .rodata.gc_dump_alloc_table.str1.4
                0x0000000000000000       0x47 build/py/gc.o
 .text          0x0000000000000000        0x0 build/py/pystack.o
 .data          0x0000000000000000        0x0 build/py/pystack.o
 .bss           0x0000000000000000        0x0 build/py/pystack.o
 .text          0x0000000000000000        0x0 build/py/qstr.o
 .data          0x0000000000000000        0x0 build/py/qstr.o
 .bss           0x0000000000000000        0x0 build/py/qstr.o
 .text.qstr_from_str
                0x0000000000000000       0x14 build/py/qstr.o
 .text.qstr_pool_info
                0x0000000000000000       0x78 build/py/qstr.o
 .text          0x0000000000000000        0x0 build/py/vstr.o
 .data          0x0000000000000000        0x0 build/py/vstr.o
 .bss           0x0000000000000000        0x0 build/py/vstr.o
 .text.vstr_new
                0x0000000000000000       0x16 build/py/vstr.o
 .text.vstr_free
                0x0000000000000000       0x1e build/py/vstr.o
 .text.vstr_hint_size
                0x0000000000000000        0x4 build/py/vstr.o
 .text.vstr_cut_head_bytes
                0x0000000000000000        0x8 build/py/vstr.o
 .text.vstr_vprintf
                0x0000000000000000       0x18 build/py/vstr.o
 .text.vstr_printf
                0x0000000000000000       0x1a build/py/vstr.o
 .text          0x0000000000000000        0x0 build/py/mpprint.o
 .data          0x0000000000000000        0x0 build/py/mpprint.o
 .bss           0x0000000000000000        0x0 build/py/mpprint.o
 .text          0x0000000000000000        0x0 build/py/unicode.o
[...]
Memory Configuration

Name             Origin             Length             Attributes
rom              0x0000000000000000 0x0000000000080000 xr
ram              0x0000000010000000 0x0000000000008000 xrw
ahbb0            0x000000002007c000 0x0000000000004000 rw
*default*        0x0000000000000000 0xffffffffffffffff

Linker script and memory map

                0x0000000010008000                PROVIDE (__cs3_stack, (__cs3_region_start_ram + __cs3_region_size_ram))
                [!provide]                        PROVIDE (__cs3_stack_size, ((__cs3_region_start_ram + __cs3_region_size_ram) - _end))
                [!provide]                        PROVIDE (__cs3_heap_start, _end)
                [!provide]                        PROVIDE (__cs3_heap_end, (__cs3_region_start_ram + __cs3_region_size_ram))

.text           0x0000000000000000    0x11e44
                0x0000000000000000                __cs3_region_start_rom = .
 *(.cs3.region-head.rom)
                0x0000000000000000                __cs3_interrupt_vector = __cs3_interrupt_vector_cortex_m
 *(.cs3.interrupt_vector)
 .cs3.interrupt_vector
                0x0000000000000000       0xc4 build/startup_LPC17xx.o
                0x0000000000000000                __cs3_interrupt_vector_cortex_m
                0x0000000000000001                ASSERT ((. != __cs3_interrupt_vector_cortex_m), No interrupt vector)
 *(.rom)
 *(.rom.b)
                0x00000000000000c4                __cs3_reset = __cs3_reset_cortex_m
 *(.cs3.reset)
 .cs3.reset     0x00000000000000c4       0x24 build/startup_LPC17xx.o
                0x00000000000000c4                __cs3_reset_cortex_m
                0x00000000000000dc                NMI_Handler
                0x00000000000000de                HardFault_Handler
                0x00000000000000e0                MemManage_Handler
                0x00000000000000e2                BusFault_Handler
                0x00000000000000e4                UsageFault_Handler
                0x0000000000000001                ASSERT ((. != __cs3_reset), No reset code)
 *(.text .text.* .gnu.linkonce.t.*)
 .text.nlr_push_tail
                0x00000000000000e8       0x10 build/py/nlr.o
                0x00000000000000e8                nlr_push_tail
 .text.nlr_pop  0x00000000000000f8       0x10 build/py/nlr.o
                0x00000000000000f8                nlr_pop
 .text.nlr_push
                0x0000000000000108       0x24 build/py/nlrthumb.o
                0x0000000000000108                nlr_push
 .text.nlr_jump
                0x000000000000012c       0x3c build/py/nlrthumb.o
                0x000000000000012c                nlr_jump
 .text.m_malloc
                0x0000000000000168       0x16 build/py/malloc.o
                0x0000000000000168                m_malloc
 .text.m_malloc_maybe
                0x000000000000017e        0x6 build/py/malloc.o
                0x000000000000017e                m_malloc_maybe
 .text.m_malloc0
                0x0000000000000184        0x4 build/py/malloc.o
                0x0000000000000184                m_malloc0
 .text.m_realloc
                0x0000000000000188       0x16 build/py/malloc.o
                0x0000000000000188                m_realloc
 .text.m_realloc_maybe
                0x000000000000019e        0x4 build/py/malloc.o
                0x000000000000019e                m_realloc_maybe
 .text.m_free   0x00000000000001a2        0x4 build/py/malloc.o
                0x00000000000001a2                m_free
 *fill*         0x00000000000001a6        0x2 
 .text.gc_mark_subtree
                0x00000000000001a8       0xb8 build/py/gc.o
 .text.gc_init  0x0000000000000260       0x48 build/py/gc.o
                0x0000000000000260                gc_init
 .text.gc_lock  0x00000000000002a8       0x14 build/py/gc.o
                0x00000000000002a8                gc_lock
 .text.gc_unlock
                0x00000000000002bc       0x14 build/py/gc.o
                0x00000000000002bc                gc_unlock
 .text.gc_is_locked
                0x00000000000002d0       0x14 build/py/gc.o
                0x00000000000002d0                gc_is_locked
 .text.gc_collect_start
                0x00000000000002e4       0x7c build/py/gc.o
                0x00000000000002e4                gc_collect_start
 .text.gc_collect_root
                0x0000000000000360       0x70 build/py/gc.o
                0x0000000000000360                gc_collect_root
 .text.gc_collect_end
                0x00000000000003d0       0xe0 build/py/gc.o
                0x00000000000003d0                gc_collect_end
 .text.gc_info  0x00000000000004b0       0xfc build/py/gc.o
                0x00000000000004b0                gc_info
 .text.gc_alloc
                0x00000000000005ac      0x140 build/py/gc.o
                0x00000000000005ac                gc_alloc
 .text.gc_free  0x00000000000006ec       0x64 build/py/gc.o
                0x00000000000006ec                gc_free
 .text.gc_realloc
                0x0000000000000750      0x1e8 build/py/gc.o
                0x0000000000000750                gc_realloc
 .text.gc_dump_info
                0x0000000000000938       0x40 build/py/gc.o
                0x0000000000000938                gc_dump_info
 .text.find_qstr
                0x0000000000000978       0x1c build/py/qstr.o
 .text.qstr_compute_hash
                0x0000000000000994       0x20 build/py/qstr.o
                0x0000000000000994                qstr_compute_hash
 .text.qstr_init
                0x00000000000009b4       0x18 build/py/qstr.o
                0x00000000000009b4                qstr_init
 .text.qstr_find_strn
                0x00000000000009cc       0x60 build/py/qstr.o
                0x00000000000009cc                qstr_find_strn
 .text.qstr_from_strn
                0x0000000000000a2c      0x124 build/py/qstr.o
                0x0000000000000a2c                qstr_from_strn
 .text.qstr_hash
                0x0000000000000b50        0xa build/py/qstr.o
                0x0000000000000b50                qstr_hash
 .text.qstr_len
                0x0000000000000b5a        0xa build/py/qstr.o
                0x0000000000000b5a                qstr_len
 .text.qstr_str
                0x0000000000000b64        0xa build/py/qstr.o
                0x0000000000000b64                qstr_str
 .text.qstr_data
                0x0000000000000b6e        0xe build/py/qstr.o
                0x0000000000000b6e                qstr_data
 .text.mp_decompress_rom_string
                0x0000000000000b7c       0x74 build/py/qstr.o
                0x0000000000000b7c                mp_decompress_rom_string
 .text.vstr_ensure_extra
                0x0000000000000bf0       0x38 build/py/vstr.o
 .text.vstr_add_strn
                0x0000000000000c28       0x24 build/py/vstr.o
                0x0000000000000c28                vstr_add_strn
 .text.vstr_ins_blank_bytes.constprop.2
                0x0000000000000c4c       0x2e build/py/vstr.o
 .text.vstr_init
                0x0000000000000c7a       0x22 build/py/vstr.o
                0x0000000000000c7a                vstr_init
 .text.vstr_init_len
                0x0000000000000c9c       0x10 build/py/vstr.o
                0x0000000000000c9c                vstr_init_len
 .text.vstr_init_fixed_buf
                0x0000000000000cac       0x12 build/py/vstr.o
                0x0000000000000cac                vstr_init_fixed_buf
 *fill*         0x0000000000000cbe        0x2 
 .text.vstr_init_print
                0x0000000000000cc0       0x18 build/py/vstr.o
                0x0000000000000cc0                vstr_init_print
 .text.vstr_clear
                0x0000000000000cd8       0x16 build/py/vstr.o
                0x0000000000000cd8                vstr_clear
 *fill*         0x0000000000000cee        0x2 
 .text.vstr_extend
                0x0000000000000cf0       0x30 build/py/vstr.o
                0x0000000000000cf0                vstr_extend
 .text.vstr_add_len
                0x0000000000000d20       0x16 build/py/vstr.o
                0x0000000000000d20                vstr_add_len
 .text.vstr_null_terminated_str
                0x0000000000000d36       0x1e build/py/vstr.o
                0x0000000000000d36                vstr_null_terminated_str
 .text.vstr_add_byte
                0x0000000000000d54        0xe build/py/vstr.o
                0x0000000000000d54                vstr_add_byte
 .text.vstr_add_char
                0x0000000000000d62        0x6 build/py/vstr.o
                0x0000000000000d62                vstr_add_char
 .text.vstr_add_str
                0x0000000000000d68       0x1a build/py/vstr.o
                0x0000000000000d68                vstr_add_str
 .text.vstr_ins_byte
                0x0000000000000d82        0xc build/py/vstr.o
                0x0000000000000d82                vstr_ins_byte
 .text.vstr_ins_char
                0x0000000000000d8e        0xc build/py/vstr.o
                0x0000000000000d8e                vstr_ins_char
 .text.vstr_cut_tail_bytes
                0x0000000000000d9a        0xe build/py/vstr.o
                0x0000000000000d9a                vstr_cut_tail_bytes
 .text.vstr_cut_out_bytes
                0x0000000000000da8       0x2e build/py/vstr.o
                0x0000000000000da8                vstr_cut_out_bytes
 .text.plat_print_strn
                0x0000000000000dd6        0x8 build/py/mpprint.o
 .text.mp_print_str
                0x0000000000000dde       0x1e build/py/mpprint.o
                0x0000000000000dde                mp_print_str
 .text.mp_print_strn
                0x0000000000000dfc       0xb8 build/py/mpprint.o
                0x0000000000000dfc                mp_print_strn
 .text.mp_print_int
                0x0000000000000eb4       0xc2 build/py/mpprint.o
 *fill*         0x0000000000000f76        0x2 
 .text.mp_print_mp_int
                0x0000000000000f78      0x238 build/py/mpprint.o
                0x0000000000000f78                mp_print_mp_int
 .text.mp_vprintf
                0x00000000000011b0      0x22c build/py/mpprint.o
                0x00000000000011b0                mp_vprintf
 .text.mp_printf
                0x00000000000013dc       0x1a build/py/mpprint.o
                0x00000000000013dc                mp_printf
 *fill*         0x00000000000013f6        0x2 
 .text.unichar_isspace
                0x00000000000013f8       0x14 build/py/unicode.o
                0x00000000000013f8                unichar_isspace
 .text.unichar_isalpha
                0x000000000000140c       0x14 build/py/unicode.o
                0x000000000000140c                unichar_isalpha
 .text.unichar_isdigit
                0x0000000000001420       0x14 build/py/unicode.o
                0x0000000000001420                unichar_isdigit
 .text.unichar_isxdigit
                0x0000000000001434       0x14 build/py/unicode.o
                0x0000000000001434                unichar_isxdigit
 .text.unichar_isident
                0x0000000000001448       0x24 build/py/unicode.o
                0x0000000000001448                unichar_isident
 .text.unichar_isupper
                0x000000000000146c       0x14 build/py/unicode.o
                0x000000000000146c                unichar_isupper
 .text.unichar_islower
                0x0000000000001480       0x14 build/py/unicode.o
                0x0000000000001480                unichar_islower
 .text.unichar_tolower
                0x0000000000001494       0x10 build/py/unicode.o
                0x0000000000001494                unichar_tolower
 .text.unichar_toupper
                0x00000000000014a4       0x10 build/py/unicode.o
                0x00000000000014a4                unichar_toupper
 .text.unichar_xdigit_value
                0x00000000000014b4        0xe build/py/unicode.o
                0x00000000000014b4                unichar_xdigit_value
 .text.mp_reader_mem_readbyte
                0x00000000000014c2       0x14 build/py/reader.o
 .text.mp_reader_mem_close
                0x00000000000014d6       0x18 build/py/reader.o
 *fill*         0x00000000000014ee        0x2 
 .text.mp_reader_new_mem
                0x00000000000014f0       0x30 build/py/reader.o
                0x00000000000014f0                mp_reader_new_mem
 .text.is_string_or_bytes
                0x0000000000001520       0x50 build/py/lexer.o
 .text.next_char
                0x0000000000001570       0x60 build/py/lexer.o
 .text.skip_whitespace
                0x00000000000015d0       0x60 build/py/lexer.o
 .text.mp_lexer_to_next
                0x0000000000001630      0x524 build/py/lexer.o
                0x0000000000001630                mp_lexer_to_next
 .text.mp_lexer_new
                0x0000000000001b54       0x7c build/py/lexer.o
                0x0000000000001b54                mp_lexer_new
 .text.mp_lexer_new_from_str_len
                0x0000000000001bd0       0x1c build/py/lexer.o
                0x0000000000001bd0                mp_lexer_new_from_str_len
 .text.mp_lexer_free
                0x0000000000001bec       0x26 build/py/lexer.o
                0x0000000000001bec                mp_lexer_free
 .text.pop_result
                0x0000000000001c12        0xe build/py/parse.o
 .text.peek_result
                0x0000000000001c20       0x1a build/py/parse.o
 .text.parser_alloc
                0x0000000000001c3a       0x68 build/py/parse.o
 .text.push_result_node
                0x0000000000001ca2       0x2e build/py/parse.o
 .text.push_rule
                0x0000000000001cd0       0x42 build/py/parse.o
 .text.push_rule_from_arg
                0x0000000000001d12       0x10 build/py/parse.o
 *fill*         0x0000000000001d22        0x2 
 .text.push_result_token.isra.1
                0x0000000000001d24       0xc4 build/py/parse.o
 .text.mp_parse_node_is_const_false
                0x0000000000001de8       0x1c build/py/parse.o
                0x0000000000001de8                mp_parse_node_is_const_false
 .text.mp_parse_node_is_const_true
                0x0000000000001e04       0x1c build/py/parse.o
                0x0000000000001e04                mp_parse_node_is_const_true
 .text.mp_parse_node_get_int_maybe
                0x0000000000001e20       0x44 build/py/parse.o
                0x0000000000001e20                mp_parse_node_get_int_maybe
 .text.push_result_rule
                0x0000000000001e64      0x254 build/py/parse.o
 .text.mp_parse_node_extract_list
                0x00000000000020b8       0x26 build/py/parse.o
                0x00000000000020b8                mp_parse_node_extract_list
 *fill*         0x00000000000020de        0x2 
 .text.mp_parse
                0x00000000000020e0      0x394 build/py/parse.o
                0x00000000000020e0                mp_parse
 .text.mp_parse_tree_clear
                0x0000000000002474       0x12 build/py/parse.o
                0x0000000000002474                mp_parse_tree_clear
 *fill*         0x0000000000002486        0x2 
 .text.scope_new
                0x0000000000002488       0x50 build/py/scope.o
                0x0000000000002488                scope_new
 .text.scope_free
                0x00000000000024d8       0x14 build/py/scope.o
                0x00000000000024d8                scope_free
 .text.scope_find
                0x00000000000024ec       0x20 build/py/scope.o
                0x00000000000024ec                scope_find
 .text.scope_find_or_add_id
                0x000000000000250c       0x42 build/py/scope.o
                0x000000000000250c                scope_find_or_add_id
 .text.scope_find_global
                0x000000000000254e        0xc build/py/scope.o
                0x000000000000254e                scope_find_global
 .text.scope_check_to_close_over
                0x000000000000255a       0x4e build/py/scope.o
                0x000000000000255a                scope_check_to_close_over
 .text.apply_to_single_or_list
                0x00000000000025a8       0x40 build/py/compile.o
 .text.compile_del_stmt
                0x00000000000025e8       0x10 build/py/compile.o
 .text.compile_import_name
                0x00000000000025f8       0x10 build/py/compile.o
 .text.scope_new_and_link
                0x0000000000002608       0x2a build/py/compile.o
 .text.compile_trailer_period
                0x0000000000002632        0xc build/py/compile.o
 *fill*         0x000000000000263e        0x2 
 .text.compile_load_id
                0x0000000000002640       0x1c build/py/compile.o
 .text.compile_store_id
                0x000000000000265c       0x1c build/py/compile.o
 .text.compile_delete_id
                0x0000000000002678       0x1c build/py/compile.o
 .text.compile_const_object
                0x0000000000002694        0x8 build/py/compile.o
 .text.close_over_variables_etc
                0x000000000000269c       0xa4 build/py/compile.o
 .text.compile_funcdef_lambdef
                0x0000000000002740       0x58 build/py/compile.o
 .text.compile_lambdef
                0x0000000000002798       0x2a build/py/compile.o
 .text.compile_funcdef_helper
                0x00000000000027c2       0x2a build/py/compile.o
 .text.compile_funcdef
                0x00000000000027ec       0x18 build/py/compile.o
 .text.compile_increase_except_level
                0x0000000000002804       0x1e build/py/compile.o
 .text.compile_decrease_except_level
                0x0000000000002822        0xc build/py/compile.o
 .text.compile_error_set_line.isra.1
                0x000000000000282e       0x10 build/py/compile.o
 *fill*         0x000000000000283e        0x2 
 .text.compile_syntax_error
                0x0000000000002840       0x28 build/py/compile.o
 .text.compile_star_expr
                0x0000000000002868        0xc build/py/compile.o
 .text.compile_break_cont_stmt
                0x0000000000002874       0x34 build/py/compile.o
 .text.compile_scope_func_lambda_param.isra.6
                0x00000000000028a8       0x9c build/py/compile.o
 .text.compile_scope_lambda_param
                0x0000000000002944        0x8 build/py/compile.o
 .text.compile_scope_func_param
                0x000000000000294c        0x8 build/py/compile.o
 .text.compile_node
                0x0000000000002954       0x94 build/py/compile.o
 .text.c_assign
                0x00000000000029e8      0x190 build/py/compile.o
 .text.c_assign_tuple
                0x0000000000002b78       0xc8 build/py/compile.o
 .text.c_if_cond
                0x0000000000002c40      0x102 build/py/compile.o
 .text.compile_scope_comp_iter
                0x0000000000002d42       0xac build/py/compile.o
 *fill*         0x0000000000002dee        0x2 
 .text.compile_scope
                0x0000000000002df0      0x1a4 build/py/compile.o
 .text.compile_dictorsetmaker_item
                0x0000000000002f94       0x18 build/py/compile.o
 .text.compile_trailer_bracket
                0x0000000000002fac       0x16 build/py/compile.o
 .text.c_tuple  0x0000000000002fc2       0x40 build/py/compile.o
 .text.compile_generic_tuple
                0x0000000000003002        0x8 build/py/compile.o
 .text.compile_while_stmt
                0x000000000000300a       0x8a build/py/compile.o
 .text.compile_yield_stmt
                0x0000000000003094       0x14 build/py/compile.o
 .text.compile_return_stmt
                0x00000000000030a8       0x20 build/py/compile.o
 .text.c_del_stmt
                0x00000000000030c8      0x100 build/py/compile.o
 .text.compile_generic_all_nodes
                0x00000000000031c8       0x3e build/py/compile.o
 .text.compile_power
                0x0000000000003206       0x14 build/py/compile.o
 .text.compile_if_stmt
                0x000000000000321a       0xdc build/py/compile.o
 .text.compile_comprehension
                0x00000000000032f6       0x4c build/py/compile.o
 *fill*         0x0000000000003342        0x2 
 .text.compile_trailer_paren_helper
                0x0000000000003344      0x140 build/py/compile.o
 .text.compile_classdef_helper
                0x0000000000003484       0x50 build/py/compile.o
 .text.compile_classdef
                0x00000000000034d4       0x18 build/py/compile.o
 .text.compile_trailer_paren
                0x00000000000034ec        0xa build/py/compile.o
 .text.compile_atom_bracket
                0x00000000000034f6       0x82 build/py/compile.o
 .text.compile_decorated
                0x0000000000003578       0xdc build/py/compile.o
 .text.compile_funcdef_lambdef_param
                0x0000000000003654       0xa4 build/py/compile.o
 .text.compile_atom_expr_normal
                0x00000000000036f8      0x124 build/py/compile.o
 .text.compile_term
                0x000000000000381c       0x3c build/py/compile.o
 .text.compile_binary_op
                0x0000000000003858       0x3c build/py/compile.o
 .text.compile_expr_stmt
                0x0000000000003894      0x110 build/py/compile.o
 .text.compile_factor_2
                0x00000000000039a4       0x26 build/py/compile.o
 .text.compile_not_test_2
                0x00000000000039ca       0x16 build/py/compile.o
 .text.compile_or_and_test
                0x00000000000039e0       0x56 build/py/compile.o
 .text.compile_comparison
                0x0000000000003a36       0xce build/py/compile.o
 .text.compile_test_if_expr
                0x0000000000003b04       0x54 build/py/compile.o
 .text.compile_for_stmt
                0x0000000000003b58      0x296 build/py/compile.o
 .text.compile_with_stmt_helper
                0x0000000000003dee       0x82 build/py/compile.o
 .text.compile_with_stmt
                0x0000000000003e70       0x22 build/py/compile.o
 *fill*         0x0000000000003e92        0x2 
 .text.compile_try_except
                0x0000000000003e94      0x180 build/py/compile.o
 .text.compile_try_finally
                0x0000000000004014       0x74 build/py/compile.o
 .text.compile_try_stmt
                0x0000000000004088       0x6c build/py/compile.o
 .text.compile_yield_expr
                0x00000000000040f4       0x6c build/py/compile.o
 .text.compile_atom_paren
                0x0000000000004160       0x40 build/py/compile.o
 .text.compile_assert_stmt
                0x00000000000041a0       0x58 build/py/compile.o
 .text.compile_raise_stmt
                0x00000000000041f8       0x3c build/py/compile.o
 .text.compile_global_nonlocal_stmt
                0x0000000000004234       0xb4 build/py/compile.o
 .text.do_import_name.isra.14
                0x00000000000042e8      0x10e build/py/compile.o
 .text.compile_import_from
                0x00000000000043f6      0x11a build/py/compile.o
 .text.compile_dotted_as_name
                0x0000000000004510       0x30 build/py/compile.o
 .text.compile_atom_brace
                0x0000000000004540       0xbc build/py/compile.o
 .text.mp_compile
                0x00000000000045fc      0x28c build/py/compile.o
                0x00000000000045fc                mp_compile
 .text.mp_emit_common_get_id_for_modification
                0x0000000000004888       0x1c build/py/emitcommon.o
                0x0000000000004888                mp_emit_common_get_id_for_modification
 .text.mp_emit_common_id_op
                0x00000000000048a4       0x46 build/py/emitcommon.o
                0x00000000000048a4                mp_emit_common_id_op
 .text.emit_write_code_info_qstr
                0x00000000000048ea       0x22 build/py/emitbc.o
 .text.emit_get_cur_to_write_bytecode
                0x000000000000490c       0x20 build/py/emitbc.o
 .text.emit_write_bytecode_raw_byte
                0x000000000000492c        0xe build/py/emitbc.o
 .text.emit_write_code_info_byte
                0x000000000000493a       0x1e build/py/emitbc.o
 .text.emit_bc_new
                0x0000000000004958        0x6 build/py/emitbc.o
                0x0000000000004958                emit_bc_new
 .text.emit_bc_set_max_num_labels
                0x000000000000495e       0x10 build/py/emitbc.o
                0x000000000000495e                emit_bc_set_max_num_labels
 .text.emit_bc_free
                0x000000000000496e       0x14 build/py/emitbc.o
                0x000000000000496e                emit_bc_free
 .text.mp_emit_bc_start_pass
                0x0000000000004982      0x162 build/py/emitbc.o
                0x0000000000004982                mp_emit_bc_start_pass
 .text.mp_emit_bc_end_pass
                0x0000000000004ae4       0x90 build/py/emitbc.o
                0x0000000000004ae4                mp_emit_bc_end_pass
 .text.mp_emit_bc_last_emit_was_return_value
                0x0000000000004b74        0xa build/py/emitbc.o
                0x0000000000004b74                mp_emit_bc_last_emit_was_return_value
 .text.mp_emit_bc_adjust_stack_size
                0x0000000000004b7e       0x1c build/py/emitbc.o
                0x0000000000004b7e                mp_emit_bc_adjust_stack_size
 .text.emit_write_bytecode_byte
                0x0000000000004b9a       0x12 build/py/emitbc.o
 .text.emit_write_bytecode_byte_uint
                0x0000000000004bac       0x48 build/py/emitbc.o
 .text.emit_write_bytecode_byte_raw_code
                0x0000000000004bf4       0x2e build/py/emitbc.o
 .text.mp_emit_bc_delete_local
                0x0000000000004c22        0xe build/py/emitbc.o
                0x0000000000004c22                mp_emit_bc_delete_local
 .text.emit_bc_call_function_method_helper
                0x0000000000004c30       0x22 build/py/emitbc.o
 .text.emit_write_bytecode_byte_obj.constprop.8
                0x0000000000004c52       0x2a build/py/emitbc.o
 .text.mp_emit_bc_load_local
                0x0000000000004c7c       0x28 build/py/emitbc.o
                0x0000000000004c7c                mp_emit_bc_load_local
 .text.mp_emit_bc_store_local
                0x0000000000004ca4       0x2c build/py/emitbc.o
                0x0000000000004ca4                mp_emit_bc_store_local
 .text.emit_write_bytecode_byte_qstr
                0x0000000000004cd0       0x1a build/py/emitbc.o
 .text.mp_emit_bc_load_global
                0x0000000000004cea        0xc build/py/emitbc.o
                0x0000000000004cea                mp_emit_bc_load_global
 .text.mp_emit_bc_store_global
                0x0000000000004cf6        0xe build/py/emitbc.o
                0x0000000000004cf6                mp_emit_bc_store_global
 .text.mp_emit_bc_delete_global
                0x0000000000004d04        0xc build/py/emitbc.o
                0x0000000000004d04                mp_emit_bc_delete_global
 .text.emit_write_bytecode_byte_signed_label
                0x0000000000004d10       0x34 build/py/emitbc.o
 .text.emit_write_bytecode_byte_unsigned_label
                0x0000000000004d44       0x38 build/py/emitbc.o
 .text.mp_emit_bc_set_source_line
                0x0000000000004d7c        0x2 build/py/emitbc.o
                0x0000000000004d7c                mp_emit_bc_set_source_line
 .text.mp_emit_bc_label_assign
                0x0000000000004d7e       0x1e build/py/emitbc.o
                0x0000000000004d7e                mp_emit_bc_label_assign
 .text.mp_emit_bc_import
                0x0000000000004d9c       0x2e build/py/emitbc.o
                0x0000000000004d9c                mp_emit_bc_import
 *fill*         0x0000000000004dca        0x2 
 .text.mp_emit_bc_load_const_tok
                0x0000000000004dcc       0x1c build/py/emitbc.o
                0x0000000000004dcc                mp_emit_bc_load_const_tok
 .text.mp_emit_bc_load_const_small_int
                0x0000000000004de8       0x8a build/py/emitbc.o
                0x0000000000004de8                mp_emit_bc_load_const_small_int
 .text.mp_emit_bc_load_const_str
                0x0000000000004e72        0xa build/py/emitbc.o
                0x0000000000004e72                mp_emit_bc_load_const_str
 .text.mp_emit_bc_load_const_obj
                0x0000000000004e7c        0x4 build/py/emitbc.o
                0x0000000000004e7c                mp_emit_bc_load_const_obj
 .text.mp_emit_bc_load_null
                0x0000000000004e80        0x8 build/py/emitbc.o
                0x0000000000004e80                mp_emit_bc_load_null
 .text.mp_emit_bc_load_method
                0x0000000000004e88       0x1c build/py/emitbc.o
                0x0000000000004e88                mp_emit_bc_load_method
 .text.mp_emit_bc_load_build_class
                0x0000000000004ea4        0x8 build/py/emitbc.o
                0x0000000000004ea4                mp_emit_bc_load_build_class
 .text.mp_emit_bc_dup_top
                0x0000000000004eac        0x8 build/py/emitbc.o
                0x0000000000004eac                mp_emit_bc_dup_top
 .text.mp_emit_bc_dup_top_two
                0x0000000000004eb4        0x8 build/py/emitbc.o
                0x0000000000004eb4                mp_emit_bc_dup_top_two
 .text.mp_emit_bc_pop_top
                0x0000000000004ebc        0xa build/py/emitbc.o
                0x0000000000004ebc                mp_emit_bc_pop_top
 .text.mp_emit_bc_rot_two
                0x0000000000004ec6        0x8 build/py/emitbc.o
                0x0000000000004ec6                mp_emit_bc_rot_two
 .text.mp_emit_bc_attr
                0x0000000000004ece       0x30 build/py/emitbc.o
                0x0000000000004ece                mp_emit_bc_attr
 .text.mp_emit_bc_rot_three
                0x0000000000004efe        0x8 build/py/emitbc.o
                0x0000000000004efe                mp_emit_bc_rot_three
 .text.mp_emit_bc_subscr
                0x0000000000004f06       0x2c build/py/emitbc.o
                0x0000000000004f06                mp_emit_bc_subscr
 .text.mp_emit_bc_jump
                0x0000000000004f32        0xa build/py/emitbc.o
                0x0000000000004f32                mp_emit_bc_jump
 .text.mp_emit_bc_pop_jump_if
                0x0000000000004f3c       0x12 build/py/emitbc.o
                0x0000000000004f3c                mp_emit_bc_pop_jump_if
 .text.mp_emit_bc_jump_if_or_pop
                0x0000000000004f4e       0x12 build/py/emitbc.o
                0x0000000000004f4e                mp_emit_bc_jump_if_or_pop
 .text.mp_emit_bc_unwind_jump
                0x0000000000004f60       0x64 build/py/emitbc.o
                0x0000000000004f60                mp_emit_bc_unwind_jump
 .text.mp_emit_bc_setup_block
                0x0000000000004fc4       0x18 build/py/emitbc.o
                0x0000000000004fc4                mp_emit_bc_setup_block
 .text.mp_emit_bc_with_cleanup
                0x0000000000004fdc       0x2c build/py/emitbc.o
                0x0000000000004fdc                mp_emit_bc_with_cleanup
 .text.mp_emit_bc_end_finally
                0x0000000000005008        0xa build/py/emitbc.o
                0x0000000000005008                mp_emit_bc_end_finally
 .text.mp_emit_bc_get_iter
                0x0000000000005012       0x10 build/py/emitbc.o
                0x0000000000005012                mp_emit_bc_get_iter
 .text.mp_emit_bc_for_iter
                0x0000000000005022        0xa build/py/emitbc.o
                0x0000000000005022                mp_emit_bc_for_iter
 .text.mp_emit_bc_for_iter_end
                0x000000000000502c        0x8 build/py/emitbc.o
                0x000000000000502c                mp_emit_bc_for_iter_end
 .text.mp_emit_bc_pop_except_jump
                0x0000000000005034        0xa build/py/emitbc.o
                0x0000000000005034                mp_emit_bc_pop_except_jump
 .text.mp_emit_bc_unary_op
                0x000000000000503e        0xc build/py/emitbc.o
                0x000000000000503e                mp_emit_bc_unary_op
 .text.mp_emit_bc_binary_op
                0x000000000000504a       0x3c build/py/emitbc.o
                0x000000000000504a                mp_emit_bc_binary_op
 .text.mp_emit_bc_build
                0x0000000000005086       0x16 build/py/emitbc.o
                0x0000000000005086                mp_emit_bc_build
 .text.mp_emit_bc_store_map
                0x000000000000509c        0xa build/py/emitbc.o
                0x000000000000509c                mp_emit_bc_store_map
 .text.mp_emit_bc_store_comp
                0x00000000000050a6       0x14 build/py/emitbc.o
                0x00000000000050a6                mp_emit_bc_store_comp
 .text.mp_emit_bc_unpack_sequence
                0x00000000000050ba        0xa build/py/emitbc.o
                0x00000000000050ba                mp_emit_bc_unpack_sequence
 .text.mp_emit_bc_unpack_ex
                0x00000000000050c4       0x12 build/py/emitbc.o
                0x00000000000050c4                mp_emit_bc_unpack_ex
 .text.mp_emit_bc_make_function
                0x00000000000050d6       0x20 build/py/emitbc.o
                0x00000000000050d6                mp_emit_bc_make_function
 .text.mp_emit_bc_make_closure
                0x00000000000050f6       0x30 build/py/emitbc.o
                0x00000000000050f6                mp_emit_bc_make_closure
 .text.mp_emit_bc_call_function
                0x0000000000005126       0x16 build/py/emitbc.o
                0x0000000000005126                mp_emit_bc_call_function
 .text.mp_emit_bc_call_method
                0x000000000000513c       0x18 build/py/emitbc.o
                0x000000000000513c                mp_emit_bc_call_method
 .text.mp_emit_bc_return_value
                0x0000000000005154       0x14 build/py/emitbc.o
                0x0000000000005154                mp_emit_bc_return_value
 .text.mp_emit_bc_raise_varargs
                0x0000000000005168        0xc build/py/emitbc.o
                0x0000000000005168                mp_emit_bc_raise_varargs
 .text.mp_emit_bc_yield
                0x0000000000005174       0x1c build/py/emitbc.o
                0x0000000000005174                mp_emit_bc_yield
 .text.mp_emit_bc_start_except_handler
                0x0000000000005190        0x6 build/py/emitbc.o
                0x0000000000005190                mp_emit_bc_start_except_handler
 .text.mp_emit_bc_end_except_handler
                0x0000000000005196        0x8 build/py/emitbc.o
                0x0000000000005196                mp_emit_bc_end_except_handler
 .text.mp_parse_num_base
                0x000000000000519e       0x6c build/py/parsenumbase.o
                0x000000000000519e                mp_parse_num_base
 *fill*         0x000000000000520a        0x2 
 .text.raise_exc
                0x000000000000520c       0x20 build/py/parsenum.o
 .text.mp_parse_num_integer
                0x000000000000522c       0xfc build/py/parsenum.o
                0x000000000000522c                mp_parse_num_integer
 .text.mp_parse_num_decimal
                0x0000000000005328       0x18 build/py/parsenum.o
                0x0000000000005328                mp_parse_num_decimal
 .text.mp_emit_glue_new_raw_code
                0x0000000000005340       0x14 build/py/emitglue.o
                0x0000000000005340                mp_emit_glue_new_raw_code
 .text.mp_emit_glue_assign_bytecode
                0x0000000000005354       0x1a build/py/emitglue.o
                0x0000000000005354                mp_emit_glue_assign_bytecode
 *fill*         0x000000000000536e        0x2 
 .text.mp_make_function_from_raw_code
                0x0000000000005370       0x20 build/py/emitglue.o
                0x0000000000005370                mp_make_function_from_raw_code
 .text.mp_make_closure_from_raw_code
                0x0000000000005390       0x28 build/py/emitglue.o
                0x0000000000005390                mp_make_closure_from_raw_code
 .text.mp_init  0x00000000000053b8       0x3c build/py/runtime.o
                0x00000000000053b8                mp_init
 .text.mp_deinit
                0x00000000000053f4        0x2 build/py/runtime.o
                0x00000000000053f4                mp_deinit
 *fill*         0x00000000000053f6        0x2 
 .text.mp_load_build_class
                0x00000000000053f8        0x8 build/py/runtime.o
                0x00000000000053f8                mp_load_build_class
 .text.mp_store_name
                0x0000000000005400       0x14 build/py/runtime.o
                0x0000000000005400                mp_store_name
 .text.mp_delete_name
                0x0000000000005414       0x14 build/py/runtime.o
                0x0000000000005414                mp_delete_name
 .text.mp_store_global
                0x0000000000005428       0x14 build/py/runtime.o
                0x0000000000005428                mp_store_global
 .text.mp_delete_global
                0x000000000000543c       0x14 build/py/runtime.o
                0x000000000000543c                mp_delete_global
 .text.mp_convert_member_lookup
                0x0000000000005450       0x5c build/py/runtime.o
                0x0000000000005450                mp_convert_member_lookup
 .text.mp_load_method_maybe
                0x00000000000054ac       0x64 build/py/runtime.o
                0x00000000000054ac                mp_load_method_maybe
 .text.mp_load_method_protected
                0x0000000000005510       0x44 build/py/runtime.o
                0x0000000000005510                mp_load_method_protected
 .text.mp_import_name
                0x0000000000005554       0x22 build/py/runtime.o
                0x0000000000005554                mp_import_name
 .text.mp_import_all
                0x0000000000005576       0x3c build/py/runtime.o
                0x0000000000005576                mp_import_all
 .text.mp_raise_msg
                0x00000000000055b2       0x12 build/py/runtime.o
                0x00000000000055b2                mp_raise_msg
 .text.mp_load_global
                0x00000000000055c4       0x40 build/py/runtime.o
                0x00000000000055c4                mp_load_global
 .text.mp_load_name
                0x0000000000005604       0x30 build/py/runtime.o
                0x0000000000005604                mp_load_name
 .text.mp_load_method
                0x0000000000005634       0x20 build/py/runtime.o
                0x0000000000005634                mp_load_method
 .text.mp_load_attr
                0x0000000000005654       0x1a build/py/runtime.o
                0x0000000000005654                mp_load_attr
 *fill*         0x000000000000566e        0x2 
 .text.mp_store_attr
                0x0000000000005670       0x38 build/py/runtime.o
                0x0000000000005670                mp_store_attr
 .text.mp_raise_msg_varg
                0x00000000000056a8       0x14 build/py/runtime.o
                0x00000000000056a8                mp_raise_msg_varg
 .text.mp_import_from
                0x00000000000056bc       0xbc build/py/runtime.o
                0x00000000000056bc                mp_import_from
 .text.m_malloc_fail
                0x0000000000005778       0x28 build/py/runtime.o
                0x0000000000005778                m_malloc_fail
 .text.mp_raise_ValueError
                0x00000000000057a0       0x10 build/py/runtime.o
                0x00000000000057a0                mp_raise_ValueError
 .text.mp_raise_TypeError
                0x00000000000057b0       0x10 build/py/runtime.o
                0x00000000000057b0                mp_raise_TypeError
 .text.mp_unary_op
                0x00000000000057c0       0xf8 build/py/runtime.o
                0x00000000000057c0                mp_unary_op
 .text.mp_call_function_n_kw
                0x00000000000058b8       0x30 build/py/runtime.o
                0x00000000000058b8                mp_call_function_n_kw
 .text.mp_call_function_0
                0x00000000000058e8        0xa build/py/runtime.o
                0x00000000000058e8                mp_call_function_0
 *fill*         0x00000000000058f2        0x2 
 .text.mp_parse_compile_execute
                0x00000000000058f4       0x64 build/py/runtime.o
                0x00000000000058f4                mp_parse_compile_execute
 .text.mp_call_function_1
                0x0000000000005958       0x16 build/py/runtime.o
                0x0000000000005958                mp_call_function_1
 .text.mp_call_method_n_kw
                0x000000000000596e       0x1e build/py/runtime.o
                0x000000000000596e                mp_call_method_n_kw
 .text.mp_make_raise_obj
                0x000000000000598c       0x3c build/py/runtime.o
                0x000000000000598c                mp_make_raise_obj
 .text.mp_resume
                0x00000000000059c8       0xf0 build/py/runtime.o
                0x00000000000059c8                mp_resume
 .text.mp_getiter
                0x0000000000005ab8       0x6c build/py/runtime.o
                0x0000000000005ab8                mp_getiter
 .text.mp_iternext_allow_raise
                0x0000000000005b24       0x38 build/py/runtime.o
                0x0000000000005b24                mp_iternext_allow_raise
 .text.mp_iternext
                0x0000000000005b5c       0x64 build/py/runtime.o
                0x0000000000005b5c                mp_iternext
 .text.mp_call_method_n_kw_var
                0x0000000000005bc0      0x260 build/py/runtime.o
                0x0000000000005bc0                mp_call_method_n_kw_var
 .text.mp_unpack_sequence
                0x0000000000005e20       0x90 build/py/runtime.o
                0x0000000000005e20                mp_unpack_sequence
 .text.mp_unpack_ex
                0x0000000000005eb0      0x100 build/py/runtime.o
                0x0000000000005eb0                mp_unpack_ex
 .text.mp_binary_op
                0x0000000000005fb0      0x26c build/py/runtime.o
                0x0000000000005fb0                mp_binary_op
 .text.mp_raise_OSError
                0x000000000000621c       0x18 build/py/runtime.o
                0x000000000000621c                mp_raise_OSError
 .text.mp_raise_NotImplementedError
                0x0000000000006234       0x10 build/py/runtime.o
                0x0000000000006234                mp_raise_NotImplementedError
 .text.mp_handle_pending
                0x0000000000006244       0x1c build/py/scheduler.o
                0x0000000000006244                mp_handle_pending
 .text.mp_arg_error_terse_mismatch
                0x0000000000006260        0xc build/py/argcheck.o
                0x0000000000006260                mp_arg_error_terse_mismatch
 .text.mp_arg_check_num_sig
                0x000000000000626c       0x26 build/py/argcheck.o
                0x000000000000626c                mp_arg_check_num_sig
 .text.mp_arg_parse_all
                0x0000000000006292       0x92 build/py/argcheck.o
                0x0000000000006292                mp_arg_parse_all
 .text.mp_map_init
                0x0000000000006324       0x2e build/py/map.o
                0x0000000000006324                mp_map_init
 .text.mp_map_init_fixed_table
                0x0000000000006352       0x16 build/py/map.o
                0x0000000000006352                mp_map_init_fixed_table
 .text.mp_map_clear
                0x0000000000006368       0x2c build/py/map.o
                0x0000000000006368                mp_map_clear
 .text.mp_map_lookup
                0x0000000000006394      0x18c build/py/map.o
                0x0000000000006394                mp_map_lookup
 .text.mp_map_rehash
                0x0000000000006520       0x70 build/py/map.o
 .text.mp_identity
                0x0000000000006590        0x2 build/py/obj.o
                0x0000000000006590                mp_identity
 *fill*         0x0000000000006592        0x2 
 .text.mp_obj_get_type
                0x0000000000006594       0x18 build/py/obj.o
                0x0000000000006594                mp_obj_get_type
 .text.mp_obj_get_type_str
                0x00000000000065ac       0x10 build/py/obj.o
                0x00000000000065ac                mp_obj_get_type_str
 .text.mp_obj_print_helper
                0x00000000000065bc       0x28 build/py/obj.o
                0x00000000000065bc                mp_obj_print_helper
 .text.mp_obj_print_exception
                0x00000000000065e4       0x98 build/py/obj.o
                0x00000000000065e4                mp_obj_print_exception
 .text.mp_obj_is_callable
                0x000000000000667c       0x28 build/py/obj.o
                0x000000000000667c                mp_obj_is_callable
 .text.mp_obj_get_int
                0x00000000000066a4       0x3c build/py/obj.o
                0x00000000000066a4                mp_obj_get_int
 .text.mp_obj_get_int_truncated
                0x00000000000066e0       0x1c build/py/obj.o
                0x00000000000066e0                mp_obj_get_int_truncated
 .text.mp_obj_get_int_maybe
                0x00000000000066fc       0x48 build/py/obj.o
                0x00000000000066fc                mp_obj_get_int_maybe
 .text.mp_obj_get_array
                0x0000000000006744       0x38 build/py/obj.o
                0x0000000000006744                mp_obj_get_array
 .text.mp_get_index
                0x000000000000677c       0x64 build/py/obj.o
                0x000000000000677c                mp_get_index
 .text.mp_obj_id
                0x00000000000067e0       0x18 build/py/obj.o
                0x00000000000067e0                mp_obj_id
 .text.mp_obj_len_maybe
                0x00000000000067f8       0x50 build/py/obj.o
                0x00000000000067f8                mp_obj_len_maybe
 .text.mp_obj_is_true
                0x0000000000006848       0x50 build/py/obj.o
                0x0000000000006848                mp_obj_is_true
 .text.mp_obj_equal_not_equal
                0x0000000000006898       0xec build/py/obj.o
                0x0000000000006898                mp_obj_equal_not_equal
 .text.mp_obj_equal
                0x0000000000006984       0x14 build/py/obj.o
                0x0000000000006984                mp_obj_equal
 .text.mp_obj_len
                0x0000000000006998       0x14 build/py/obj.o
                0x0000000000006998                mp_obj_len
 .text.mp_obj_subscr
                0x00000000000069ac       0x38 build/py/obj.o
                0x00000000000069ac                mp_obj_subscr
 .text.mp_identity_getiter
                0x00000000000069e4        0x2 build/py/obj.o
                0x00000000000069e4                mp_identity_getiter
 .text.mp_get_buffer
                0x00000000000069e6       0x1c build/py/obj.o
                0x00000000000069e6                mp_get_buffer
 *fill*         0x0000000000006a02        0x2 
 .text.mp_get_buffer_raise
                0x0000000000006a04       0x14 build/py/obj.o
                0x0000000000006a04                mp_get_buffer_raise
 .text.mp_generic_unary_op
                0x0000000000006a18        0xe build/py/obj.o
                0x0000000000006a18                mp_generic_unary_op
 .text.bool_binary_op
                0x0000000000006a26        0xc build/py/objbool.o
 .text.bool_unary_op
                0x0000000000006a32       0x14 build/py/objbool.o
 *fill*         0x0000000000006a46        0x2 
 .text.bool_print
                0x0000000000006a48       0x14 build/py/objbool.o
 .text.bool_make_new
                0x0000000000006a5c       0x22 build/py/objbool.o
 .text.mp_call_method_self_n_kw
                0x0000000000006a7e       0x6a build/py/objboundmeth.o
                0x0000000000006a7e                mp_call_method_self_n_kw
 .text.bound_meth_call
                0x0000000000006ae8       0x16 build/py/objboundmeth.o
 *fill*         0x0000000000006afe        0x2 
 .text.mp_obj_new_bound_meth
                0x0000000000006b00       0x1c build/py/objboundmeth.o
                0x0000000000006b00                mp_obj_new_bound_meth
 .text.mp_obj_cell_get
                0x0000000000006b1c        0x4 build/py/objcell.o
                0x0000000000006b1c                mp_obj_cell_get
 .text.mp_obj_cell_set
                0x0000000000006b20        0x4 build/py/objcell.o
                0x0000000000006b20                mp_obj_cell_set
 .text.mp_obj_new_cell
                0x0000000000006b24       0x18 build/py/objcell.o
                0x0000000000006b24                mp_obj_new_cell
 .text.closure_call
                0x0000000000006b3c       0x8a build/py/objclosure.o
 *fill*         0x0000000000006bc6        0x2 
 .text.mp_obj_new_closure
                0x0000000000006bc8       0x34 build/py/objclosure.o
                0x0000000000006bc8                mp_obj_new_closure
 .text.dict_view_getiter
                0x0000000000006bfc       0x18 build/py/objdict.o
 .text.dict_getiter
                0x0000000000006c14       0x18 build/py/objdict.o
 .text.mp_ensure_not_fixed
                0x0000000000006c2c       0x10 build/py/objdict.o
 .text.dict_values
                0x0000000000006c3c       0x1c build/py/objdict.o
 .text.dict_clear
                0x0000000000006c58       0x12 build/py/objdict.o
 .text.dict_unary_op
                0x0000000000006c6a       0x28 build/py/objdict.o
 *fill*         0x0000000000006c92        0x2 
 .text.dict_get_helper
                0x0000000000006c94       0x54 build/py/objdict.o
 .text.dict_setdefault
                0x0000000000006ce8        0x6 build/py/objdict.o
 .text.dict_pop
                0x0000000000006cee        0x6 build/py/objdict.o
 .text.dict_get
                0x0000000000006cf4        0x6 build/py/objdict.o
 .text.dict_iter_next
                0x0000000000006cfa       0x28 build/py/objdict.o
 *fill*         0x0000000000006d22        0x2 
 .text.dict_update
                0x0000000000006d24       0xf0 build/py/objdict.o
 .text.dict_view_it_iternext
                0x0000000000006e14       0x36 build/py/objdict.o
 *fill*         0x0000000000006e4a        0x2 
 .text.dict_view_print
                0x0000000000006e4c       0x74 build/py/objdict.o
 .text.dict_print
                0x0000000000006ec0       0x74 build/py/objdict.o
 .text.dict_popitem
                0x0000000000006f34       0x50 build/py/objdict.o
 .text.dict_binary_op
                0x0000000000006f84       0x74 build/py/objdict.o
 .text.dict_view_binary_op
                0x0000000000006ff8       0x1a build/py/objdict.o
 *fill*         0x0000000000007012        0x2 
 .text.dict_items
                0x0000000000007014       0x1c build/py/objdict.o
 .text.dict_keys
                0x0000000000007030       0x1c build/py/objdict.o
 .text.mp_obj_dict_get
                0x000000000000704c       0x24 build/py/objdict.o
                0x000000000000704c                mp_obj_dict_get
 .text.mp_obj_dict_init
                0x0000000000007070       0x10 build/py/objdict.o
                0x0000000000007070                mp_obj_dict_init
 .text.mp_obj_new_dict
                0x0000000000007080       0x16 build/py/objdict.o
                0x0000000000007080                mp_obj_new_dict
 .text.mp_obj_dict_make_new
                0x0000000000007096       0x42 build/py/objdict.o
                0x0000000000007096                mp_obj_dict_make_new
 .text.mp_obj_dict_copy
                0x00000000000070d8       0x4a build/py/objdict.o
                0x00000000000070d8                mp_obj_dict_copy
 .text.mp_obj_dict_len
                0x0000000000007122        0x6 build/py/objdict.o
                0x0000000000007122                mp_obj_dict_len
 .text.mp_obj_dict_store
                0x0000000000007128       0x1c build/py/objdict.o
                0x0000000000007128                mp_obj_dict_store
 .text.mp_obj_dict_delete
                0x0000000000007144       0x18 build/py/objdict.o
                0x0000000000007144                mp_obj_dict_delete
 .text.dict_subscr
                0x000000000000715c       0x38 build/py/objdict.o
 .text.mp_obj_exception_make_new
                0x0000000000007194       0x68 build/py/objexcept.o
                0x0000000000007194                mp_obj_exception_make_new
 .text.exc_add_strn
                0x00000000000071fc       0x54 build/py/objexcept.o
 .text.decompress_error_text_maybe.isra.0
                0x0000000000007250       0x60 build/py/objexcept.o
 .text.mp_obj_exception_print
                0x00000000000072b0       0x7c build/py/objexcept.o
                0x00000000000072b0                mp_obj_exception_print
 .text.mp_obj_exception_get_value
                0x000000000000732c       0x1a build/py/objexcept.o
                0x000000000000732c                mp_obj_exception_get_value
 *fill*         0x0000000000007346        0x2 
 .text.mp_obj_exception_attr
                0x0000000000007348       0x44 build/py/objexcept.o
                0x0000000000007348                mp_obj_exception_attr
 .text.mp_obj_new_exception
                0x000000000000738c        0xa build/py/objexcept.o
                0x000000000000738c                mp_obj_new_exception
 .text.mp_obj_new_exception_arg1
                0x0000000000007396       0x16 build/py/objexcept.o
                0x0000000000007396                mp_obj_new_exception_arg1
 .text.mp_obj_new_exception_msg
                0x00000000000073ac       0x40 build/py/objexcept.o
                0x00000000000073ac                mp_obj_new_exception_msg
 .text.mp_obj_new_exception_msg_vlist
                0x00000000000073ec       0x98 build/py/objexcept.o
                0x00000000000073ec                mp_obj_new_exception_msg_vlist
 .text.mp_obj_is_exception_type
                0x0000000000007484       0x2c build/py/objexcept.o
                0x0000000000007484                mp_obj_is_exception_type
 .text.mp_obj_is_exception_instance
                0x00000000000074b0        0xe build/py/objexcept.o
                0x00000000000074b0                mp_obj_is_exception_instance
 .text.mp_obj_exception_match
                0x00000000000074be       0x20 build/py/objexcept.o
                0x00000000000074be                mp_obj_exception_match
 *fill*         0x00000000000074de        0x2 
 .text.mp_obj_exception_add_traceback
                0x00000000000074e0       0x78 build/py/objexcept.o
                0x00000000000074e0                mp_obj_exception_add_traceback
 .text.mp_obj_exception_get_traceback
                0x0000000000007558       0x2c build/py/objexcept.o
                0x0000000000007558                mp_obj_exception_get_traceback
 .text.fun_builtin_0_call
                0x0000000000007584       0x16 build/py/objfun.o
 .text.fun_builtin_1_call
                0x000000000000759a       0x1c build/py/objfun.o
 .text.fun_builtin_2_call
                0x00000000000075b6       0x1e build/py/objfun.o
 .text.fun_builtin_3_call
                0x00000000000075d4       0x1e build/py/objfun.o
 *fill*         0x00000000000075f2        0x2 
 .text.fun_bc_call
                0x00000000000075f4       0xd0 build/py/objfun.o
 .text.fun_builtin_var_call
                0x00000000000076c4       0x40 build/py/objfun.o
 .text.mp_obj_code_get_name
                0x0000000000007704        0xc build/py/objfun.o
                0x0000000000007704                mp_obj_code_get_name
 .text.mp_obj_fun_get_name
                0x0000000000007710       0x14 build/py/objfun.o
                0x0000000000007710                mp_obj_fun_get_name
 .text.mp_obj_new_fun_bc
                0x0000000000007724       0x5c build/py/objfun.o
                0x0000000000007724                mp_obj_new_fun_bc
 .text.gen_wrap_call
                0x0000000000007780       0x78 build/py/objgenerator.o
 .text.gen_instance_pend_throw
                0x00000000000077f8       0x18 build/py/objgenerator.o
 .text.gen_instance_print
                0x0000000000007810       0x20 build/py/objgenerator.o
 .text.mp_obj_gen_resume
                0x0000000000007830       0xbc build/py/objgenerator.o
                0x0000000000007830                mp_obj_gen_resume
 .text.gen_resume_and_raise
                0x00000000000078ec       0x3c build/py/objgenerator.o
 .text.gen_instance_throw
                0x0000000000007928       0x2c build/py/objgenerator.o
 .text.gen_instance_send
                0x0000000000007954       0x18 build/py/objgenerator.o
 .text.gen_instance_iternext
                0x000000000000796c        0x8 build/py/objgenerator.o
 .text.gen_instance_close
                0x0000000000007974       0x4c build/py/objgenerator.o
 .text.it_iternext
                0x00000000000079c0       0x54 build/py/objgetitemiter.o
 .text.mp_obj_new_getitem_iter
                0x0000000000007a14       0x18 build/py/objgetitemiter.o
                0x0000000000007a14                mp_obj_new_getitem_iter
 .text.mp_obj_int_unary_op
                0x0000000000007a2c        0x4 build/py/objint.o
                0x0000000000007a2c                mp_obj_int_unary_op
 .text.int_to_bytes
                0x0000000000007a30       0x6c build/py/objint.o
 .text.mp_obj_int_make_new
                0x0000000000007a9c       0x88 build/py/objint.o
 .text.mp_int_format_size
                0x0000000000007b24       0x30 build/py/objint.o
                0x0000000000007b24                mp_int_format_size
 .text.mp_obj_int_formatted
                0x0000000000007b54       0xf2 build/py/objint.o
                0x0000000000007b54                mp_obj_int_formatted
 .text.mp_obj_int_print
                0x0000000000007c46       0x3c build/py/objint.o
                0x0000000000007c46                mp_obj_int_print
 .text.mp_obj_int_sign
                0x0000000000007c82       0x18 build/py/objint.o
                0x0000000000007c82                mp_obj_int_sign
 *fill*         0x0000000000007c9a        0x2 
 .text.mp_obj_new_int_from_str_len
                0x0000000000007c9c       0x14 build/py/objint.o
                0x0000000000007c9c                mp_obj_new_int_from_str_len
 .text.mp_obj_new_int_from_ll
                0x0000000000007cb0       0x14 build/py/objint.o
                0x0000000000007cb0                mp_obj_new_int_from_ll
 .text.mp_obj_new_int_from_uint
                0x0000000000007cc4       0x20 build/py/objint.o
                0x0000000000007cc4                mp_obj_new_int_from_uint
 .text.int_from_bytes
                0x0000000000007ce4       0x46 build/py/objint.o
 *fill*         0x0000000000007d2a        0x2 
 .text.mp_obj_new_int
                0x0000000000007d2c       0x24 build/py/objint.o
                0x0000000000007d2c                mp_obj_new_int
 .text.mp_obj_int_get_truncated
                0x0000000000007d50        0x4 build/py/objint.o
                0x0000000000007d50                mp_obj_int_get_truncated
 .text.mp_obj_int_get_checked
                0x0000000000007d54        0x4 build/py/objint.o
                0x0000000000007d54                mp_obj_int_get_checked
 .text.mp_obj_int_binary_op_extra_cases
                0x0000000000007d58       0x5c build/py/objint.o
                0x0000000000007d58                mp_obj_int_binary_op_extra_cases
 .text.mp_obj_int_binary_op
                0x0000000000007db4        0x4 build/py/objint.o
                0x0000000000007db4                mp_obj_int_binary_op
 .text.list_unary_op
                0x0000000000007db8       0x22 build/py/objlist.o
 *fill*         0x0000000000007dda        0x2 
 .text.list_getiter
                0x0000000000007ddc       0x1c build/py/objlist.o
 .text.list_reverse
                0x0000000000007df8       0x34 build/py/objlist.o
 .text.list_it_iternext
                0x0000000000007e2c       0x1c build/py/objlist.o
 .text.mp_obj_list_append
                0x0000000000007e48       0x46 build/py/objlist.o
                0x0000000000007e48                mp_obj_list_append
 .text.list_insert
                0x0000000000007e8e       0x48 build/py/objlist.o
 .text.list_clear
                0x0000000000007ed6       0x22 build/py/objlist.o
 .text.mp_quicksort
                0x0000000000007ef8       0xba build/py/objlist.o
 *fill*         0x0000000000007fb2        0x2 
 .text.mp_obj_list_sort
                0x0000000000007fb4       0x50 build/py/objlist.o
                0x0000000000007fb4                mp_obj_list_sort
 .text.list_index
                0x0000000000008004       0x12 build/py/objlist.o
 *fill*         0x0000000000008016        0x2 
 .text.list_pop
                0x0000000000008018       0x78 build/py/objlist.o
 .text.mp_obj_list_remove
                0x0000000000008090       0x20 build/py/objlist.o
                0x0000000000008090                mp_obj_list_remove
 .text.list_extend_from_iter
                0x00000000000080b0       0x22 build/py/objlist.o
 .text.list_count
                0x00000000000080d2        0xa build/py/objlist.o
 .text.list_print
                0x00000000000080dc       0x4c build/py/objlist.o
 .text.list_extend
                0x0000000000008128       0x70 build/py/objlist.o
 .text.mp_obj_list_init
                0x0000000000008198       0x38 build/py/objlist.o
                0x0000000000008198                mp_obj_list_init
 .text.list_new
                0x00000000000081d0       0x16 build/py/objlist.o
 *fill*         0x00000000000081e6        0x2 
 .text.list_binary_op
                0x00000000000081e8       0xcc build/py/objlist.o
 .text.list_make_new
                0x00000000000082b4       0x2c build/py/objlist.o
 .text.mp_obj_new_list
                0x00000000000082e0       0x24 build/py/objlist.o
                0x00000000000082e0                mp_obj_new_list
 .text.list_copy
                0x0000000000008304        0x8 build/py/objlist.o
 .text.mp_obj_list_get
                0x000000000000830c        0xa build/py/objlist.o
                0x000000000000830c                mp_obj_list_get
 .text.mp_obj_list_set_len
                0x0000000000008316        0x4 build/py/objlist.o
                0x0000000000008316                mp_obj_list_set_len
 .text.mp_obj_list_store
                0x000000000000831a       0x1a build/py/objlist.o
                0x000000000000831a                mp_obj_list_store
 .text.list_subscr
                0x0000000000008334       0x38 build/py/objlist.o
 .text.map_iternext
                0x000000000000836c       0x4a build/py/objmap.o
 *fill*         0x00000000000083b6        0x2 
 .text.map_make_new
                0x00000000000083b8       0x54 build/py/objmap.o
 .text.module_print
                0x000000000000840c       0x34 build/py/objmodule.o
 .text.module_attr
                0x0000000000008440       0x3c build/py/objmodule.o
 .text.mp_obj_new_module
                0x000000000000847c       0x44 build/py/objmodule.o
                0x000000000000847c                mp_obj_new_module
 .text.mp_module_get
                0x00000000000084c0       0x2c build/py/objmodule.o
                0x00000000000084c0                mp_module_get
 .text.object_make_new
                0x00000000000084ec       0x18 build/py/objobject.o
 .text.polymorph_it_iternext
                0x0000000000008504        0x4 build/py/objpolyiter.o
 .text.none_print
                0x0000000000008508        0xc build/py/objnone.o
 .text.range_it_iternext
                0x0000000000008514       0x2c build/py/objrange.o
 .text.range_len
                0x0000000000008540       0x20 build/py/objrange.o
 .text.range_unary_op
                0x0000000000008560       0x28 build/py/objrange.o
 .text.range_getiter
                0x0000000000008588       0x1c build/py/objrange.o
 .text.range_make_new
                0x00000000000085a4       0x60 build/py/objrange.o
 .text.range_print
                0x0000000000008604       0x3c build/py/objrange.o
 .text.range_subscr
                0x0000000000008640       0x2c build/py/objrange.o
 .text.range_attr
                0x000000000000866c       0x26 build/py/objrange.o
 *fill*         0x0000000000008692        0x2 
 .text.singleton_print
                0x0000000000008694        0xc build/py/objsingleton.o
 .text.arg_looks_integer
                0x00000000000086a0       0x28 build/py/objstr.o
 .text.mp_obj_new_str_iterator
                0x00000000000086c8       0x1c build/py/objstr.o
 .text.mp_obj_new_bytes_iterator
                0x00000000000086e4       0x1c build/py/objstr.o
 .text.bytes_it_iternext
                0x0000000000008700       0x3a build/py/objstr.o
 *fill*         0x000000000000873a        0x2 
 .text.terse_str_format_value_error
                0x000000000000873c        0xc build/py/objstr.o
 .text.str_uni_istype
                0x0000000000008748       0x84 build/py/objstr.o
 .text.str_isspace
                0x00000000000087cc        0xc build/py/objstr.o
 .text.str_isalpha
                0x00000000000087d8        0xc build/py/objstr.o
 .text.str_isdigit
                0x00000000000087e4        0xc build/py/objstr.o
 .text.str_isupper
                0x00000000000087f0        0xc build/py/objstr.o
 .text.str_islower
                0x00000000000087fc        0xc build/py/objstr.o
 .text.str_to_int
                0x0000000000008808       0x30 build/py/objstr.o
 .text.mp_obj_str_get_buffer
                0x0000000000008838       0x34 build/py/objstr.o
                0x0000000000008838                mp_obj_str_get_buffer
 .text.unlikely.bad_implicit_conversion.isra.2
                0x000000000000886c        0xc build/py/objstr.o
 .text.mp_str_print_quoted
                0x0000000000008878       0xc8 build/py/objstr.o
                0x0000000000008878                mp_str_print_quoted
 .text.str_print
                0x0000000000008940       0x6c build/py/objstr.o
 .text.find_subbytes
                0x00000000000089ac       0x42 build/py/objstr.o
                0x00000000000089ac                find_subbytes
 *fill*         0x00000000000089ee        0x2 
 .text.str_finder
                0x00000000000089f0       0xd4 build/py/objstr.o
 .text.str_find
                0x0000000000008ac4        0x8 build/py/objstr.o
 .text.str_rfind
                0x0000000000008acc        0xa build/py/objstr.o
 .text.str_index
                0x0000000000008ad6        0x8 build/py/objstr.o
 .text.str_rindex
                0x0000000000008ade        0xa build/py/objstr.o
 .text.mp_obj_new_str_copy
                0x0000000000008ae8       0x38 build/py/objstr.o
                0x0000000000008ae8                mp_obj_new_str_copy
 .text.mp_obj_new_str_via_qstr
                0x0000000000008b20        0xe build/py/objstr.o
                0x0000000000008b20                mp_obj_new_str_via_qstr
 .text.str_it_iternext
                0x0000000000008b2e       0x3c build/py/objstr.o
 *fill*         0x0000000000008b6a        0x2 
 .text.bytes_subscr
                0x0000000000008b6c       0x5c build/py/objstr.o
 .text.mp_obj_new_str_from_vstr
                0x0000000000008bc8       0x6c build/py/objstr.o
                0x0000000000008bc8                mp_obj_new_str_from_vstr
 .text.mp_obj_str_binary_op
                0x0000000000008c34      0x158 build/py/objstr.o
                0x0000000000008c34                mp_obj_str_binary_op
 .text.str_join
                0x0000000000008d8c      0x10c build/py/objstr.o
 .text.str_replace
                0x0000000000008e98      0x160 build/py/objstr.o
 .text.str_caseconv
                0x0000000000008ff8       0x58 build/py/objstr.o
 .text.str_lower
                0x0000000000009050        0xc build/py/objstr.o
 .text.str_upper
                0x000000000000905c        0xc build/py/objstr.o
 .text.mp_obj_new_str
                0x0000000000009068       0x28 build/py/objstr.o
                0x0000000000009068                mp_obj_new_str
 .text.mp_obj_str_make_new
                0x0000000000009090       0xc4 build/py/objstr.o
                0x0000000000009090                mp_obj_str_make_new
 .text.mp_obj_new_bytes
                0x0000000000009154       0x10 build/py/objstr.o
                0x0000000000009154                mp_obj_new_bytes
 .text.bytes_make_new
                0x0000000000009164      0x128 build/py/objstr.o
 .text.mp_obj_new_str_of_type
                0x000000000000928c       0x18 build/py/objstr.o
                0x000000000000928c                mp_obj_new_str_of_type
 .text.str_uni_strip
                0x00000000000092a4      0x118 build/py/objstr.o
 .text.str_strip
                0x00000000000093bc        0xa build/py/objstr.o
 .text.str_lstrip
                0x00000000000093c6        0xa build/py/objstr.o
 .text.str_rstrip
                0x00000000000093d0        0xa build/py/objstr.o
 .text.mp_obj_str_equal
                0x00000000000093da       0x90 build/py/objstr.o
                0x00000000000093da                mp_obj_str_equal
 *fill*         0x000000000000946a        0x2 
 .text.mp_obj_str_get_qstr
                0x000000000000946c       0x30 build/py/objstr.o
                0x000000000000946c                mp_obj_str_get_qstr
 .text.mp_obj_str_get_str
                0x000000000000949c       0x34 build/py/objstr.o
                0x000000000000949c                mp_obj_str_get_str
 .text.mp_obj_str_get_data
                0x00000000000094d0       0x3c build/py/objstr.o
                0x00000000000094d0                mp_obj_str_get_data
 .text.mp_obj_str_split
                0x000000000000950c      0x144 build/py/objstr.o
                0x000000000000950c                mp_obj_str_split
 .text.str_rsplit
                0x0000000000009650      0x10c build/py/objstr.o
 .text.str_startswith
                0x000000000000975c       0x72 build/py/objstr.o
 *fill*         0x00000000000097ce        0x2 
 .text.str_endswith
                0x00000000000097d0       0x5c build/py/objstr.o
 .text.mp_obj_str_format_helper
                0x000000000000982c      0x484 build/py/objstr.o
 .text.mp_obj_str_format
                0x0000000000009cb0       0x4c build/py/objstr.o
                0x0000000000009cb0                mp_obj_str_format
 .text.mp_obj_str_intern_checked
                0x0000000000009cfc       0x14 build/py/objstr.o
                0x0000000000009cfc                mp_obj_str_intern_checked
 .text.tuple_it_iternext
                0x0000000000009d10       0x1c build/py/objtuple.o
 .text.mp_obj_tuple_getiter
                0x0000000000009d2c       0x1c build/py/objtuple.o
                0x0000000000009d2c                mp_obj_tuple_getiter
 .text.mp_obj_tuple_print
                0x0000000000009d48       0x60 build/py/objtuple.o
                0x0000000000009d48                mp_obj_tuple_print
 .text.tuple_index
                0x0000000000009da8       0x14 build/py/objtuple.o
 .text.tuple_count
                0x0000000000009dbc        0xc build/py/objtuple.o
 .text.mp_obj_tuple_unary_op
                0x0000000000009dc8       0x54 build/py/objtuple.o
                0x0000000000009dc8                mp_obj_tuple_unary_op
 .text.mp_obj_tuple_subscr
                0x0000000000009e1c       0x1e build/py/objtuple.o
                0x0000000000009e1c                mp_obj_tuple_subscr
 *fill*         0x0000000000009e3a        0x2 
 .text.mp_obj_new_tuple
                0x0000000000009e3c       0x3c build/py/objtuple.o
                0x0000000000009e3c                mp_obj_new_tuple
 .text.mp_obj_tuple_binary_op
                0x0000000000009e78       0xf8 build/py/objtuple.o
                0x0000000000009e78                mp_obj_tuple_binary_op
 .text.mp_obj_tuple_make_new
                0x0000000000009f70       0x7c build/py/objtuple.o
 .text.mp_obj_tuple_get
                0x0000000000009fec        0xa build/py/objtuple.o
                0x0000000000009fec                mp_obj_tuple_get
 .text.mp_obj_tuple_del
                0x0000000000009ff6        0x4 build/py/objtuple.o
                0x0000000000009ff6                mp_obj_tuple_del
 *fill*         0x0000000000009ffa        0x2 
 .text.instance_count_native_bases
                0x0000000000009ffc       0x58 build/py/objtype.o
 .text.native_base_init_wrapper
                0x000000000000a054       0x32 build/py/objtype.o
 *fill*         0x000000000000a086        0x2 
 .text.type_call
                0x000000000000a088       0x18 build/py/objtype.o
 .text.mp_obj_class_lookup
                0x000000000000a0a0       0xec build/py/objtype.o
 .text.mp_obj_instance_make_new
                0x000000000000a18c      0x150 build/py/objtype.o
                0x000000000000a18c                mp_obj_instance_make_new
 .text.super_attr
                0x000000000000a2dc       0xa0 build/py/objtype.o
 .text.mp_obj_instance_attr
                0x000000000000a37c       0x8c build/py/objtype.o
 .text.static_class_method_make_new
                0x000000000000a408       0x20 build/py/objtype.o
 .text.super_make_new
                0x000000000000a428       0x3c build/py/objtype.o
 .text.type_print
                0x000000000000a464        0xc build/py/objtype.o
 .text.instance_subscr
                0x000000000000a470       0x76 build/py/objtype.o
 *fill*         0x000000000000a4e6        0x2 
 .text.instance_binary_op
                0x000000000000a4e8       0x6c build/py/objtype.o
 .text.instance_unary_op
                0x000000000000a554       0xa0 build/py/objtype.o
 .text.super_print
                0x000000000000a5f4       0x40 build/py/objtype.o
 .text.instance_print
                0x000000000000a634       0xa8 build/py/objtype.o
 .text.mp_obj_instance_getiter
                0x000000000000a6dc       0x5a build/py/objtype.o
                0x000000000000a6dc                mp_obj_instance_getiter
 .text.type_attr
                0x000000000000a736       0x5c build/py/objtype.o
 .text.instance_get_buffer
                0x000000000000a792       0x48 build/py/objtype.o
 *fill*         0x000000000000a7da        0x2 
 .text.mp_obj_instance_call
                0x000000000000a7dc       0x5c build/py/objtype.o
                0x000000000000a7dc                mp_obj_instance_call
 .text.mp_obj_instance_is_callable
                0x000000000000a838       0x32 build/py/objtype.o
                0x000000000000a838                mp_obj_instance_is_callable
 *fill*         0x000000000000a86a        0x2 
 .text.mp_obj_new_type
                0x000000000000a86c      0x12c build/py/objtype.o
                0x000000000000a86c                mp_obj_new_type
 .text.type_make_new
                0x000000000000a998       0x44 build/py/objtype.o
 .text.mp_load_super_method
                0x000000000000a9dc       0x24 build/py/objtype.o
                0x000000000000a9dc                mp_load_super_method
 .text.mp_obj_is_subclass_fast
                0x000000000000aa00       0x6c build/py/objtype.o
                0x000000000000aa00                mp_obj_is_subclass_fast
 .text.mp_obj_is_subclass
                0x000000000000aa6c       0x74 build/py/objtype.o
 .text.mp_builtin_issubclass
                0x000000000000aae0       0x24 build/py/objtype.o
 .text.mp_builtin_isinstance
                0x000000000000ab04       0x12 build/py/objtype.o
 .text.mp_obj_cast_to_native_base
                0x000000000000ab16       0x20 build/py/objtype.o
                0x000000000000ab16                mp_obj_cast_to_native_base
 .text.zip_iternext
                0x000000000000ab36       0x48 build/py/objzip.o
 *fill*         0x000000000000ab7e        0x2 
 .text.zip_make_new
                0x000000000000ab80       0x48 build/py/objzip.o
 .text.op_getitem
                0x000000000000abc8       0x18 build/py/opmethods.o
 .text.op_setitem
                0x000000000000abe0       0x1a build/py/opmethods.o
 .text.op_delitem
                0x000000000000abfa       0x18 build/py/opmethods.o
 .text.mp_seq_multiply
                0x000000000000ac12       0x28 build/py/sequence.o
                0x000000000000ac12                mp_seq_multiply
 .text.mp_seq_cmp_bytes
                0x000000000000ac3a       0x6a build/py/sequence.o
                0x000000000000ac3a                mp_seq_cmp_bytes
 .text.mp_seq_cmp_objs
                0x000000000000aca4       0x92 build/py/sequence.o
                0x000000000000aca4                mp_seq_cmp_objs
 *fill*         0x000000000000ad36        0x2 
 .text.mp_seq_index_obj
                0x000000000000ad38       0x68 build/py/sequence.o
                0x000000000000ad38                mp_seq_index_obj
 .text.mp_seq_count_obj
                0x000000000000ada0       0x2e build/py/sequence.o
                0x000000000000ada0                mp_seq_count_obj
 .text.mp_binary_set_int
                0x000000000000adce       0x2e build/py/binary.o
                0x000000000000adce                mp_binary_set_int
 .text.mp_import_stat_any
                0x000000000000adfc       0x16 build/py/builtinimport.o
 *fill*         0x000000000000ae12        0x2 
 .text.do_load  0x000000000000ae14       0x78 build/py/builtinimport.o
 .text.stat_dir_or_file
                0x000000000000ae8c       0x30 build/py/builtinimport.o
 .text.mp_builtin___import__
                0x000000000000aebc      0x27c build/py/builtinimport.o
                0x000000000000aebc                mp_builtin___import__
 .text.mp_obj_is_package
                0x000000000000b138       0x18 build/py/builtinimport.o
                0x000000000000b138                mp_obj_is_package
 .text.eval_exec_helper
                0x000000000000b150       0x74 build/py/builtinevex.o
 .text.mp_builtin_eval
                0x000000000000b1c4        0x6 build/py/builtinevex.o
 .text.mp_builtin_exec
                0x000000000000b1ca        0x6 build/py/builtinevex.o
 .text.mp_builtin_globals
                0x000000000000b1d0        0xc build/py/modbuiltins.o
 .text.mp_builtin_locals
                0x000000000000b1dc        0xc build/py/modbuiltins.o
 .text.mp_builtin___build_class__
                0x000000000000b1e8       0x78 build/py/modbuiltins.o
 .text.mp_builtin_abs
                0x000000000000b260        0x8 build/py/modbuiltins.o
 .text.mp_builtin_hash
                0x000000000000b268        0x8 build/py/modbuiltins.o
 .text.mp_builtin_iter
                0x000000000000b270        0x6 build/py/modbuiltins.o
 .text.mp_builtin_all
                0x000000000000b276       0x24 build/py/modbuiltins.o
 .text.mp_builtin_any
                0x000000000000b29a       0x24 build/py/modbuiltins.o
 .text.mp_builtin_bin
                0x000000000000b2be       0x1a build/py/modbuiltins.o
 .text.mp_builtin_hex
                0x000000000000b2d8       0x1a build/py/modbuiltins.o
 .text.mp_builtin_oct
                0x000000000000b2f2       0x1a build/py/modbuiltins.o
 .text.mp_builtin_callable
                0x000000000000b30c       0x10 build/py/modbuiltins.o
 .text.mp_builtin_chr
                0x000000000000b31c       0x28 build/py/modbuiltins.o
 .text.mp_builtin_divmod
                0x000000000000b344        0xa build/py/modbuiltins.o
 .text.mp_builtin_sum
                0x000000000000b34e       0x34 build/py/modbuiltins.o
 *fill*         0x000000000000b382        0x2 
 .text.mp_builtin_ord
                0x000000000000b384       0x28 build/py/modbuiltins.o
 .text.mp_builtin_pow
                0x000000000000b3ac       0x1c build/py/modbuiltins.o
 .text.mp_builtin_print
                0x000000000000b3c8       0x7c build/py/modbuiltins.o
 .text.mp_builtin___repl_print__
                0x000000000000b444       0x24 build/py/modbuiltins.o
 .text.mp_builtin_repr
                0x000000000000b468       0x2c build/py/modbuiltins.o
 .text.mp_builtin_round
                0x000000000000b494       0x34 build/py/modbuiltins.o
 .text.mp_builtin_sorted
                0x000000000000b4c8       0x38 build/py/modbuiltins.o
 .text.mp_builtin_hasattr
                0x000000000000b500       0x24 build/py/modbuiltins.o
 .text.mp_builtin_getattr
                0x000000000000b524       0x40 build/py/modbuiltins.o
 .text.mp_builtin_setattr
                0x000000000000b564       0x1a build/py/modbuiltins.o
 *fill*         0x000000000000b57e        0x2 
 .text.mp_builtin_dir
                0x000000000000b580       0x6c build/py/modbuiltins.o
 .text.mp_builtin_next
                0x000000000000b5ec       0x18 build/py/modbuiltins.o
 .text.mp_micropython_heap_unlock
                0x000000000000b604       0x18 build/py/modmicropython.o
 .text.mp_micropython_heap_lock
                0x000000000000b61c        0xa build/py/modmicropython.o
 *fill*         0x000000000000b626        0x2 
 .text.mp_micropython_opt_level
                0x000000000000b628       0x24 build/py/modmicropython.o
 .text.mp_execute_bytecode
                0x000000000000b64c      0xdc8 build/py/vm.o
                0x000000000000b64c                mp_execute_bytecode
 .text.mp_setup_code_state
                0x000000000000c414      0x314 build/py/bc.o
                0x000000000000c414                mp_setup_code_state
 .text.str_startswith_word
                0x000000000000c728       0x38 build/py/repl.o
 .text.mp_repl_continue_with_input
                0x000000000000c760      0x15c build/py/repl.o
                0x000000000000c760                mp_repl_continue_with_input
 .text.mp_repl_autocomplete
                0x000000000000c8bc      0x1f4 build/py/repl.o
                0x000000000000c8bc                mp_repl_autocomplete
 .text.mp_small_int_mul_overflow
                0x000000000000cab0       0x46 build/py/smallint.o
                0x000000000000cab0                mp_small_int_mul_overflow
 .text.mp_small_int_modulo
                0x000000000000caf6       0x1c build/py/smallint.o
                0x000000000000caf6                mp_small_int_modulo
 .text.mp_small_int_floor_divide
                0x000000000000cb12       0x1c build/py/smallint.o
                0x000000000000cb12                mp_small_int_floor_divide
 *fill*         0x000000000000cb2e        0x2 
 .text.mp_frozen_stat
                0x000000000000cb30       0x44 build/py/frozenmod.o
                0x000000000000cb30                mp_frozen_stat
 .text.mp_find_frozen_module
                0x000000000000cb74       0x58 build/py/frozenmod.o
                0x000000000000cb74                mp_find_frozen_module
 .text.mp_builtin_open
                0x000000000000cbcc        0x4 build/main.o
                0x000000000000cbcc                mp_builtin_open
 .text.startup.main
                0x000000000000cbd0       0x5c build/main.o
                0x000000000000cbd0                main
 .text.gc_collect
                0x000000000000cc2c       0x28 build/main.o
                0x000000000000cc2c                gc_collect
 .text.mp_lexer_new_from_file
                0x000000000000cc54        0x8 build/main.o
                0x000000000000cc54                mp_lexer_new_from_file
 .text.mp_import_stat
                0x000000000000cc5c        0x4 build/main.o
                0x000000000000cc5c                mp_import_stat
 .text.nlr_jump_fail
                0x000000000000cc60        0x2 build/main.o
                0x000000000000cc60                nlr_jump_fail
 .text.mp_hal_stdout_tx_strn
                0x000000000000cc62        0xe build/mhalport.o
                0x000000000000cc62                mp_hal_stdout_tx_strn
 .text.mp_hal_stdin_rx_chr
                0x000000000000cc70       0x34 build/mhalport.o
                0x000000000000cc70                mp_hal_stdin_rx_chr
 .text.strn_print_strn
                0x000000000000cca4       0x22 build/lib/utils/printf.o
 *fill*         0x000000000000ccc6        0x2 
 .text.vsnprintf
                0x000000000000ccc8       0x34 build/lib/utils/printf.o
                0x000000000000ccc8                __GI_vsnprintf
                0x000000000000ccc8                vsnprintf
 .text.snprintf
                0x000000000000ccfc       0x1a build/lib/utils/printf.o
                0x000000000000ccfc                snprintf
 *fill*         0x000000000000cd16        0x2 
 .text.mp_hal_stdout_tx_strn_cooked
                0x000000000000cd18       0x30 build/lib/utils/stdout_helpers.o
                0x000000000000cd18                mp_hal_stdout_tx_strn_cooked
 .text.mp_hal_stdout_tx_str
                0x000000000000cd48       0x14 build/lib/utils/stdout_helpers.o
                0x000000000000cd48                mp_hal_stdout_tx_str
 .text.parse_compile_execute
                0x000000000000cd5c       0xf4 build/lib/utils/pyexec.o
 .text.pyexec_friendly_repl
                0x000000000000ce50      0x128 build/lib/utils/pyexec.o
                0x000000000000ce50                pyexec_friendly_repl
 .text.readline_auto_indent
                0x000000000000cf78       0x94 build/lib/mp-readline/readline.o
 .text.mp_hal_move_cursor_back
                0x000000000000d00c       0x3c build/lib/mp-readline/readline.o
 .text.readline_init
                0x000000000000d048       0x2c build/lib/mp-readline/readline.o
                0x000000000000d048                readline_init
 .text.readline_push_history
                0x000000000000d074       0x4c build/lib/mp-readline/readline.o
                0x000000000000d074                readline_push_history
 .text.readline_process_char
                0x000000000000d0c0      0x2f4 build/lib/mp-readline/readline.o
                0x000000000000d0c0                readline_process_char
 .text.readline
                0x000000000000d3b4       0x14 build/lib/mp-readline/readline.o
                0x000000000000d3b4                readline
 .text.SystemInit
                0x000000000000d3c8       0xd4 build/system_LPC17xx.o
                0x000000000000d3c8                SystemInit
 .text.USB_ResetCore
                0x000000000000d49c       0x38 build/usbcore.o
                0x000000000000d49c                USB_ResetCore
 .text.USB_SetupStage
                0x000000000000d4d4        0xc build/usbcore.o
                0x000000000000d4d4                USB_SetupStage
 .text.USB_DataInStage
                0x000000000000d4e0       0x28 build/usbcore.o
                0x000000000000d4e0                USB_DataInStage
 .text.USB_DataOutStage
                0x000000000000d508       0x20 build/usbcore.o
                0x000000000000d508                USB_DataOutStage
 .text.USB_StatusInStage
                0x000000000000d528        0xa build/usbcore.o
                0x000000000000d528                USB_StatusInStage
 *fill*         0x000000000000d532        0x2 
 .text.USB_StatusOutStage
                0x000000000000d534        0xc build/usbcore.o
                0x000000000000d534                USB_StatusOutStage
 .text.USB_ReqGetStatus
                0x000000000000d540       0x98 build/usbcore.o
                0x000000000000d540                USB_ReqGetStatus
 .text.USB_ReqSetClrFeature
                0x000000000000d5d8       0xb8 build/usbcore.o
                0x000000000000d5d8                USB_ReqSetClrFeature
 .text.USB_ReqSetAddress
                0x000000000000d690       0x24 build/usbcore.o
                0x000000000000d690                USB_ReqSetAddress
 .text.USB_ReqGetDescriptor
                0x000000000000d6b4       0x88 build/usbcore.o
                0x000000000000d6b4                USB_ReqGetDescriptor
 .text.USB_ReqGetConfiguration
                0x000000000000d73c       0x24 build/usbcore.o
                0x000000000000d73c                USB_ReqGetConfiguration
 .text.USB_ReqSetConfiguration
                0x000000000000d760      0x188 build/usbcore.o
                0x000000000000d760                USB_ReqSetConfiguration
 .text.USB_ReqGetInterface
                0x000000000000d8e8       0x40 build/usbcore.o
                0x000000000000d8e8                USB_ReqGetInterface
 .text.USB_ReqSetInterface
                0x000000000000d928      0x128 build/usbcore.o
                0x000000000000d928                USB_ReqSetInterface
 .text.USB_EndPoint0
                0x000000000000da50      0x210 build/usbcore.o
                0x000000000000da50                USB_EndPoint0
 .text.EPAdr    0x000000000000dc60       0x10 build/usbhw.o
                0x000000000000dc60                EPAdr
 .text.WrCmd    0x000000000000dc70       0x1c build/usbhw.o
                0x000000000000dc70                WrCmd
 .text.WrCmdDat
                0x000000000000dc8c       0x30 build/usbhw.o
                0x000000000000dc8c                WrCmdDat
 .text.WrCmdEP  0x000000000000dcbc       0x3c build/usbhw.o
                0x000000000000dcbc                WrCmdEP
 .text.RdCmdDat
                0x000000000000dcf8       0x20 build/usbhw.o
                0x000000000000dcf8                RdCmdDat
 .text.USB_Connect
                0x000000000000dd18       0x18 build/usbhw.o
                0x000000000000dd18                USB_Connect
 .text.USB_Reset
                0x000000000000dd30       0x3c build/usbhw.o
                0x000000000000dd30                USB_Reset
 .text.USB_WakeUpCfg
                0x000000000000dd6c        0x2 build/usbhw.o
                0x000000000000dd6c                USB_WakeUpCfg
 *fill*         0x000000000000dd6e        0x2 
 .text.USB_SetAddress
                0x000000000000dd70       0x28 build/usbhw.o
                0x000000000000dd70                USB_SetAddress
 .text.USB_Init
                0x000000000000dd98       0x84 build/usbhw.o
                0x000000000000dd98                USB_Init
 .text.USB_Configure
                0x000000000000de1c       0x38 build/usbhw.o
                0x000000000000de1c                USB_Configure
 .text.USB_ConfigEP
                0x000000000000de54       0x3c build/usbhw.o
                0x000000000000de54                USB_ConfigEP
 .text.USB_DirCtrlEP
                0x000000000000de90        0x2 build/usbhw.o
                0x000000000000de90                USB_DirCtrlEP
 *fill*         0x000000000000de92        0x2 
 .text.USB_DisableEP
                0x000000000000de94       0x20 build/usbhw.o
                0x000000000000de94                USB_DisableEP
 .text.USB_SetStallEP
                0x000000000000deb4       0x20 build/usbhw.o
                0x000000000000deb4                USB_SetStallEP
 .text.USB_ClrStallEP
                0x000000000000ded4       0x1c build/usbhw.o
                0x000000000000ded4                USB_ClrStallEP
 .text.USB_ResetEP
                0x000000000000def0        0x4 build/usbhw.o
                0x000000000000def0                USB_ResetEP
 .text.USB_EnableEP
                0x000000000000def4        0x4 build/usbhw.o
                0x000000000000def4                USB_EnableEP
 .text.USB_ReadEP
                0x000000000000def8       0x58 build/usbhw.o
                0x000000000000def8                USB_ReadEP
 .text.USB_WriteEP
                0x000000000000df50       0x48 build/usbhw.o
                0x000000000000df50                USB_WriteEP
 .text.USB_IRQHandler
                0x000000000000df98       0xb4 build/usbhw.o
                0x000000000000df98                USB_IRQHandler
 .text.USB_EndPoint2
                0x000000000000e04c       0x12 build/usbuser.o
                0x000000000000e04c                USB_EndPoint2
 *fill*         0x000000000000e05e        0x2 
 .text.USB_EndPoint1
                0x000000000000e060       0x24 build/usbuser.o
                0x000000000000e060                USB_EndPoint1
 .text.USB_Reset_Event
                0x000000000000e084        0x4 build/usbuser.o
                0x000000000000e084                USB_Reset_Event
 .text.USB_Configure_Event
                0x000000000000e088        0x2 build/usbuser.o
                0x000000000000e088                USB_Configure_Event
 *fill*         0x000000000000e08a        0x2 
 .text.CDC_RdOutBuf
                0x000000000000e08c       0x28 build/cdcuser.o
                0x000000000000e08c                CDC_RdOutBuf
 .text.CDC_WrOutBuf
                0x000000000000e0b4       0x28 build/cdcuser.o
                0x000000000000e0b4                CDC_WrOutBuf
 .text.CDC_OutBufAvailChar
                0x000000000000e0dc       0x18 build/cdcuser.o
                0x000000000000e0dc                CDC_OutBufAvailChar
 .text.CDC_SendEncapsulatedCommand
                0x000000000000e0f4        0x4 build/cdcuser.o
                0x000000000000e0f4                CDC_SendEncapsulatedCommand
 .text.CDC_GetEncapsulatedResponse
                0x000000000000e0f8        0x4 build/cdcuser.o
                0x000000000000e0f8                CDC_GetEncapsulatedResponse
 .text.CDC_SetCommFeature
                0x000000000000e0fc        0x4 build/cdcuser.o
                0x000000000000e0fc                CDC_SetCommFeature
 .text.CDC_GetCommFeature
                0x000000000000e100        0x4 build/cdcuser.o
                0x000000000000e100                CDC_GetCommFeature
 .text.CDC_ClearCommFeature
                0x000000000000e104        0x4 build/cdcuser.o
                0x000000000000e104                CDC_ClearCommFeature
 .text.CDC_SetLineCoding
                0x000000000000e108       0x3c build/cdcuser.o
                0x000000000000e108                CDC_SetLineCoding
 .text.CDC_GetLineCoding
                0x000000000000e144       0x2c build/cdcuser.o
                0x000000000000e144                CDC_GetLineCoding
 .text.CDC_SetControlLineState
                0x000000000000e170        0x4 build/cdcuser.o
                0x000000000000e170                CDC_SetControlLineState
 .text.CDC_SendBreak
                0x000000000000e174        0x4 build/cdcuser.o
                0x000000000000e174                CDC_SendBreak
 .text.CDC_BulkIn
                0x000000000000e178       0x18 build/cdcuser.o
                0x000000000000e178                CDC_BulkIn
 .text.CDC_BulkOut
                0x000000000000e190       0x20 build/cdcuser.o
                0x000000000000e190                CDC_BulkOut
 .text.CDC_GetSerialState
                0x000000000000e1b0       0x78 build/cdcuser.o
                0x000000000000e1b0                CDC_GetSerialState
 .text.CDC_Init
                0x000000000000e228       0x54 build/cdcuser.o
                0x000000000000e228                CDC_Init
 .text.CDC_NotificationIn
                0x000000000000e27c       0x34 build/cdcuser.o
                0x000000000000e27c                CDC_NotificationIn
 .text.ser_OpenPort
                0x000000000000e2b0       0x40 build/serial.o
                0x000000000000e2b0                ser_OpenPort
 .text.ser_ClosePort
                0x000000000000e2f0       0x3c build/serial.o
                0x000000000000e2f0                ser_ClosePort
 .text.ser_InitPort0
                0x000000000000e32c       0xc0 build/serial.o
                0x000000000000e32c                ser_InitPort0
 .text.ser_InitPort1
                0x000000000000e3ec       0xbc build/serial.o
                0x000000000000e3ec                ser_InitPort1
 .text.ser_Read
                0x000000000000e4a8       0x2c build/serial.o
                0x000000000000e4a8                ser_Read
 .text.ser_AvailChar
                0x000000000000e4d4       0x18 build/serial.o
                0x000000000000e4d4                ser_AvailChar
 .text.ser_LineState
                0x000000000000e4ec       0x10 build/serial.o
                0x000000000000e4ec                ser_LineState
 .text.UART0_IRQHandler