
Allocating common symbols
Common symbol       size              file

USB_AltSetting      0x4               build/usbcore.o
EP0Buf              0x8               build/usbcore.o
USB_EndPointMask    0x4               build/usbcore.o
USB_DeviceAddress   0x1               build/usbcore.o
BulkBufOut          0x40              build/cdcuser.o
USB_EndPointStall   0x4               build/usbcore.o
NotificationBuf     0xa               build/cdcuser.o
ser_in              0x88              build/serial.o
mp_state_ctx        0x1b4             build/py/mpstate.o
ser_txRestart       0x4               build/serial.o
BulkBufIn           0x40              build/cdcuser.o
USB_EndPointHalt    0x4               build/usbcore.o
USB_Configuration   0x1               build/usbcore.o
ser_lineState       0x2               build/serial.o
SetupPacket         0x8               build/usbcore.o
USB_NumInterfaces   0x1               build/usbcore.o
ser_out             0x88              build/serial.o
EP0Data             0x8               build/usbcore.o
CDC_OutBuf          0x48              build/cdcuser.o
USB_DeviceStatus    0x2               build/usbcore.o

Discarded input sections

 .text          0x0000000000000000        0x0 build/py/mpstate.o
 .data          0x0000000000000000        0x0 build/py/mpstate.o
 .bss           0x0000000000000000        0x0 build/py/mpstate.o
 .data          0x0000000000000000        0x0 build/py/nlr.o
 .bss           0x0000000000000000        0x0 build/py/nlr.o
 .text          0x0000000000000000        0x0 build/py/nlrx86.o
 .data          0x0000000000000000        0x0 build/py/nlrx86.o
 .bss           0x0000000000000000        0x0 build/py/nlrx86.o
 .comment       0x0000000000000000       0x32 build/py/nlrx86.o
 .ARM.attributes
                0x0000000000000000       0x33 build/py/nlrx86.o
 .text          0x0000000000000000        0x0 build/py/nlrx64.o
 .data          0x0000000000000000        0x0 build/py/nlrx64.o
 .bss           0x0000000000000000        0x0 build/py/nlrx64.o
 .comment       0x0000000000000000       0x32 build/py/nlrx64.o
 .ARM.attributes
                0x0000000000000000       0x33 build/py/nlrx64.o
 .data          0x0000000000000000        0x0 build/py/nlrthumb.o
 .bss           0x0000000000000000        0x0 build/py/nlrthumb.o
 .text          0x0000000000000000        0x0 build/py/nlrpowerpc.o
 .data          0x0000000000000000        0x0 build/py/nlrpowerpc.o
 .bss           0x0000000000000000        0x0 build/py/nlrpowerpc.o
 .comment       0x0000000000000000       0x32 build/py/nlrpowerpc.o
 .ARM.attributes
                0x0000000000000000       0x33 build/py/nlrpowerpc.o
 .text          0x0000000000000000        0x0 build/py/nlrxtensa.o
 .data          0x0000000000000000        0x0 build/py/nlrxtensa.o
 .bss           0x0000000000000000        0x0 build/py/nlrxtensa.o
 .comment       0x0000000000000000       0x32 build/py/nlrxtensa.o
 .ARM.attributes
                0x0000000000000000       0x33 build/py/nlrxtensa.o
 .text          0x0000000000000000        0x0 build/py/nlrsetjmp.o
 .data          0x0000000000000000        0x0 build/py/nlrsetjmp.o
 .bss           0x0000000000000000        0x0 build/py/nlrsetjmp.o
 .comment       0x0000000000000000       0x32 build/py/nlrsetjmp.o
 .ARM.attributes
                0x0000000000000000       0x33 build/py/nlrsetjmp.o
 .data          0x0000000000000000        0x0 build/py/malloc.o
 .bss           0x0000000000000000        0x0 build/py/malloc.o
 .data          0x0000000000000000        0x0 build/py/gc.o
 .bss           0x0000000000000000        0x0 build/py/gc.o
 .text          0x0000000000000000        0x0 build/py/pystack.o
 .data          0x0000000000000000        0x0 build/py/pystack.o
 .bss           0x0000000000000000        0x0 build/py/pystack.o
 .comment       0x0000000000000000       0x32 build/py/pystack.o
 .ARM.attributes
                0x0000000000000000       0x33 build/py/pystack.o
 .data          0x0000000000000000        0x0 build/py/qstr.o
 .bss           0x0000000000000000        0x0 build/py/qstr.o
 .data          0x0000000000000000        0x0 build/py/vstr.o
 .bss           0x0000000000000000        0x0 build/py/vstr.o
 .data          0x0000000000000000        0x0 build/py/mpprint.o
 .bss           0x0000000000000000        0x0 build/py/mpprint.o
 .data          0x0000000000000000        0x0 build/py/unicode.o
 .bss           0x0000000000000000        0x0 build/py/unicode.o
 .text          0x0000000000000000        0x0 build/py/mpz.o
 .data          0x0000000000000000        0x0 build/py/mpz.o
 .bss           0x0000000000000000        0x0 build/py/mpz.o
 .comment       0x0000000000000000       0x32 build/py/mpz.o
 .ARM.attributes
                0x0000000000000000       0x33 build/py/mpz.o
 .data          0x0000000000000000        0x0 build/py/reader.o
 .bss           0x0000000000000000        0x0 build/py/reader.o
 .data          0x0000000000000000        0x0 build/py/lexer.o
[...]
Memory Configuration

Name             Origin             Length             Attributes
FLASH            0x0000000000000000 0x0000000000080000 xr
RAM              0x00000000100000c8 0x0000000000007f38 xrw
USB_RAM          0x000000002007c000 0x0000000000004000 xrw
ETH_RAM          0x0000000020080000 0x0000000000004000 xrw
*default*        0x0000000000000000 0xffffffffffffffff

Linker script and memory map


.text           0x0000000000000000    0x17eb8
 *(.isr_vector)
 .isr_vector    0x0000000000000000       0xcc build/startup_LPC17xx.o
                0x0000000000000000                __isr_vector
 *(.text*)
 .text          0x00000000000000cc       0x20 build/py/nlr.o
                0x00000000000000cc                nlr_push_tail
                0x00000000000000dc                nlr_pop
 .text          0x00000000000000ec       0x60 build/py/nlrthumb.o
                0x00000000000000ec                nlr_push
                0x0000000000000110                nlr_jump
 .text          0x000000000000014c       0x5a build/py/malloc.o
                0x000000000000014c                m_malloc
                0x0000000000000168                m_malloc_maybe
                0x0000000000000172                m_malloc0
                0x000000000000017a                m_realloc
                0x0000000000000196                m_realloc_maybe
                0x000000000000019e                m_free
 *fill*         0x00000000000001a6        0x2 
 .text          0x00000000000001a8      0x880 build/py/gc.o
                0x000000000000025c                gc_init
                0x000000000000029c                gc_lock
                0x00000000000002b0                gc_unlock
                0x00000000000002c4                gc_is_locked
                0x00000000000002d8                gc_collect_root
                0x0000000000000340                gc_collect_start
                0x0000000000000360                gc_collect_end
                0x0000000000000414                gc_sweep_all
                0x0000000000000430                gc_info
                0x00000000000004f8                gc_alloc
                0x00000000000005f4                gc_free
                0x00000000000006a4                gc_nbytes
                0x0000000000000704                gc_realloc
                0x00000000000008a8                gc_dump_info
                0x00000000000008e8                gc_dump_alloc_table
 .text          0x0000000000000a28      0x398 build/py/qstr.o
                0x0000000000000a48                qstr_compute_hash
                0x0000000000000a6e                qstr_init
                0x0000000000000a84                qstr_find_strn
                0x0000000000000b04                qstr_from_strn
                0x0000000000000c4c                qstr_from_str
                0x0000000000000c5e                qstr_hash
                0x0000000000000c68                qstr_len
                0x0000000000000c72                qstr_str
                0x0000000000000c7c                qstr_data
                0x0000000000000c8c                qstr_pool_info
                0x0000000000000d10                mp_decompress_rom_string
 .text          0x0000000000000dc0      0x278 build/py/vstr.o
                0x0000000000000dfc                vstr_add_strn
                0x0000000000000e54                vstr_init
                0x0000000000000e76                vstr_init_len
                0x0000000000000e86                vstr_init_fixed_buf
                0x0000000000000e98                vstr_init_print
                0x0000000000000eb0                vstr_clear
                0x0000000000000eca                vstr_new
                0x0000000000000ee0                vstr_free
                0x0000000000000f00                vstr_extend
                0x0000000000000f30                vstr_hint_size
                0x0000000000000f38                vstr_add_len
                0x0000000000000f4e                vstr_null_terminated_str
                0x0000000000000f6e                vstr_add_byte
                0x0000000000000f7c                vstr_add_char
                0x0000000000000f86                vstr_add_str
                0x0000000000000f9e                vstr_ins_byte
                0x0000000000000fac                vstr_ins_char
                0x0000000000000fba                vstr_cut_tail_bytes
                0x0000000000000fc8                vstr_cut_out_bytes
                0x0000000000000ff6                vstr_cut_head_bytes
                0x0000000000001002                vstr_vprintf
                0x000000000000101c                vstr_printf
 .text          0x0000000000001038      0x7c4 build/py/mpprint.o
                0x0000000000001044                mp_print_str
                0x0000000000001064                mp_print_strn
                0x00000000000011fa                mp_print_mp_int
                0x000000000000149c                mp_vprintf
                0x00000000000017e0                mp_printf
 .text          0x00000000000017fc       0xf0 build/py/unicode.o
                0x00000000000017fc                unichar_isspace
                0x0000000000001810                unichar_isalpha
                0x0000000000001824                unichar_isdigit
                0x0000000000001838                unichar_isxdigit
                0x000000000000184c                unichar_isident
                0x0000000000001870                unichar_isalnum
                0x000000000000188c                unichar_isupper
                0x00000000000018a0                unichar_islower
                0x00000000000018b4                unichar_tolower
                0x00000000000018c8                unichar_toupper
                0x00000000000018dc                unichar_xdigit_value
 .text          0x00000000000018ec       0x5c build/py/reader.o
                0x0000000000001918                mp_reader_new_mem
 .text          0x0000000000001948      0x9a4 build/py/lexer.o
                0x0000000000001a9c                mp_lexer_to_next
                0x000000000000222c                mp_lexer_new
                0x00000000000022aa                mp_lexer_new_from_str_len
                0x00000000000022c6                mp_lexer_free
 .text          0x00000000000022ec      0xb28 build/py/parse.o
                0x0000000000002558                mp_parse_node_is_const_false
                0x0000000000002574                mp_parse_node_is_const_true
                0x0000000000002590                mp_parse_node_get_int_maybe
                0x00000000000028c0                mp_parse_node_extract_list
                0x00000000000028f2                mp_parse
                0x0000000000002dfc                mp_parse_tree_clear
 .text          0x0000000000002e14      0x1b0 build/py/scope.o
                0x0000000000002e14                scope_new
                0x0000000000002e84                scope_free
                0x0000000000002e96                scope_find
                0x0000000000002ec8                scope_find_or_add_id
                0x0000000000002f12                scope_find_global
                0x0000000000002f24                scope_check_to_close_over
 .text          0x0000000000002fc4     0x2f98 build/py/compile.o
                0x0000000000005bf8                mp_compile
 .text          0x0000000000005f5c       0xa0 build/py/emitcommon.o
                0x0000000000005f5c                mp_emit_common_get_id_for_modification
                0x0000000000005f78                mp_emit_common_id_op
 .text          0x0000000000005ffc      0xb78 build/py/emitbc.o
                0x00000000000060c2                emit_bc_new
                0x00000000000060cc                emit_bc_set_max_num_labels
                0x00000000000060dc                emit_bc_free
                0x00000000000060ee                mp_emit_bc_start_pass
                0x000000000000629e                mp_emit_bc_end_pass
                0x000000000000638c                mp_emit_bc_last_emit_was_return_value
                0x0000000000006396                mp_emit_bc_adjust_stack_size
                0x0000000000006440                mp_emit_bc_delete_local
                0x00000000000064b0                mp_emit_bc_load_local
                0x00000000000064d4                mp_emit_bc_store_local
                0x0000000000006538                mp_emit_bc_load_global
                0x0000000000006548                mp_emit_bc_store_global
                0x000000000000655a                mp_emit_bc_delete_global
                0x00000000000065de                mp_emit_bc_set_source_line
                0x00000000000065e0                mp_emit_bc_label_assign
                0x000000000000665c                mp_emit_bc_import
                0x0000000000006686                mp_emit_bc_load_const_tok
                0x00000000000066c8                mp_emit_bc_load_const_small_int
                0x000000000000676a                mp_emit_bc_load_const_str
                0x0000000000006778                mp_emit_bc_load_const_obj
                0x00000000000067a0                mp_emit_bc_load_null
                0x00000000000067ac                mp_emit_bc_load_method
                0x00000000000067c4                mp_emit_bc_load_build_class
                0x00000000000067d0                mp_emit_bc_dup_top
                0x00000000000067dc                mp_emit_bc_dup_top_two
                0x00000000000067e8                mp_emit_bc_pop_top
                0x00000000000067f6                mp_emit_bc_rot_two
                0x0000000000006802                mp_emit_bc_attr
                0x0000000000006836                mp_emit_bc_rot_three
                0x0000000000006842                mp_emit_bc_subscr
                0x0000000000006872                mp_emit_bc_jump
                0x0000000000006880                mp_emit_bc_pop_jump_if
                0x000000000000689e                mp_emit_bc_jump_if_or_pop
                0x00000000000068bc                mp_emit_bc_unwind_jump
                0x0000000000006920                mp_emit_bc_setup_block
                0x0000000000006938                mp_emit_bc_with_cleanup
                0x0000000000006962                mp_emit_bc_end_finally
                0x0000000000006970                mp_emit_bc_get_iter
                0x0000000000006984                mp_emit_bc_for_iter
                0x0000000000006992                mp_emit_bc_for_iter_end
                0x000000000000699e                mp_emit_bc_pop_except_jump
                0x00000000000069ac                mp_emit_bc_unary_op
                0x00000000000069bc                mp_emit_bc_binary_op
                0x00000000000069f8                mp_emit_bc_build
                0x0000000000006a10                mp_emit_bc_store_map
                0x0000000000006a1e                mp_emit_bc_store_comp
                0x0000000000006a36                mp_emit_bc_unpack_sequence
                0x0000000000006a44                mp_emit_bc_unpack_ex
                0x0000000000006a56                mp_emit_bc_make_function
                0x0000000000006a76                mp_emit_bc_make_closure
                0x0000000000006acc                mp_emit_bc_call_function
                0x0000000000006ae4                mp_emit_bc_call_method
                0x0000000000006afe                mp_emit_bc_return_value
                0x0000000000006b12                mp_emit_bc_raise_varargs
                0x0000000000006b40                mp_emit_bc_yield
                0x0000000000006b5c                mp_emit_bc_start_except_handler
                0x0000000000006b66                mp_emit_bc_end_except_handler
 .text          0x0000000000006b74       0xac build/py/parsenumbase.o
                0x0000000000006b74                mp_parse_num_base
 .text          0x0000000000006c20      0x1a0 build/py/parsenum.o
                0x0000000000006c40                mp_parse_num_integer
                0x0000000000006da8                mp_parse_num_decimal
 .text          0x0000000000006dc0       0xf8 build/py/emitglue.o
                0x0000000000006dc0                mp_emit_glue_new_raw_code
                0x0000000000006dd4                mp_emit_glue_assign_bytecode
                0x0000000000006df0                mp_make_function_from_raw_code
                0x0000000000006e90                mp_make_closure_from_raw_code
 .text          0x0000000000006eb8     0x10e8 build/py/runtime.o
                0x0000000000006eb8                mp_init
                0x0000000000006ef4                mp_deinit
                0x0000000000006ef6                mp_load_build_class
                0x0000000000006f00                mp_store_name
                0x0000000000006f18                mp_delete_name
                0x0000000000006f30                mp_store_global
                0x0000000000006f48                mp_delete_global
                0x0000000000006f60                mp_convert_member_lookup
                0x0000000000006fc8                mp_load_method_maybe
                0x0000000000007048                mp_load_method_protected
                0x000000000000708c                mp_import_name
                0x00000000000070b0                mp_import_all
                0x00000000000070f6                mp_raise_msg
                0x000000000000710a                mp_load_global
                0x0000000000007150                mp_load_name
                0x0000000000007180                mp_load_method
                0x00000000000071a0                mp_load_attr
                0x00000000000071be                mp_store_attr
                0x00000000000071f8                mp_raise_msg_varg
                0x000000000000720e                mp_import_from
                0x00000000000072c8                m_malloc_fail
                0x00000000000072f0                mp_raise_ValueError
                0x0000000000007300                mp_raise_TypeError
                0x0000000000007310                mp_unary_op
                0x0000000000007450                mp_call_function_n_kw
                0x000000000000747c                mp_call_function_0
                0x000000000000748a                mp_parse_compile_execute
                0x00000000000074f0                mp_call_function_1
                0x0000000000007508                mp_call_function_2
                0x0000000000007520                mp_call_method_n_kw
                0x0000000000007542                mp_make_raise_obj
                0x0000000000007578                mp_resume
                0x00000000000076bc                mp_getiter
                0x0000000000007750                mp_iternext_allow_raise
                0x000000000000778c                mp_iternext
                0x00000000000077f4                mp_call_method_n_kw_var
                0x0000000000007aa8                mp_unpack_sequence
                0x0000000000007b40                mp_unpack_ex
                0x0000000000007c58                mp_binary_op
                0x0000000000007f78                mp_raise_OSError
                0x0000000000007f90                mp_raise_NotImplementedError
 .text          0x0000000000007fa0      0x130 build/py/argcheck.o
                0x0000000000007fa0                mp_arg_error_terse_mismatch
                0x0000000000007fac                mp_arg_check_num_sig
                0x0000000000007fde                mp_arg_parse_all
                0x00000000000080a4                mp_arg_parse_all_kw_array
 .text          0x00000000000080d0      0x314 build/py/map.o
                0x00000000000080d0                mp_map_init
                0x0000000000008102                mp_map_init_fixed_table
                0x0000000000008116                mp_map_deinit
                0x0000000000008138                mp_map_clear
                0x0000000000008168                mp_map_lookup
 .text          0x00000000000083e4      0x594 build/py/obj.o
                0x00000000000083e4                mp_identity
                0x00000000000083e6                mp_obj_get_type
                0x0000000000008400                mp_obj_get_type_str
                0x000000000000840e                mp_obj_print_helper
                0x0000000000008448                mp_obj_print
                0x000000000000845c                mp_obj_print_exception
                0x0000000000008528                mp_obj_is_callable
                0x000000000000854c                mp_obj_get_int
                0x0000000000008590                mp_obj_get_int_truncated
                0x00000000000085b8                mp_obj_get_int_maybe
                0x0000000000008604                mp_obj_get_array
                0x0000000000008638                mp_obj_get_array_fixed_n
                0x0000000000008658                mp_get_index
                0x00000000000086c4                mp_obj_id
                0x00000000000086e4                mp_obj_len_maybe
                0x0000000000008734                mp_obj_is_true
                0x0000000000008790                mp_obj_equal_not_equal
                0x00000000000088c4                mp_obj_equal
                0x00000000000088d6                mp_obj_len
                0x00000000000088ec                mp_obj_subscr
                0x000000000000892c                mp_identity_getiter
                0x000000000000892e                mp_get_buffer
                0x0000000000008952                mp_get_buffer_raise
                0x0000000000008968                mp_generic_unary_op
 .text          0x0000000000008978       0x68 build/py/objbool.o
 .text          0x00000000000089e0       0xb8 build/py/objboundmeth.o
                0x00000000000089e0                mp_call_method_self_n_kw
                0x0000000000008a7e                mp_obj_new_bound_meth
 .text          0x0000000000008a98       0x20 build/py/objcell.o
                0x0000000000008a98                mp_obj_cell_get
                0x0000000000008a9c                mp_obj_cell_set
                0x0000000000008aa0                mp_obj_new_cell
 .text          0x0000000000008ab8       0xc4 build/py/objclosure.o
                0x0000000000008b44                mp_obj_new_closure
 .text          0x0000000000008b7c      0x82c build/py/objdict.o
                0x00000000000091fc                mp_obj_dict_get
                0x0000000000009220                mp_obj_dict_init
                0x0000000000009234                mp_obj_new_dict
                0x000000000000924a                mp_obj_dict_make_new
                0x000000000000928c                mp_obj_dict_copy
                0x0000000000009304                mp_obj_dict_len
                0x000000000000930a                mp_obj_dict_store
                0x0000000000009354                mp_obj_dict_delete
 .text          0x00000000000093a8      0x59c build/py/objexcept.o
                0x0000000000009410                mp_obj_exception_print
                0x0000000000009490                mp_obj_exception_make_new
                0x0000000000009556                mp_obj_exception_get_value
                0x000000000000956e                mp_obj_exception_attr
                0x00000000000095b4                mp_obj_new_exception
                0x00000000000095e8                mp_obj_new_exception_arg1
                0x0000000000009624                mp_obj_new_exception_args
                0x0000000000009658                mp_obj_new_exception_msg
                0x00000000000096c8                mp_obj_new_exception_msg_vlist
                0x00000000000097ac                mp_obj_new_exception_msg_varg
                0x00000000000097c8                mp_obj_is_exception_type
                0x00000000000097f8                mp_obj_is_exception_instance
                0x0000000000009804                mp_obj_exception_match
                0x0000000000009824                mp_obj_exception_clear_traceback
                0x0000000000009864                mp_obj_exception_add_traceback
                0x00000000000098f4                mp_obj_exception_get_traceback
 .text          0x0000000000009944      0x36c build/py/objfun.o
                0x0000000000009bb4                mp_obj_code_get_name
                0x0000000000009bc6                mp_obj_fun_get_name
                0x0000000000009be2                mp_obj_new_fun_bc
 .text          0x0000000000009cb0      0x27c build/py/objgenerator.o
                0x0000000000009d6c                mp_obj_gen_resume
 .text          0x0000000000009f2c       0x70 build/py/objgetitemiter.o
                0x0000000000009f84                mp_obj_new_getitem_iter
 .text          0x0000000000009f9c      0x3f8 build/py/objint.o
                0x0000000000009f9c                mp_obj_int_unary_op
                0x000000000000a09c                mp_int_format_size
                0x000000000000a0f4                mp_obj_int_formatted
                0x000000000000a1fa                mp_obj_int_print
                0x000000000000a236                mp_obj_int_sign
                0x000000000000a250                mp_obj_new_int_from_str_len
                0x000000000000a264                mp_obj_new_int_from_ll
                0x000000000000a278                mp_obj_new_int_from_ull
                0x000000000000a28c                mp_obj_new_int_from_uint
                0x000000000000a2fa                mp_obj_new_int
                0x000000000000a31c                mp_obj_int_get_truncated
                0x000000000000a320                mp_obj_int_get_checked
                0x000000000000a324                mp_obj_int_binary_op_extra_cases
                0x000000000000a38c                mp_obj_int_binary_op
 .text          0x000000000000a394      0x80c build/py/objlist.o
                0x000000000000a44c                mp_obj_list_append
                0x000000000000a664                mp_obj_list_sort
                0x000000000000a7c4                mp_obj_list_remove
                0x000000000000a96c                mp_obj_list_init
                0x000000000000aaa4                mp_obj_new_list
                0x000000000000ab3c                mp_obj_list_get
                0x000000000000ab46                mp_obj_list_set_len
                0x000000000000ab4a                mp_obj_list_store
 .text          0x000000000000aba0       0xcc build/py/objmap.o
 .text          0x000000000000ac6c      0x114 build/py/objmodule.o
                0x000000000000ace8                mp_obj_new_module
                0x000000000000ad2c                mp_module_get
                0x000000000000ad64                mp_module_register
 .text          0x000000000000ad80       0x18 build/py/objobject.o
 .text          0x000000000000ad98        0x8 build/py/objpolyiter.o
 .text          0x000000000000ada0       0x10 build/py/objnone.o
 .text          0x000000000000adb0      0x194 build/py/objrange.o
 .text          0x000000000000af44       0x10 build/py/objsingleton.o
 .text          0x000000000000af54     0x1bf0 build/py/objstr.o
                0x000000000000aff4                mp_obj_str_get_buffer
                0x000000000000b15c                mp_str_print_quoted
                0x000000000000b2dc                find_subbytes
                0x000000000000b46c                str_index_to_ptr
                0x000000000000b480                mp_obj_new_str_copy
                0x000000000000b4ba                mp_obj_new_str_via_qstr
                0x000000000000b564                mp_obj_new_str_from_vstr
                0x000000000000b5d4                mp_obj_str_binary_op
                0x000000000000bb4c                mp_obj_new_str
                0x000000000000bb70                mp_obj_str_make_new
                0x000000000000bc34                mp_obj_str_intern
                0x000000000000bc5c                mp_obj_new_bytes
                0x000000000000bdac                mp_obj_new_str_of_type
                0x000000000000bf96                mp_obj_str_equal
                0x000000000000c038                mp_obj_str_get_qstr
                0x000000000000c06c                mp_obj_str_get_str
                0x000000000000c0a8                mp_obj_str_get_data
                0x000000000000c0ec                mp_obj_str_split
                0x000000000000cab2                mp_obj_str_format
                0x000000000000cb2c                mp_obj_str_intern_checked
 .text          0x000000000000cb44      0x3f8 build/py/objtuple.o
                0x000000000000cb60                mp_obj_tuple_getiter
                0x000000000000cb7c                mp_obj_tuple_print
                0x000000000000cbe8                mp_obj_tuple_unary_op
                0x000000000000cc48                mp_obj_tuple_subscr
                0x000000000000cce0                mp_obj_new_tuple
                0x000000000000cd20                mp_obj_tuple_binary_op
                0x000000000000cecc                mp_obj_tuple_get
                0x000000000000cf08                mp_obj_tuple_del
 .text          0x000000000000cf3c      0xebc build/py/objtype.o
                0x000000000000d1ec                mp_obj_instance_make_new
                0x000000000000d378                mp_obj_instance_getiter
                0x000000000000d6c4                mp_obj_instance_call
                0x000000000000da88                mp_obj_instance_is_callable
                0x000000000000daba                mp_obj_new_type
                0x000000000000dc58                mp_load_super_method
                0x000000000000dc7c                mp_obj_is_subclass_fast
                0x000000000000ddd4                mp_obj_cast_to_native_base
 .text          0x000000000000ddf8       0xc8 build/py/objzip.o
 .text          0x000000000000dec0       0x5a build/py/opmethods.o
 *fill*         0x000000000000df1a        0x2 
 .text          0x000000000000df1c      0x264 build/py/sequence.o
                0x000000000000df1c                mp_seq_multiply
                0x000000000000df44                mp_seq_extract_slice
                0x000000000000dfaa                mp_seq_cmp_bytes
                0x000000000000e022                mp_seq_cmp_objs
                0x000000000000e0d4                mp_seq_index_obj
                0x000000000000e148                mp_seq_count_obj
 .text          0x000000000000e180      0x614 build/py/binary.o
                0x000000000000e180                mp_binary_get_size
                0x000000000000e48c                mp_binary_get_val_array
                0x000000000000e55a                mp_binary_get_int
                0x000000000000e5b0                mp_binary_get_val
                0x000000000000e64c                mp_binary_set_int
                0x000000000000e67e                mp_binary_set_val
                0x000000000000e704                mp_binary_set_val_array_from_int
                0x000000000000e76c                mp_binary_set_val_array
 .text          0x000000000000e794      0x410 build/py/builtinimport.o
                0x000000000000e858                mp_builtin___import__
                0x000000000000eb88                mp_obj_is_package
 .text          0x000000000000eba4       0x8c build/py/builtinevex.o
 .text          0x000000000000ec30      0x4a8 build/py/modbuiltins.o
 .text          0x000000000000f0d8       0x48 build/py/modmicropython.o
 .text          0x000000000000f120      0xd18 build/py/vm.o
                0x000000000000f120                mp_execute_bytecode
 .text          0x000000000000fe38      0x3a0 build/py/bc.o
                0x000000000000fe38                mp_setup_code_state
 .text          0x00000000000101d8       0x98 build/py/smallint.o
                0x00000000000101d8                mp_small_int_mul_overflow
                0x0000000000010232                mp_small_int_modulo
                0x0000000000010250                mp_small_int_floor_divide
 .text          0x0000000000010270       0xb0 build/py/frozenmod.o
                0x0000000000010270                mp_frozen_stat
                0x00000000000102c4                mp_find_frozen_module
 .text          0x0000000000010320       0xf8 build/main.o
                0x0000000000010320                mp_builtin_open
                0x0000000000010324                do_str
                0x0000000000010378                _start
                0x00000000000103d0                gc_collect
                0x00000000000103f0                mp_lexer_new_from_file
                0x00000000000103f8                mp_import_stat
                0x00000000000103fc                nlr_jump_fail
                0x00000000000103fe                __fatal_error
                0x0000000000010400                __assert_func
 .text          0x0000000000010418       0xf0 build/lib/utils/printf.o
                0x000000000001043a                printf
                0x000000000001045c                vprintf
                0x0000000000010470                putchar
                0x000000000001048c                puts
                0x00000000000104b2                __GI_vsnprintf
                0x00000000000104b2                vsnprintf
                0x00000000000104ec                snprintf
 .text          0x0000000000010508       0x54 build/lib/utils/stdout_helpers.o
                0x0000000000010508                mp_hal_stdout_tx_strn_cooked
                0x0000000000010548                mp_hal_stdout_tx_str
 .text          0x000000000001055c      0x2d6 build/lib/libc/string0.o
                0x000000000001055c                memcpy
                0x00000000000105ba                memmove
                0x00000000000105e4                memset
                0x0000000000010634                memcmp
                0x0000000000010664                memchr
                0x0000000000010684                strlen
                0x000000000001069c                strcmp
                0x00000000000106cc                strncmp
                0x0000000000010716                strcpy
                0x0000000000010732                strncpy
                0x000000000001075e                stpcpy
                0x0000000000010774                strcat
                0x000000000001079c                strchr
                0x00000000000107b8                strstr
                0x00000000000107ee                strspn
                0x0000000000010810                strcspn
 *fill*         0x0000000000010832        0x2 
 .text          0x0000000000010834      0x12c build/system_LPC17xx.o
                0x0000000000010834                SystemCoreClockUpdate
                0x00000000000108ac                SystemInit
 .text          0x0000000000010960       0x50 build/led/lib_led.o
                0x0000000000010960                LED_init
                0x0000000000010984                LED_deinit
                0x0000000000010994                LED_upgrade
 .text          0x00000000000109b0       0x78 build/led/funct_led.o
                0x00000000000109b0                LED_On
                0x00000000000109d4                LED_Off
                0x00000000000109f8                LED_Out
 .text          0x0000000000010a28       0x8a build/delay.o
                0x0000000000010a28                DELAY_us
                0x0000000000010a5e                DELAY_ms
                0x0000000000010a88                DELAY_sec
 .text          0x0000000000010ab2        0x6 build/mhalport.o
                0x0000000000010ab2                mp_hal_stdout_tx_strn
                0x0000000000010ab4                mp_hal_stdin_rx_chr
 .text          0x0000000000010ab8      0x918 build/usbcore.o
                0x0000000000010ab8                USB_ResetCore
                0x0000000000010af0                USB_SetupStage
                0x0000000000010b00                USB_DataInStage
                0x0000000000010b28                USB_DataOutStage
                0x0000000000010b48                USB_StatusInStage
                0x0000000000010b56                USB_StatusOutStage
                0x0000000000010b68                USB_EndPoint0
 .text          0x00000000000113d0      0x4d0 build/usbhw.o
                0x00000000000113d0                EPAdr
                0x00000000000113e2                WrCmd
                0x0000000000011400                WrCmdDat
                0x0000000000011438                WrCmdEP
                0x000000000001147c                RdCmdDat
                0x00000000000114a0                USB_Connect
                0x00000000000114bc                USB_Reset
                0x0000000000011500                USB_Suspend
                0x0000000000011502                USB_Resume
                0x0000000000011504                USB_WakeUp
                0x0000000000011528                USB_WakeUpCfg
                0x000000000001152a                USB_SetAddress
                0x0000000000011550                USB_Init
                0x00000000000115d4                USB_Configure
                0x0000000000011614                USB_ConfigEP
                0x0000000000011654                USB_DirCtrlEP
                0x0000000000011656                USB_EnableEP
                0x0000000000011670                USB_DisableEP
                0x000000000001168c                USB_ResetEP
                0x00000000000116a6                USB_SetStallEP
                0x00000000000116c4                USB_ClrStallEP
                0x00000000000116de                USB_ClearEPBuf
                0x00000000000116ec                USB_ReadEP
                0x000000000001174c                USB_WriteEP
                0x0000000000011798                USB_GetFrame
                0x00000000000117c0                USB_IRQHandler
 .text          0x00000000000118a0       0x60 build/usbuser.o
                0x00000000000118a0                USB_EndPoint1
                0x00000000000118c4                USB_EndPoint2
                0x00000000000118dc                USB_Reset_Event
                0x00000000000118e4                USB_Configure_Event
                0x00000000000118e6                USB_EndPoint3
                0x00000000000118e8                USB_EndPoint4
                0x00000000000118ea                USB_EndPoint5
                0x00000000000118ec                USB_EndPoint6
                0x00000000000118ee                USB_EndPoint7
                0x00000000000118f0                USB_EndPoint8
                0x00000000000118f2                USB_EndPoint9
                0x00000000000118f4                USB_EndPoint10
                0x00000000000118f6                USB_EndPoint11
                0x00000000000118f8                USB_EndPoint12
                0x00000000000118fa                USB_EndPoint13
                0x00000000000118fc                USB_EndPoint14
                0x00000000000118fe                USB_EndPoint15
 .text          0x0000000000011900      0x274 build/cdcuser.o
                0x0000000000011900                CDC_RdOutBuf
                0x0000000000011928                CDC_WrOutBuf
                0x0000000000011950                CDC_OutBufAvailChar
                0x0000000000011968                CDC_SendEncapsulatedCommand
                0x000000000001196c                CDC_GetEncapsulatedResponse
                0x0000000000011970                CDC_SetCommFeature
                0x0000000000011974                CDC_GetCommFeature
                0x0000000000011978                CDC_ClearCommFeature
                0x000000000001197c                CDC_SetLineCoding
                0x00000000000119c8                CDC_GetLineCoding
                0x00000000000119f4                CDC_SetControlLineState
                0x00000000000119f8                CDC_SendBreak
                0x00000000000119fc                CDC_BulkIn
                0x0000000000011a30                CDC_BulkOut
                0x0000000000011a54                CDC_GetSerialState
                0x0000000000011aec                CDC_Init
                0x0000000000011b3c                CDC_NotificationIn
 .text          0x0000000000011b74      0x2f0 build/serial.o
                0x0000000000011b74                ser_OpenPort
                0x0000000000011bb8                ser_ClosePort
                0x0000000000011c00                ser_InitPort0
                0x0000000000011cd4                ser_InitPort1
                0x0000000000011da8                ser_Read
                0x0000000000011dd4                ser_Write
                0x0000000000011e0c                ser_AvailChar
                0x0000000000011e24                ser_LineState
                0x0000000000011e34                UART0_IRQHandler
                0x0000000000011e36                UART1_IRQHandler
                0x0000000000011e38                riceive_Data
 .text          0x0000000000011e64       0x54 build/vcomdemo.o
                0x0000000000011e64                VCOM_Init
                0x0000000000011e6e                VCOM_CheckSerialState
                0x0000000000011e8c                VCOM_Serial2Usb
 .text          0x0000000000011eb8       0x44 build/startup_LPC17xx.o
                0x0000000000011eb8                Reset_Handler
                0x0000000000011ee8                NMI_Handler
                0x0000000000011eea                HardFault_Handler
                0x0000000000011eec                MemManage_Handler
                0x0000000000011eee                BusFault_Handler
                0x0000000000011ef0                UsageFault_Handler
                0x0000000000011ef2                SVC_Handler
                0x0000000000011ef4                DebugMon_Handler
                0x0000000000011ef6                PendSV_Handler
                0x0000000000011ef8                SysTick_Handler
                0x0000000000011efa                TIMER2_IRQHandler
                0x0000000000011efa                RIT_IRQHandler
                0x0000000000011efa                I2C0_IRQHandler
                0x0000000000011efa                USBActivity_IRQHandler
                0x0000000000011efa                PWM1_IRQHandler
                0x0000000000011efa                I2C1_IRQHandler
                0x0000000000011efa                EINT2_IRQHandler
                0x0000000000011efa                EINT3_IRQHandler
                0x0000000000011efa                CANActivity_IRQHandler
                0x0000000000011efa                TIMER3_IRQHandler
                0x0000000000011efa                PLL0_IRQHandler
                0x0000000000011efa                CAN_IRQHandler
                0x0000000000011efa                PLL1_IRQHandler
                0x0000000000011efa                SSP0_IRQHandler
                0x0000000000011efa                I2S_IRQHandler
                0x0000000000011efa                I2C2_IRQHandler
                0x0000000000011efa                RTC_IRQHandler
                0x0000000000011efa                TIMER0_IRQHandler
                0x0000000000011efa                SPI_IRQHandler
                0x0000000000011efa                EINT1_IRQHandler
                0x0000000000011efa                TIMER1_IRQHandler
                0x0000000000011efa                UART2_IRQHandler
                0x0000000000011efa                Default_Handler
                0x0000000000011efa                ADC_IRQHandler
                0x0000000000011efa                SSP1_IRQHandler
                0x0000000000011efa                BOD_IRQHandler
                0x0000000000011efa                WDT_IRQHandler
                0x0000000000011efa                QEI_IRQHandler
                0x0000000000011efa                EINT0_IRQHandler
                0x0000000000011efa                DEF_IRQHandler
                0x0000000000011efa                DMA_IRQHandler
                0x0000000000011efa                UART3_IRQHandler
                0x0000000000011efa                MCPWM_IRQHandler
                0x0000000000011efa                ENET_IRQHandler
 *(.init)
 *(.fini)
 *crtbegin.o(.ctors)
 *crtbegin?.o(.ctors)
 *(EXCLUDE_FILE(*crtend.o *crtend?.o) .ctors)
 *(SORT(.ctors.*))
 *(.ctors)
 *crtbegin.o(.dtors)
 *crtbegin?.o(.dtors)
 *(EXCLUDE_FILE(*crtend.o *crtend?.o) .dtors)
 *(SORT(.dtors.*))
 *(.dtors)
 *(.rodata*)
 .rodata        0x0000000000011efc       0x13 build/py/gc.o
 .rodata.str1.1
                0x0000000000011f0f      0x103 build/py/gc.o
                                        0x105 (size before relaxing)
 *fill*         0x0000000000012012        0x2 
 .rodata        0x0000000000012014      0x358 build/py/qstr.o
                0x000000000001201c                mp_qstr_const_pool
 .rodata.str1.4
                0x000000000001236c      0xc3d build/py/qstr.o
 *fill*         0x0000000000012fa9        0x3 
 .rodata        0x0000000000012fac       0x4c build/py/mpprint.o
                0x0000000000012ff0                mp_plat_print
 .rodata.str1.4
                0x0000000000012ff8       0x87 build/py/mpprint.o
                                         0x8b (size before relaxing)
 *fill*         0x000000000001307f        0x1 
 .rodata        0x0000000000013080       0x80 build/py/unicode.o
 .rodata        0x0000000000013100       0xb4 build/py/lexer.o
 .rodata.str1.4
                0x00000000000131b4      0x12a build/py/lexer.o
                                        0x14a (size before relaxing)
 *fill*         0x00000000000132de        0x2 
 .rodata        0x00000000000132e0      0x4d5 build/py/parse.o
 *fill*         0x00000000000137b5        0x3 
 .rodata.str1.4
                0x00000000000137b8      0x1b5 build/py/parse.o
 *fill*         0x000000000001396d        0x3 
 .rodata        0x0000000000013970       0x30 build/py/scope.o
 .rodata.str1.4
                0x00000000000139a0       0x9b build/py/scope.o
 *fill*         0x0000000000013a3b        0x1 
 .rodata        0x0000000000013a3c      0x361 build/py/compile.o
 *fill*         0x0000000000013d9d        0x3 
 .rodata.str1.4
                0x0000000000013da0      0x895 build/py/compile.o
                                        0x8ed (size before relaxing)
 *fill*         0x0000000000014635        0x3 
 .rodata        0x0000000000014638       0x15 build/py/emitcommon.o
 *fill*         0x000000000001464d        0x3 
 .rodata.str1.4
                0x0000000000014650       0x57 build/py/emitcommon.o
                                         0x63 (size before relaxing)
 *fill*         0x00000000000146a7        0x1 
 .rodata        0x00000000000146a8      0x114 build/py/emitbc.o
                0x00000000000147a4                mp_emit_bc_method_table_delete_id_ops
                0x00000000000147ac                mp_emit_bc_method_table_store_id_ops
                0x00000000000147b4                mp_emit_bc_method_table_load_id_ops
 .rodata.str1.4
                0x00000000000147bc      0x1ec build/py/emitbc.o
 .rodata.str1.4
                0x00000000000149a8       0x2f build/py/parsenum.o
 *fill*         0x00000000000149d7        0x1 
 .rodata        0x00000000000149d8       0x1f build/py/emitglue.o
 *fill*         0x00000000000149f7        0x1 
 .rodata.str1.4
                0x00000000000149f8       0xcd build/py/emitglue.o
 *fill*         0x0000000000014ac5        0x3 
 .rodata        0x0000000000014ac8       0x64 build/py/runtime.o
                0x0000000000014b24                mp_module___main__
 .rodata.str1.4
                0x0000000000014b2c      0x1c2 build/py/runtime.o
 *fill*         0x0000000000014cee        0x2 
 .rodata        0x0000000000014cf0       0x11 build/py/argcheck.o
 *fill*         0x0000000000014d01        0x3 
 .rodata.str1.4
                0x0000000000014d04       0x60 build/py/argcheck.o
 .rodata        0x0000000000014d64       0x54 build/py/map.o
 .rodata.str1.4
                0x0000000000014db8       0x3f build/py/map.o
 *fill*         0x0000000000014df7        0x1 
 .rodata        0x0000000000014df8       0x60 build/py/obj.o
                0x0000000000014e50                mp_identity_obj
 .rodata.str1.4
                0x0000000000014e58       0xd6 build/py/obj.o
                                         0xda (size before relaxing)
 *fill*         0x0000000000014f2e        0x2 
 .rodata        0x0000000000014f30       0x3c build/py/objbool.o
                0x0000000000014f30                mp_type_bool
 .rodata.str1.4
                0x0000000000014f6c        0xe build/py/objbool.o
 .rodata        0x0000000000014f6c       0x3c build/py/objboundmeth.o
 .rodata        0x0000000000014fa8       0x3c build/py/objcell.o
 .rodata        0x0000000000014fe4       0x3c build/py/objclosure.o
                0x0000000000014fe4                closure_type
 .rodata        0x0000000000015020      0x270 build/py/objdict.o
                0x0000000000015144                mp_type_dict
                0x0000000000015280                mp_const_empty_dict_obj
 .rodata.str1.4
                0x0000000000015290      0x29c build/py/objdict.o
                                        0x2a0 (size before relaxing)
 .rodata        0x000000000001552c      0x6cc build/py/objexcept.o
                0x000000000001552c                mp_type_StopIteration
                0x00000000000155f4                mp_type_BaseException
                0x0000000000015694                mp_type_ValueError
                0x00000000000156d0                mp_type_TypeError
                0x000000000001570c                mp_type_IndentationError
                0x0000000000015748                mp_type_SyntaxError
                0x0000000000015784                mp_type_NotImplementedError
                0x00000000000157c0                mp_type_RuntimeError
                0x00000000000157fc                mp_type_OSError
                0x0000000000015838                mp_type_NameError
                0x0000000000015874                mp_type_MemoryError
                0x00000000000158b0                mp_type_KeyError
                0x00000000000158ec                mp_type_IndexError
                0x0000000000015928                mp_type_LookupError
                0x0000000000015964                mp_type_ImportError
                0x00000000000159a0                mp_type_EOFError
                0x00000000000159dc                mp_type_AttributeError
                0x0000000000015a18                mp_type_AssertionError
                0x0000000000015a54                mp_type_ZeroDivisionError
                0x0000000000015a90                mp_type_OverflowError
                0x0000000000015acc                mp_type_ArithmeticError
                0x0000000000015b08                mp_type_Exception
                0x0000000000015b44                mp_type_GeneratorExit
                0x0000000000015b80                mp_type_KeyboardInterrupt
                0x0000000000015bbc                mp_type_SystemExit
 .rodata.str1.4
                0x0000000000015bf8       0x7a build/py/objexcept.o
                                         0x82 (size before relaxing)
 *fill*         0x0000000000015c72        0x2 
 .rodata        0x0000000000015c74      0x1f0 build/py/objfun.o
                0x0000000000015c74                mp_type_fun_builtin_0
                0x0000000000015cc4                mp_type_fun_builtin_1
                0x0000000000015d14                mp_type_fun_builtin_2
                0x0000000000015d64                mp_type_fun_builtin_3
                0x0000000000015db4                mp_type_fun_builtin_var
                0x0000000000015e28                mp_type_fun_bc
 .rodata.str1.4
                0x0000000000015e64      0x160 build/py/objfun.o
 .rodata        0x0000000000015fc4       0xf0 build/py/objgenerator.o
                0x0000000000015fc4                mp_type_gen_instance
                0x0000000000016014                mp_const_GeneratorExit_obj
                0x0000000000016078                mp_type_gen_wrap
 .rodata.str1.4
                0x00000000000160b4       0xd7 build/py/objgenerator.o
                                         0xe3 (size before relaxing)
 *fill*         0x000000000001618b        0x1 
 .rodata        0x000000000001618c       0x3c build/py/objgetitemiter.o
 .rodata        0x00000000000161c8       0xa0 build/py/objint.o
                0x00000000000161c8                mp_type_int
 .rodata.str1.4
                0x0000000000016268       0x48 build/py/objint.o
 .rodata        0x00000000000162b0      0x1b8 build/py/objlist.o
                0x00000000000162b0                mp_type_list
 .rodata.str1.4
                0x0000000000016468      0x13e build/py/objlist.o
                                        0x142 (size before relaxing)
 *fill*         0x00000000000165a6        0x2 
 .rodata        0x00000000000165a8       0x49 build/py/objmap.o
                0x00000000000165a8                mp_type_map
 *fill*         0x00000000000165f1        0x3 
 .rodata.str1.4
                0x00000000000165f4       0x6e build/py/objmap.o
 *fill*         0x0000000000016662        0x2 
 .rodata        0x0000000000016664       0x60 build/py/objmodule.o
                0x0000000000016664                mp_type_module
                0x00000000000166a0                mp_builtin_module_map
 .rodata.str1.4
                0x00000000000166c4        0xe build/py/objmodule.o
                                         0x12 (size before relaxing)
 *fill*         0x00000000000166d2        0x2 
 .rodata        0x00000000000166d4       0x3c build/py/objobject.o
                0x00000000000166d4                mp_type_object
 .rodata        0x0000000000016710       0x3c build/py/objpolyiter.o
                0x0000000000016710                mp_type_polymorph_iter
 .rodata        0x000000000001674c       0x3c build/py/objnone.o
                0x000000000001674c                mp_type_NoneType
 .rodata.str1.4
                0x0000000000016788        0x5 build/py/objnone.o
 .rodata        0x0000000000016788       0x78 build/py/objrange.o
                0x00000000000167c4                mp_type_range
 .rodata.str1.4
                0x0000000000016800       0x1e build/py/objrange.o
                                         0x22 (size before relaxing)
 *fill*         0x000000000001681e        0x2 
 .rodata        0x0000000000016820       0x44 build/py/objsingleton.o
                0x0000000000016820                mp_const_ellipsis_obj
                0x0000000000016828                mp_type_singleton
 .rodata.str1.4
                0x0000000000016864        0x3 build/py/objsingleton.o
 *fill*         0x0000000000016867        0x1 
 .rodata        0x0000000000016868      0x288 build/py/objstr.o
                0x0000000000016868                mp_type_bytes
                0x00000000000168b0                mp_type_str
                0x00000000000168ec                mp_const_empty_bytes_obj
                0x0000000000016a14                str_islower_obj
                0x0000000000016a1c                str_isupper_obj
                0x0000000000016a24                str_isdigit_obj
                0x0000000000016a2c                str_isalpha_obj
                0x0000000000016a34                str_isspace_obj
                0x0000000000016a3c                str_upper_obj
                0x0000000000016a44                str_lower_obj
                0x0000000000016a4c                str_replace_obj
                0x0000000000016a58                str_format_obj
                0x0000000000016a64                str_rstrip_obj
                0x0000000000016a70                str_lstrip_obj
                0x0000000000016a7c                str_strip_obj
                0x0000000000016a88                str_endswith_obj
                0x0000000000016a94                str_startswith_obj
                0x0000000000016aa0                str_rindex_obj
                0x0000000000016aac                str_index_obj
                0x0000000000016ab8                str_rfind_obj
                0x0000000000016ac4                str_find_obj
                0x0000000000016ad0                str_rsplit_obj
                0x0000000000016adc                str_split_obj
                0x0000000000016ae8                str_join_obj
 .rodata.str1.4
                0x0000000000016af0      0x268 build/py/objstr.o
                                        0x269 (size before relaxing)
 .rodata        0x0000000000016d58       0xcc build/py/objtuple.o
                0x0000000000016d58                mp_const_empty_tuple_obj
                0x0000000000016d60                mp_type_tuple
 .rodata.str1.4
                0x0000000000016e24      0x164 build/py/objtuple.o
                                        0x16c (size before relaxing)
 .rodata        0x0000000000016f88      0x1f4 build/py/objtype.o
                0x0000000000016f88                mp_type_type
                0x000000000001703c                mp_type_super
                0x00000000000170a0                mp_type_staticmethod
                0x00000000000170dc                mp_type_classmethod
                0x0000000000017138                mp_binary_op_method_name
                0x0000000000017160                mp_unary_op_method_name
                0x000000000001716c                mp_builtin_isinstance_obj
                0x0000000000017174                mp_builtin_issubclass_obj
 .rodata.str1.4
                0x000000000001717c      0x2e1 build/py/objtype.o
                                        0x2f1 (size before relaxing)
 *fill*         0x000000000001745d        0x3 
 .rodata        0x0000000000017460       0x49 build/py/objzip.o
                0x0000000000017460                mp_type_zip
 *fill*         0x00000000000174a9        0x3 
 .rodata.str1.4
                0x00000000000174ac       0x6e build/py/objzip.o
 *fill*         0x000000000001751a        0x2 
 .rodata        0x000000000001751c       0x20 build/py/opmethods.o
                0x000000000001751c                mp_op_contains_obj
                0x0000000000017524                mp_op_delitem_obj
                0x000000000001752c                mp_op_setitem_obj
                0x0000000000017534                mp_op_getitem_obj
 .rodata.str1.4
                0x000000000001753c        0x6 build/py/sequence.o
 *fill*         0x0000000000017542        0x2 
 .rodata.str1.4
                0x0000000000017544        0xb build/py/binary.o
 *fill*         0x000000000001754f        0x1 
 .rodata        0x0000000000017550       0x24 build/py/builtinimport.o
                0x0000000000017568                mp_builtin___import___obj
 .rodata.str1.4
                0x0000000000017574       0x64 build/py/builtinimport.o
                                         0x68 (size before relaxing)
 .rodata        0x00000000000175d8       0x18 build/py/builtinevex.o
                0x00000000000175d8                mp_builtin_exec_obj
                0x00000000000175e4                mp_builtin_eval_obj
 .rodata        0x00000000000175f0      0x3b4 build/py/modbuiltins.o
                0x000000000001761c                mp_module_builtins
                0x0000000000017624                mp_module_builtins_globals
                0x000000000001789c                mp_builtin_len_obj
                0x00000000000178a4                mp_builtin_id_obj
                0x00000000000178ac                mp_builtin_locals_obj
                0x00000000000178b4                mp_builtin_globals_obj
                0x00000000000178bc                mp_builtin_hasattr_obj
                0x00000000000178c4                mp_builtin_setattr_obj
                0x00000000000178cc                mp_builtin_getattr_obj
                0x00000000000178d8                mp_builtin_sorted_obj
                0x00000000000178e4                mp_builtin_sum_obj
                0x00000000000178f0                mp_builtin_round_obj
                0x00000000000178fc                mp_builtin_repr_obj
                0x0000000000017904                mp_builtin___repl_print___obj
                0x000000000001790c                mp_builtin_print_obj
                0x0000000000017918                mp_builtin_pow_obj
                0x0000000000017924                mp_builtin_ord_obj
                0x000000000001792c                mp_builtin_oct_obj
                0x0000000000017934                mp_builtin_next_obj
                0x000000000001793c                mp_builtin_iter_obj
                0x0000000000017944                mp_builtin_hex_obj
                0x000000000001794c                mp_builtin_hash_obj
                0x0000000000017954                mp_builtin_divmod_obj
                0x000000000001795c                mp_builtin_dir_obj
                0x0000000000017968                mp_builtin_chr_obj
                0x0000000000017970                mp_builtin_callable_obj
                0x0000000000017978                mp_builtin_bin_obj
                0x0000000000017980                mp_builtin_any_obj
                0x0000000000017988                mp_builtin_all_obj
                0x0000000000017990                mp_builtin_abs_obj
                0x0000000000017998                mp_builtin___build_class___obj
 .rodata.str1.4
                0x00000000000179a4       0x55 build/py/modbuiltins.o
                                         0x59 (size before relaxing)
 *fill*         0x00000000000179f9        0x3 
 .rodata        0x00000000000179fc       0x5c build/py/modmicropython.o
                0x00000000000179fc                mp_module_micropython
 .rodata        0x0000000000017a58       0x14 build/py/vm.o
 .rodata.str1.1
                0x0000000000017a6c      0x162 build/py/vm.o
 *fill*         0x0000000000017bce        0x2 
 .rodata.str1.4
                0x0000000000017bd0       0x41 build/py/bc.o
 *fill*         0x0000000000017c11        0x3 
 .rodata        0x0000000000017c14        0xc build/main.o
                0x0000000000017c14                mp_builtin_open_obj
 .rodata.str1.4
                0x0000000000017c20       0x2e build/main.o
 *fill*         0x0000000000017c4e        0x2 
 .rodata.str1.4
                0x0000000000017c50        0x2 build/lib/utils/stdout_helpers.o
 *fill*         0x0000000000017c52        0x2 
 .rodata        0x0000000000017c54       0xd0 build/build/_frozen_mpy.o
                0x0000000000017c54                mp_frozen_mpy_content
                0x0000000000017c58                mp_frozen_mpy_names
                0x0000000000017c68                raw_code_frozentest__lt_module_gt_
                0x0000000000017d08                mp_qstr_frozen_const_pool
 .rodata.str1.4
                0x0000000000017d24       0x74 build/build/_frozen_mpy.o
 .rodata        0x0000000000017d98       0x20 build/led/funct_led.o
                0x0000000000017d98                led_mask
 .rodata        0x0000000000017db8       0xbe build/usbdesc.o
                0x0000000000017db8                USB_StringDescriptor
                0x0000000000017e20                USB_ConfigDescriptor
                0x0000000000017e64                USB_DeviceDescriptor
 *fill*         0x0000000000017e76        0x2 
 .rodata        0x0000000000017e78       0x40 build/usbuser.o
                0x0000000000017e78                USB_P_EP
 *(.eh_frame*)

.glue_7         0x0000000000017eb8        0x0
 .glue_7        0x0000000000017eb8        0x0 linker stubs

.glue_7t        0x0000000000017eb8        0x0
 .glue_7t       0x0000000000017eb8        0x0 linker stubs

.vfp11_veneer   0x0000000000017eb8        0x0
 .vfp11_veneer  0x0000000000017eb8        0x0 linker stubs

.v4_bx          0x0000000000017eb8        0x0
 .v4_bx         0x0000000000017eb8        0x0 linker stubs

.iplt           0x0000000000017eb8        0x0
 .iplt          0x0000000000017eb8        0x0 build/py/nlr.o

.rel.dyn        0x0000000000017eb8        0x0
 .rel.iplt      0x0000000000017eb8        0x0 build/py/nlr.o

.ARM.extab
 *(.ARM.extab* .gnu.linkonce.armextab.*)
                0x0000000000017eb8                __exidx_start = .

.ARM.exidx
 *(.ARM.exidx* .gnu.linkonce.armexidx.*)
                0x0000000000017eb8                __exidx_end = .
                0x0000000000017eb8                __etext = .

.data           0x00000000100000c8       0x10 load address 0x0000000000017eb8
                0x00000000100000c8                __data_start__ = .
                0x00000000100000c8                Image$$RW_IRAM1$$Base = .
 *(vtable)
 *(.data*)
 .data          0x00000000100000c8        0x4 build/system_LPC17xx.o
                0x00000000100000c8                SystemCoreClock
 .data          0x00000000100000cc        0xa build/cdcuser.o
                0x00000000100000cc                CDC_LineCoding
                0x00000000100000d4                CDC_DepInEmpty
                0x00000000100000d8                . = ALIGN (0x4)
 *fill*         0x00000000100000d6        0x2 
                [!provide]                        PROVIDE (__preinit_array_start, .)
 *(.preinit_array)
                [!provide]                        PROVIDE (__preinit_array_end, .)
                0x00000000100000d8                . = ALIGN (0x4)
                [!provide]                        PROVIDE (__init_array_start, .)
 *(SORT(.init_array.*))
 *(.init_array)
                [!provide]                        PROVIDE (__init_array_end, .)
                0x00000000100000d8                . = ALIGN (0x4)
                [!provide]                        PROVIDE (__fini_array_start, .)
 *(SORT(.fini_array.*))
 *(.fini_array)
                [!provide]                        PROVIDE (__fini_array_end, .)
                0x00000000100000d8                . = ALIGN (0x4)
                0x00000000100000d8                __data_end__ = .

.igot.plt       0x00000000100000d8        0x0 load address 0x0000000000017ec8
 .igot.plt      0x00000000100000d8        0x0 build/py/nlr.o

.bss            0x00000000100000d8      0x424 load address 0x0000000000017ec8
                0x00000000100000d8                __bss_start__ = .
 *(.bss*)
 .bss           0x00000000100000d8        0x1 build/led/lib_led.o
                0x00000000100000d8                led_value
 *fill*         0x00000000100000d9        0x1 
 .bss           0x00000000100000da        0x2 build/usbuser.o
 .bss           0x00000000100000dc        0x2 build/cdcuser.o
                0x00000000100000dc                CDC_SerialState
 *fill*         0x00000000100000de        0x2 
 .bss           0x00000000100000e0       0x44 build/vcomdemo.o
 *(COMMON)
 COMMON         0x0000000010000124      0x1b4 build/py/mpstate.o
                0x0000000010000124                mp_state_ctx
 COMMON         0x00000000100002d8       0x36 build/usbcore.o
                0x00000000100002d8                USB_AltSetting
                0x00000000100002dc                EP0Buf
                0x00000000100002e4                USB_EndPointMask
                0x00000000100002e8                USB_DeviceAddress
                0x00000000100002ec                USB_EndPointStall
                0x00000000100002f0                USB_EndPointHalt
                0x00000000100002f4                USB_Configuration
                0x00000000100002f8                SetupPacket
                0x0000000010000300                USB_NumInterfaces
                0x0000000010000304                EP0Data
                0x000000001000030c                USB_DeviceStatus
 *fill*         0x000000001000030e        0x2 
 COMMON         0x0000000010000310       0xd4 build/cdcuser.o
                0x0000000010000310                BulkBufOut
                0x0000000010000350                NotificationBuf
                0x000000001000035c                BulkBufIn
                0x000000001000039c                CDC_OutBuf
 COMMON         0x00000000100003e4      0x118 build/serial.o
                0x00000000100003e4                ser_in
                0x000000001000046c                ser_txRestart
                0x0000000010000470                ser_lineState
                0x0000000010000474                ser_out
                0x00000000100004fc                __bss_end__ = .
                0x00000000100004fc                Image$$RW_IRAM1$$ZI$$Limit = .

.heap           0x0000000010000500      0x800
                0x0000000010000500                __end__ = .
                0x0000000010000500                end = __end__
 *(.heap*)
 .heap          0x0000000010000500      0x800 build/startup_LPC17xx.o
                0x0000000010000500                __HeapBase
                0x0000000010000d00                __HeapLimit = .

.stack_dummy    0x0000000010000500      0xc00
 *(.stack)
 .stack         0x0000000010000500      0xc00 build/startup_LPC17xx.o
                0x0000000010008000                __StackTop = (ORIGIN (RAM) + LENGTH (RAM))
                0x0000000010007400                __StackLimit = (__StackTop - SIZEOF (.stack_dummy))
                [!provide]                        PROVIDE (__stack, __StackTop)
                0x0000000000000001                ASSERT ((__StackLimit >= __HeapLimit), region RAM overflowed with stack)

.comment        0x0000000000000000       0x31
 .comment       0x0000000000000000       0x31 build/py/mpstate.o
                                         0x32 (size before relaxing)
 .comment       0x0000000000000031       0x32 build/py/nlr.o
 .comment       0x0000000000000031       0x32 build/py/nlrthumb.o
 .comment       0x0000000000000031       0x32 build/py/malloc.o
 .comment       0x0000000000000031       0x32 build/py/gc.o
 .comment       0x0000000000000031       0x32 build/py/qstr.o
 .comment       0x0000000000000031       0x32 build/py/vstr.o
 .comment       0x0000000000000031       0x32 build/py/mpprint.o
 .comment       0x0000000000000031       0x32 build/py/unicode.o
 .comment       0x0000000000000031       0x32 build/py/reader.o
 .comment       0x0000000000000031       0x32 build/py/lexer.o
 .comment       0x0000000000000031       0x32 build/py/parse.o
 .comment       0x0000000000000031       0x32 build/py/scope.o
 .comment       0x0000000000000031       0x32 build/py/compile.o
 .comment       0x0000000000000031       0x32 build/py/emitcommon.o
 .comment       0x0000000000000031       0x32 build/py/emitbc.o
 .comment       0x0000000000000031       0x32 build/py/parsenumbase.o
 .comment       0x0000000000000031       0x32 build/py/parsenum.o
 .comment       0x0000000000000031       0x32 build/py/emitglue.o
 .comment       0x0000000000000031       0x32 build/py/runtime.o
 .comment       0x0000000000000031       0x32 build/py/argcheck.o
 .comment       0x0000000000000031       0x32 build/py/map.o
 .comment       0x0000000000000031       0x32 build/py/obj.o
 .comment       0x0000000000000031       0x32 build/py/objbool.o
 .comment       0x0000000000000031       0x32 build/py/objboundmeth.o
 .comment       0x0000000000000031       0x32 build/py/objcell.o
 .comment       0x0000000000000031       0x32 build/py/objclosure.o
 .comment       0x0000000000000031       0x32 build/py/objdict.o
 .comment       0x0000000000000031       0x32 build/py/objexcept.o
 .comment       0x0000000000000031       0x32 build/py/objfun.o
 .comment       0x0000000000000031       0x32 build/py/objgenerator.o
 .comment       0x0000000000000031       0x32 build/py/objgetitemiter.o
 .comment       0x0000000000000031       0x32 build/py/objint.o
 .comment       0x0000000000000031       0x32 build/py/objlist.o
 .comment       0x0000000000000031       0x32 build/py/objmap.o
 .comment       0x0000000000000031       0x32 build/py/objmodule.o
 .comment       0x0000000000000031       0x32 build/py/objobject.o
 .comment       0x0000000000000031       0x32 build/py/objpolyiter.o
 .comment       0x0000000000000031       0x32 build/py/objnone.o
 .comment       0x0000000000000031       0x32 build/py/objrange.o
 .comment       0x0000000000000031       0x32 build/py/objsingleton.o
 .comment       0x0000000000000031       0x32 build/py/objstr.o
 .comment       0x0000000000000031       0x32 build/py/objtuple.o
 .comment       0x0000000000000031       0x32 build/py/objtype.o
 .comment       0x0000000000000031       0x32 build/py/objzip.o
 .comment       0x0000000000000031       0x32 build/py/opmethods.o
 .comment       0x0000000000000031       0x32 build/py/sequence.o
 .comment       0x0000000000000031       0x32 build/py/binary.o
 .comment       0x0000000000000031       0x32 build/py/builtinimport.o
 .comment       0x0000000000000031       0x32 build/py/builtinevex.o
 .comment       0x0000000000000031       0x32 build/py/modbuiltins.o
 .comment       0x0000000000000031       0x32 build/py/modmicropython.o
 .comment       0x0000000000000031       0x32 build/py/vm.o
 .comment       0x0000000000000031       0x32 build/py/bc.o
 .comment       0x0000000000000031       0x32 build/py/smallint.o
 .comment       0x0000000000000031       0x32 build/py/frozenmod.o
 .comment       0x0000000000000031       0x32 build/main.o
 .comment       0x0000000000000031       0x32 build/lib/utils/printf.o
 .comment       0x0000000000000031       0x32 build/lib/utils/stdout_helpers.o
 .comment       0x0000000000000031       0x32 build/lib/libc/string0.o
 .comment       0x0000000000000031       0x32 build/build/_frozen_mpy.o
 .comment       0x0000000000000031       0x32 build/system_LPC17xx.o
 .comment       0x0000000000000031       0x32 build/led/lib_led.o
 .comment       0x0000000000000031       0x32 build/led/funct_led.o
 .comment       0x0000000000000031       0x32 build/delay.o
 .comment       0x0000000000000031       0x32 build/mhalport.o
 .comment       0x0000000000000031       0x32 build/usbcore.o
 .comment       0x0000000000000031       0x32 build/usbdesc.o
 .comment       0x0000000000000031       0x32 build/usbhw.o
 .comment       0x0000000000000031       0x32 build/usbuser.o
 .comment       0x0000000000000031       0x32 build/cdcuser.o
 .comment       0x0000000000000031       0x32 build/serial.o
 .comment       0x0000000000000031       0x32 build/vcomdemo.o

.ARM.attributes
                0x0000000000000000       0x31
 .ARM.attributes
                0x0000000000000000       0x33 build/py/mpstate.o
 .ARM.attributes
                0x0000000000000033       0x33 build/py/nlr.o
 .ARM.attributes
                0x0000000000000066       0x33 build/py/nlrthumb.o
 .ARM.attributes
                0x0000000000000099       0x33 build/py/malloc.o
 .ARM.attributes
                0x00000000000000cc       0x33 build/py/gc.o
 .ARM.attributes
                0x00000000000000ff       0x33 build/py/qstr.o
 .ARM.attributes
                0x0000000000000132       0x33 build/py/vstr.o
 .ARM.attributes
                0x0000000000000165       0x33 build/py/mpprint.o
 .ARM.attributes
                0x0000000000000198       0x33 build/py/unicode.o
 .ARM.attributes
                0x00000000000001cb       0x33 build/py/reader.o
 .ARM.attributes
                0x00000000000001fe       0x33 build/py/lexer.o
 .ARM.attributes
                0x0000000000000231       0x33 build/py/parse.o
 .ARM.attributes
                0x0000000000000264       0x33 build/py/scope.o
 .ARM.attributes
                0x0000000000000297       0x33 build/py/compile.o
 .ARM.attributes
                0x00000000000002ca       0x33 build/py/emitcommon.o
 .ARM.attributes
                0x00000000000002fd       0x33 build/py/emitbc.o
 .ARM.attributes
                0x0000000000000330       0x33 build/py/parsenumbase.o
 .ARM.attributes
                0x0000000000000363       0x33 build/py/parsenum.o
 .ARM.attributes
                0x0000000000000396       0x33 build/py/emitglue.o
 .ARM.attributes
                0x00000000000003c9       0x33 build/py/runtime.o
 .ARM.attributes
                0x00000000000003fc       0x33 build/py/argcheck.o
 .ARM.attributes
                0x000000000000042f       0x33 build/py/map.o
 .ARM.attributes
                0x0000000000000462       0x33 build/py/obj.o
 .ARM.attributes
                0x0000000000000495       0x33 build/py/objbool.o
 .ARM.attributes
                0x00000000000004c8       0x33 build/py/objboundmeth.o
 .ARM.attributes
                0x00000000000004fb       0x33 build/py/objcell.o
 .ARM.attributes
                0x000000000000052e       0x33 build/py/objclosure.o
 .ARM.attributes
                0x0000000000000561       0x33 build/py/objdict.o
 .ARM.attributes
                0x0000000000000594       0x33 build/py/objexcept.o
 .ARM.attributes
                0x00000000000005c7       0x33 build/py/objfun.o
 .ARM.attributes
                0x00000000000005fa       0x33 build/py/objgenerator.o
 .ARM.attributes
                0x000000000000062d       0x33 build/py/objgetitemiter.o
 .ARM.attributes
                0x0000000000000660       0x33 build/py/objint.o
 .ARM.attributes
                0x0000000000000693       0x33 build/py/objlist.o
 .ARM.attributes
                0x00000000000006c6       0x33 build/py/objmap.o
 .ARM.attributes
                0x00000000000006f9       0x33 build/py/objmodule.o
 .ARM.attributes
                0x000000000000072c       0x33 build/py/objobject.o
 .ARM.attributes
                0x000000000000075f       0x33 build/py/objpolyiter.o
 .ARM.attributes
                0x0000000000000792       0x33 build/py/objnone.o
 .ARM.attributes
                0x00000000000007c5       0x33 build/py/objrange.o
 .ARM.attributes
                0x00000000000007f8       0x33 build/py/objsingleton.o
 .ARM.attributes
                0x000000000000082b       0x33 build/py/objstr.o
 .ARM.attributes
                0x000000000000085e       0x33 build/py/objtuple.o
 .ARM.attributes
                0x0000000000000891       0x33 build/py/objtype.o
 .ARM.attributes
                0x00000000000008c4       0x33 build/py/objzip.o
 .ARM.attributes
                0x00000000000008f7       0x33 build/py/opmethods.o
 .ARM.attributes
                0x000000000000092a       0x33 build/py/sequence.o
 .ARM.attributes
                0x000000000000095d       0x33 build/py/binary.o
 .ARM.attributes
                0x0000000000000990       0x33 build/py/builtinimport.o
 .ARM.attributes
                0x00000000000009c3       0x33 build/py/builtinevex.o
 .ARM.attributes
                0x00000000000009f6       0x33 build/py/modbuiltins.o
 .ARM.attributes
                0x0000000000000a29       0x33 build/py/modmicropython.o
 .ARM.attributes
                0x0000000000000a5c       0x33 build/py/vm.o
 .ARM.attributes
                0x0000000000000a8f       0x33 build/py/bc.o
 .ARM.attributes
                0x0000000000000ac2       0x33 build/py/smallint.o
 .ARM.attributes
                0x0000000000000af5       0x33 build/py/frozenmod.o
 .ARM.attributes
                0x0000000000000b28       0x33 build/main.o
 .ARM.attributes
                0x0000000000000b5b       0x33 build/lib/utils/printf.o
 .ARM.attributes
                0x0000000000000b8e       0x33 build/lib/utils/stdout_helpers.o
 .ARM.attributes
                0x0000000000000bc1       0x33 build/lib/libc/string0.o
 .ARM.attributes
                0x0000000000000bf4       0x33 build/build/_frozen_mpy.o
 .ARM.attributes
                0x0000000000000c27       0x33 build/system_LPC17xx.o
 .ARM.attributes
                0x0000000000000c5a       0x33 build/led/lib_led.o
 .ARM.attributes
                0x0000000000000c8d       0x33 build/led/funct_led.o
 .ARM.attributes
                0x0000000000000cc0       0x33 build/delay.o
 .ARM.attributes
                0x0000000000000cf3       0x33 build/mhalport.o
 .ARM.attributes
                0x0000000000000d26       0x33 build/usbcore.o
 .ARM.attributes
                0x0000000000000d59       0x33 build/usbdesc.o
 .ARM.attributes
                0x0000000000000d8c       0x33 build/usbhw.o
 .ARM.attributes
                0x0000000000000dbf       0x33 build/usbuser.o
 .ARM.attributes
                0x0000000000000df2       0x33 build/cdcuser.o
 .ARM.attributes
                0x0000000000000e25       0x33 build/serial.o
 .ARM.attributes
                0x0000000000000e58       0x33 build/vcomdemo.o
 .ARM.attributes
                0x0000000000000e8b       0x1b build/startup_LPC17xx.o

.AHBSRAM0       0x000000002007c000        0x0
                0x000000002007c000                Image$$RW_IRAM2$$Base = .
 *(AHBSRAM0)
                0x000000002007c000                Image$$RW_IRAM2$$ZI$$Limit = .

.AHBSRAM1       0x0000000020080000        0x0
                0x0000000020080000                Image$$RW_IRAM3$$Base = .
 *(AHBSRAM1)
                0x0000000020080000                Image$$RW_IRAM3$$ZI$$Limit = .
LOAD build/py/mpstate.o
LOAD build/py/nlr.o
LOAD build/py/nlrx86.o
LOAD build/py/nlrx64.o
LOAD build/py/nlrthumb.o
LOAD build/py/nlrpowerpc.o
LOAD build/py/nlrxtensa.o
LOAD build/py/nlrsetjmp.o
LOAD build/py/malloc.o
LOAD build/py/gc.o
LOAD build/py/pystack.o
LOAD build/py/qstr.o
LOAD build/py/vstr.o
LOAD build/py/mpprint.o
LOAD build/py/unicode.o
LOAD build/py/mpz.o
LOAD build/py/reader.o
LOAD build/py/lexer.o
LOAD build/py/parse.o
LOAD build/py/scope.o
LOAD build/py/compile.o
LOAD build/py/emitcommon.o
LOAD build/py/emitbc.o
LOAD build/py/asmbase.o
LOAD build/py/asmx64.o
LOAD build/py/emitnx64.o
LOAD build/py/asmx86.o
LOAD build/py/emitnx86.o
LOAD build/py/asmthumb.o
LOAD build/py/emitnthumb.o
LOAD build/py/emitinlinethumb.o
LOAD build/py/asmarm.o
LOAD build/py/emitnarm.o
LOAD build/py/asmxtensa.o
LOAD build/py/emitnxtensa.o
LOAD build/py/emitinlinextensa.o
LOAD build/py/emitnxtensawin.o
LOAD build/py/formatfloat.o
LOAD build/py/parsenumbase.o
LOAD build/py/parsenum.o
LOAD build/py/emitglue.o
LOAD build/py/persistentcode.o
LOAD build/py/runtime.o
LOAD build/py/runtime_utils.o
LOAD build/py/scheduler.o
LOAD build/py/nativeglue.o
LOAD build/py/pairheap.o
LOAD build/py/ringbuf.o
LOAD build/py/stackctrl.o
LOAD build/py/argcheck.o
LOAD build/py/warning.o
LOAD build/py/profile.o
LOAD build/py/map.o
LOAD build/py/obj.o
LOAD build/py/objarray.o
LOAD build/py/objattrtuple.o
LOAD build/py/objbool.o
LOAD build/py/objboundmeth.o
LOAD build/py/objcell.o
LOAD build/py/objclosure.o
LOAD build/py/objcomplex.o
LOAD build/py/objdeque.o
LOAD build/py/objdict.o
LOAD build/py/objenumerate.o
LOAD build/py/objexcept.o
LOAD build/py/objfilter.o
LOAD build/py/objfloat.o
LOAD build/py/objfun.o
LOAD build/py/objgenerator.o
LOAD build/py/objgetitemiter.o
LOAD build/py/objint.o
LOAD build/py/objint_longlong.o
LOAD build/py/objint_mpz.o
LOAD build/py/objlist.o
LOAD build/py/objmap.o
LOAD build/py/objmodule.o
LOAD build/py/objobject.o
LOAD build/py/objpolyiter.o
LOAD build/py/objproperty.o
LOAD build/py/objnone.o
LOAD build/py/objnamedtuple.o
LOAD build/py/objrange.o
LOAD build/py/objreversed.o
LOAD build/py/objset.o
LOAD build/py/objsingleton.o
LOAD build/py/objslice.o
LOAD build/py/objstr.o
LOAD build/py/objstrunicode.o
LOAD build/py/objstringio.o
LOAD build/py/objtuple.o
LOAD build/py/objtype.o
LOAD build/py/objzip.o
LOAD build/py/opmethods.o
LOAD build/py/sequence.o
LOAD build/py/stream.o
LOAD build/py/binary.o
LOAD build/py/builtinimport.o
LOAD build/py/builtinevex.o
LOAD build/py/builtinhelp.o
LOAD build/py/modarray.o
LOAD build/py/modbuiltins.o
LOAD build/py/modcollections.o
LOAD build/py/modgc.o
LOAD build/py/modio.o
LOAD build/py/modmath.o
LOAD build/py/modcmath.o
LOAD build/py/modmicropython.o
LOAD build/py/modstruct.o
LOAD build/py/modsys.o
LOAD build/py/moduerrno.o
LOAD build/py/modthread.o
LOAD build/py/vm.o
LOAD build/py/bc.o
LOAD build/py/showbc.o
LOAD build/py/repl.o
LOAD build/py/smallint.o
LOAD build/py/frozenmod.o
LOAD build/main.o
LOAD build/cmsis_nvic.o
LOAD build/lib/utils/printf.o
LOAD build/lib/utils/stdout_helpers.o
LOAD build/lib/utils/pyexec.o
LOAD build/lib/mp-readline/readline.o
LOAD build/lib/libc/string0.o
LOAD build/build/_frozen_mpy.o
LOAD build/system_LPC17xx.o
LOAD build/led/lib_led.o
LOAD build/led/funct_led.o
LOAD build/delay.o
LOAD build/mhalport.o
LOAD build/usbcore.o
LOAD build/usbdesc.o
LOAD build/usbhw.o
LOAD build/usbuser.o
LOAD build/cdcuser.o
LOAD build/serial.o
LOAD build/vcomdemo.o
LOAD build/startup_LPC17xx.o
OUTPUT(build/firmware.elf elf32-littlearm)

Cross Reference Table

Symbol                                            File
ADC_IRQHandler                                    build/startup_LPC17xx.o
BOD_IRQHandler                                    build/startup_LPC17xx.o
BulkBufIn                                         build/cdcuser.o
BulkBufOut                                        build/cdcuser.o
BusFault_Handler                                  build/startup_LPC17xx.o
CANActivity_IRQHandler                            build/startup_LPC17xx.o
CAN_IRQHandler                                    build/startup_LPC17xx.o
CDC_BulkIn                                        build/cdcuser.o
                                                  build/usbuser.o
CDC_BulkOut                                       build/cdcuser.o
                                                  build/usbuser.o
CDC_ClearCommFeature                              build/cdcuser.o
                                                  build/usbcore.o
CDC_DepInEmpty                                    build/cdcuser.o
CDC_GetCommFeature                                build/cdcuser.o
                                                  build/usbcore.o
CDC_GetEncapsulatedResponse                       build/cdcuser.o
                                                  build/usbcore.o
CDC_GetLineCoding                                 build/cdcuser.o
                                                  build/usbcore.o
CDC_GetSerialState                                build/cdcuser.o
                                                  build/vcomdemo.o
                                                  build/usbuser.o
CDC_Init                                          build/cdcuser.o
                                                  build/vcomdemo.o
CDC_LineCoding                                    build/cdcuser.o
CDC_NotificationIn                                build/cdcuser.o
                                                  build/vcomdemo.o
                                                  build/usbuser.o
CDC_OutBuf                                        build/cdcuser.o
CDC_OutBufAvailChar                               build/cdcuser.o
CDC_RdOutBuf                                      build/cdcuser.o
CDC_SendBreak                                     build/cdcuser.o
                                                  build/usbcore.o
CDC_SendEncapsulatedCommand                       build/cdcuser.o
                                                  build/usbcore.o
CDC_SerialState                                   build/cdcuser.o
CDC_SetCommFeature                                build/cdcuser.o
                                                  build/usbcore.o
CDC_SetControlLineState                           build/cdcuser.o
                                                  build/usbcore.o
CDC_SetLineCoding                                 build/cdcuser.o
                                                  build/usbcore.o
CDC_WrOutBuf                                      build/cdcuser.o
DEF_IRQHandler                                    build/startup_LPC17xx.o
DELAY_ms                                          build/delay.o
                                                  build/main.o
DELAY_sec                                         build/delay.o
DELAY_us                                          build/delay.o
DMA_IRQHandler                                    build/startup_LPC17xx.o
DebugMon_Handler                                  build/startup_LPC17xx.o
Default_Handler                                   build/startup_LPC17xx.o
EINT0_IRQHandler                                  build/startup_LPC17xx.o
EINT1_IRQHandler                                  build/startup_LPC17xx.o
EINT2_IRQHandler                                  build/startup_LPC17xx.o
EINT3_IRQHandler                                  build/startup_LPC17xx.o
ENET_IRQHandler                                   build/startup_LPC17xx.o
EP0Buf                                            build/usbcore.o
                                                  build/cdcuser.o
EP0Data                                           build/usbcore.o
EPAdr                                             build/usbhw.o
HardFault_Handler                                 build/startup_LPC17xx.o
I2C0_IRQHandler                                   build/startup_LPC17xx.o
I2C1_IRQHandler                                   build/startup_LPC17xx.o
I2C2_IRQHandler                                   build/startup_LPC17xx.o
I2S_IRQHandler                                    build/startup_LPC17xx.o
LED_Off                                           build/led/funct_led.o
                                                  build/main.o
LED_On                                            build/led/funct_led.o
                                                  build/main.o
LED_Out                                           build/led/funct_led.o
LED_deinit                                        build/led/lib_led.o
LED_init                                          build/led/lib_led.o
                                                  build/main.o
LED_upgrade                                       build/led/lib_led.o
MCPWM_IRQHandler                                  build/startup_LPC17xx.o
MemManage_Handler                                 build/startup_LPC17xx.o
NMI_Handler                                       build/startup_LPC17xx.o
NVIC_GetVector                                    build/cmsis_nvic.o
NVIC_SetVector                                    build/cmsis_nvic.o
NotificationBuf                                   build/cdcuser.o
PLL0_IRQHandler                                   build/startup_LPC17xx.o
PLL1_IRQHandler                                   build/startup_LPC17xx.o
PWM1_IRQHandler                                   build/startup_LPC17xx.o
PendSV_Handler                                    build/startup_LPC17xx.o
QEI_IRQHandler                                    build/startup_LPC17xx.o
RIT_IRQHandler                                    build/startup_LPC17xx.o
RTC_IRQHandler                                    build/startup_LPC17xx.o
RdCmdDat                                          build/usbhw.o
Reset_Handler                                     build/startup_LPC17xx.o
SPI_IRQHandler                                    build/startup_LPC17xx.o
SSP0_IRQHandler                                   build/startup_LPC17xx.o
SSP1_IRQHandler                                   build/startup_LPC17xx.o
SVC_Handler                                       build/startup_LPC17xx.o
SetupPacket                                       build/usbcore.o
SysTick_Handler                                   build/startup_LPC17xx.o
SystemCoreClock                                   build/system_LPC17xx.o
                                                  build/serial.o
SystemCoreClockUpdate                             build/system_LPC17xx.o
SystemInit                                        build/system_LPC17xx.o
                                                  build/startup_LPC17xx.o
TIMER0_IRQHandler                                 build/startup_LPC17xx.o
TIMER1_IRQHandler                                 build/startup_LPC17xx.o
TIMER2_IRQHandler                                 build/startup_LPC17xx.o
TIMER3_IRQHandler                                 build/startup_LPC17xx.o
UART0_IRQHandler                                  build/serial.o
UART1_IRQHandler                                  build/serial.o
UART2_IRQHandler                                  build/startup_LPC17xx.o
UART3_IRQHandler                                  build/startup_LPC17xx.o
USBActivity_IRQHandler                            build/startup_LPC17xx.o
USB_AltSetting                                    build/usbcore.o
USB_ClearEPBuf                                    build/usbhw.o
USB_ClrStallEP                                    build/usbhw.o
                                                  build/usbcore.o
USB_ConfigDescriptor                              build/usbdesc.o
                                                  build/usbcore.o
USB_ConfigEP                                      build/usbhw.o
                                                  build/usbcore.o
USB_Configuration                                 build/usbcore.o
                                                  build/main.o
USB_Configure                                     build/usbhw.o
                                                  build/usbcore.o
USB_Configure_Event                               build/usbuser.o
                                                  build/usbcore.o
USB_Connect                                       build/usbhw.o
                                                  build/main.o
USB_DataInStage                                   build/usbcore.o
USB_DataOutStage                                  build/usbcore.o
USB_DeviceAddress                                 build/usbcore.o
USB_DeviceDescriptor                              build/usbdesc.o
                                                  build/usbcore.o
USB_DeviceStatus                                  build/usbcore.o
                                                  build/usbhw.o
USB_DirCtrlEP                                     build/usbhw.o
                                                  build/usbcore.o
USB_DisableEP                                     build/usbhw.o
                                                  build/usbcore.o
USB_EnableEP                                      build/usbhw.o
                                                  build/usbcore.o
USB_EndPoint0                                     build/usbcore.o
                                                  build/usbuser.o
USB_EndPoint1                                     build/usbuser.o
USB_EndPoint10                                    build/usbuser.o
USB_EndPoint11                                    build/usbuser.o
USB_EndPoint12                                    build/usbuser.o
USB_EndPoint13                                    build/usbuser.o
USB_EndPoint14                                    build/usbuser.o
USB_EndPoint15                                    build/usbuser.o
USB_EndPoint2                                     build/usbuser.o
USB_EndPoint3                                     build/usbuser.o
USB_EndPoint4                                     build/usbuser.o
USB_EndPoint5                                     build/usbuser.o
USB_EndPoint6                                     build/usbuser.o
USB_EndPoint7                                     build/usbuser.o
USB_EndPoint8                                     build/usbuser.o
USB_EndPoint9                                     build/usbuser.o
USB_EndPointHalt                                  build/usbcore.o
USB_EndPointMask                                  build/usbcore.o
USB_EndPointStall                                 build/usbcore.o
USB_GetFrame                                      build/usbhw.o
USB_IRQHandler                                    build/usbhw.o
USB_Init                                          build/usbhw.o
                                                  build/main.o
USB_NumInterfaces                                 build/usbcore.o
USB_P_EP                                          build/usbuser.o
                                                  build/usbhw.o
USB_ReadEP                                        build/usbhw.o
                                                  build/cdcuser.o
                                                  build/usbcore.o
USB_Reset                                         build/usbhw.o
USB_ResetCore                                     build/usbcore.o
                                                  build/usbuser.o
USB_ResetEP                                       build/usbhw.o
                                                  build/usbcore.o
USB_Reset_Event                                   build/usbuser.o
                                                  build/usbhw.o
USB_Resume                                        build/usbhw.o
USB_SetAddress                                    build/usbhw.o
                                                  build/usbcore.o
USB_SetStallEP                                    build/usbhw.o
                                                  build/usbcore.o
USB_SetupStage                                    build/usbcore.o
USB_StatusInStage                                 build/usbcore.o
USB_StatusOutStage                                build/usbcore.o
USB_StringDescriptor                              build/usbdesc.o
                                                  build/usbcore.o
USB_Suspend                                       build/usbhw.o
USB_WakeUp                                        build/usbhw.o
USB_WakeUpCfg                                     build/usbhw.o
                                                  build/usbcore.o
USB_WriteEP                                       build/usbhw.o
                                                  build/vcomdemo.o
                                                  build/cdcuser.o
                                                  build/usbcore.o
UsageFault_Handler                                build/startup_LPC17xx.o
VCOM_CheckSerialState                             build/vcomdemo.o
VCOM_Init                                         build/vcomdemo.o
                                                  build/main.o
VCOM_Serial2Usb                                   build/vcomdemo.o
                                                  build/main.o
WDT_IRQHandler                                    build/startup_LPC17xx.o
WrCmd                                             build/usbhw.o
WrCmdDat                                          build/usbhw.o
WrCmdEP                                           build/usbhw.o
__GI_vsnprintf                                    build/lib/utils/printf.o
__HEAP_SIZE                                       build/startup_LPC17xx.o
__HeapBase                                        build/startup_LPC17xx.o